zoo2-1  | 2024-04-05 19:06:50,896 [myid:] - INFO  [QuorumPeer[myid=2](plain=0.0.0.0:2181)(secure=disabled):o.a.z.s.u.RequestPathMetricsCollector@112] - zookeeper.pathStats.initialDelay = 5
zoo3-1  | 2024-04-05 19:06:53,386 [myid:] - INFO  [QuorumPeer[myid=3](plain=0.0.0.0:2181)(secure=disabled):o.a.z.s.ResponseCache@45] - getChildren response cache size is initialized with value 400.
zoo1-1  |       at java.base/java.util.concurrent.ThreadPoolExecutor$Worker.run(Unknown Source)
zoo2-1  | 2024-04-05 19:06:50,896 [myid:] - INFO  [QuorumPeer[myid=2](plain=0.0.0.0:2181)(secure=disabled):o.a.z.s.u.RequestPathMetricsCollector@113] - zookeeper.pathStats.delay = 5
zoo3-1  | 2024-04-05 19:06:53,388 [myid:] - INFO  [QuorumPeer[myid=3](plain=0.0.0.0:2181)(secure=disabled):o.a.z.s.u.RequestPathMetricsCollector@109] - zookeeper.pathStats.slotCapacity = 60
zoo1-1  |       at java.base/java.lang.Thread.run(Unknown Source)
zoo2-1  | 2024-04-05 19:06:50,896 [myid:] - INFO  [QuorumPeer[myid=2](plain=0.0.0.0:2181)(secure=disabled):o.a.z.s.u.RequestPathMetricsCollector@114] - zookeeper.pathStats.enabled = false
zoo3-1  | 2024-04-05 19:06:53,389 [myid:] - INFO  [QuorumPeer[myid=3](plain=0.0.0.0:2181)(secure=disabled):o.a.z.s.u.RequestPathMetricsCollector@110] - zookeeper.pathStats.slotDuration = 15
zoo1-1  | 2024-04-05 19:06:49,672 [myid:] - WARN  [QuorumConnectionThread-[myid=1]-1:o.a.z.s.q.QuorumCnxManager@401] - Cannot open channel to 3 at election address zoo3/172.19.0.3:3888
zoo2-1  | 2024-04-05 19:06:50,911 [myid:] - INFO  [QuorumPeer[myid=2](plain=0.0.0.0:2181)(secure=disabled):o.a.z.s.ZooKeeperServer@1633] - The max bytes for all large requests are set to 104857600
zoo3-1  | 2024-04-05 19:06:53,389 [myid:] - INFO  [QuorumPeer[myid=3](plain=0.0.0.0:2181)(secure=disabled):o.a.z.s.u.RequestPathMetricsCollector@111] - zookeeper.pathStats.maxDepth = 6
zoo1-1  | java.net.ConnectException: Connection refused
zoo2-1  | 2024-04-05 19:06:50,912 [myid:] - INFO  [QuorumPeer[myid=2](plain=0.0.0.0:2181)(secure=disabled):o.a.z.s.ZooKeeperServer@1647] - The large request threshold is set to -1
zoo3-1  | 2024-04-05 19:06:53,389 [myid:] - INFO  [QuorumPeer[myid=3](plain=0.0.0.0:2181)(secure=disabled):o.a.z.s.u.RequestPathMetricsCollector@112] - zookeeper.pathStats.initialDelay = 5
zoo1-1  |       at java.base/sun.nio.ch.Net.pollConnect(Native Method)
zoo2-1  | 2024-04-05 19:06:50,913 [myid:] - INFO  [QuorumPeer[myid=2](plain=0.0.0.0:2181)(secure=disabled):o.a.z.s.ZooKeeperServer@385] - Created server with tickTime 2000 ms minSessionTimeout 4000 ms maxSessionTimeout 40000 ms clientPortListenBacklog -1 dataLogdir /datalog/version-2 snapdir /data/version-2
zoo3-1  | 2024-04-05 19:06:53,389 [myid:] - INFO  [QuorumPeer[myid=3](plain=0.0.0.0:2181)(secure=disabled):o.a.z.s.u.RequestPathMetricsCollector@113] - zookeeper.pathStats.delay = 5
zoo1-1  |       at java.base/sun.nio.ch.Net.pollConnectNow(Unknown Source)
zoo2-1  | 2024-04-05 19:06:50,932 [myid:] - INFO  [QuorumPeer[myid=2](plain=0.0.0.0:2181)(secure=disabled):o.a.z.s.q.Leader@637] - LEADING - LEADER ELECTION TOOK - 485 MS
zoo3-1  | 2024-04-05 19:06:53,390 [myid:] - INFO  [QuorumPeer[myid=3](plain=0.0.0.0:2181)(secure=disabled):o.a.z.s.u.RequestPathMetricsCollector@114] - zookeeper.pathStats.enabled = false
zoo1-1  |       at java.base/sun.nio.ch.NioSocketImpl.timedFinishConnect(Unknown Source)
zoo2-1  | 2024-04-05 19:06:51,012 [myid:] - INFO  [QuorumPeer[myid=2](plain=0.0.0.0:2181)(secure=disabled):o.a.z.s.q.QuorumPeer@920] - Peer state changed: leading - discovery
zoo3-1  | 2024-04-05 19:06:53,403 [myid:] - INFO  [QuorumPeer[myid=3](plain=0.0.0.0:2181)(secure=disabled):o.a.z.s.ZooKeeperServer@1633] - The max bytes for all large requests are set to 104857600
zoo1-1  |       at java.base/sun.nio.ch.NioSocketImpl.connect(Unknown Source)
zoo2-1  | 2024-04-05 19:06:51,014 [myid:] - INFO  [QuorumPeer[myid=2](plain=0.0.0.0:2181)(secure=disabled):o.a.z.s.p.FileTxnSnapLog@480] - Snapshotting: 0x0 to /data/version-2/snapshot.0
zoo3-1  | 2024-04-05 19:06:53,404 [myid:] - INFO  [QuorumPeer[myid=3](plain=0.0.0.0:2181)(secure=disabled):o.a.z.s.ZooKeeperServer@1647] - The large request threshold is set to -1
zoo1-1  |       at java.base/java.net.SocksSocketImpl.connect(Unknown Source)
zoo2-1  | 2024-04-05 19:06:51,015 [myid:] - INFO  [QuorumPeer[myid=2](plain=0.0.0.0:2181)(secure=disabled):o.a.z.s.ZooKeeperServer@589] - Snapshot taken in 1 ms
zoo3-1  | 2024-04-05 19:06:53,404 [myid:] - INFO  [QuorumPeer[myid=3](plain=0.0.0.0:2181)(secure=disabled):o.a.z.s.ZooKeeperServer@385] - Created server with tickTime 2000 ms minSessionTimeout 4000 ms maxSessionTimeout 40000 ms clientPortListenBacklog -1 dataLogdir /datalog/version-2 snapdir /data/version-2
zoo1-1  |       at java.base/java.net.Socket.connect(Unknown Source)
zoo2-1  | 2024-04-05 19:06:51,093 [myid:] - INFO  [LearnerCnxAcceptorHandler-/0.0.0.0:2888:o.a.z.s.q.LearnerHandler@76] - zookeeper.leader.closeSocketAsync = false
zoo3-1  | 2024-04-05 19:06:53,406 [myid:] - INFO  [QuorumPeer[myid=3](plain=0.0.0.0:2181)(secure=disabled):o.a.z.s.q.Follower@77] - FOLLOWING - LEADER ELECTION TOOK - 173 MS
zoo1-1  |       at org.apache.zookeeper.server.quorum.QuorumCnxManager.initiateConnection(QuorumCnxManager.java:384)
zoo2-1  | 2024-04-05 19:06:51,144 [myid:] - INFO  [LearnerHandler-/172.19.0.2:46240:o.a.z.s.q.LearnerHandler@511] - Follower sid: 1 : info : zoo1:2888:3888:participant;0.0.0.0:2181
zoo3-1  | 2024-04-05 19:06:53,423 [myid:] - INFO  [QuorumPeer[myid=3](plain=0.0.0.0:2181)(secure=disabled):o.a.z.s.q.QuorumPeer@920] - Peer state changed: following - discovery
zoo1-1  |       at org.apache.zookeeper.server.quorum.QuorumCnxManager$QuorumConnectionReqThread.run(QuorumCnxManager.java:458)
zoo2-1  | 2024-04-05 19:06:51,273 [myid:] - INFO  [QuorumPeer[myid=2](plain=0.0.0.0:2181)(secure=disabled):o.a.z.s.q.QuorumPeer@1909] - Dynamic reconfig is disabled, we don't store the last seen config.
zoo3-1  | 2024-04-05 19:06:53,427 [myid:] - INFO  [LeaderConnector-zoo2/172.19.0.4:2888:o.a.z.s.q.Learner$LeaderConnector@380] - Successfully connected to leader, using address: zoo2/172.19.0.4:2888
zoo1-1  |       at java.base/java.util.concurrent.ThreadPoolExecutor.runWorker(Unknown Source)
zoo2-1  | 2024-04-05 19:06:51,398 [myid:] - INFO  [LearnerHandler-/172.19.0.2:46240:o.a.z.s.ZKDatabase@342] - On disk txn sync enabled with snapshotSizeFactor 0.33
zoo3-1  | 2024-04-05 19:06:53,524 [myid:] - INFO  [QuorumPeer[myid=3](plain=0.0.0.0:2181)(secure=disabled):o.a.z.s.q.QuorumPeer@920] - Peer state changed: following - synchronization
zoo1-1  |       at java.base/java.util.concurrent.ThreadPoolExecutor$Worker.run(Unknown Source)
zoo2-1  | 2024-04-05 19:06:51,399 [myid:] - INFO  [LearnerHandler-/172.19.0.2:46240:o.a.z.s.q.LearnerHandler@806] - Synchronizing with Learner sid: 1 maxCommittedLog=0x0 minCommittedLog=0x0 lastProcessedZxid=0x0 peerLastZxid=0x0
zoo3-1  | 2024-04-05 19:06:53,533 [myid:] - INFO  [QuorumPeer[myid=3](plain=0.0.0.0:2181)(secure=disabled):o.a.z.s.q.QuorumPeer@925] - Peer state changed: following - synchronization - snap
zoo1-1  |       at java.base/java.lang.Thread.run(Unknown Source)
zoo2-1  | 2024-04-05 19:06:51,400 [myid:] - INFO  [LearnerHandler-/172.19.0.2:46240:o.a.z.s.q.LearnerHandler@851] - Sending DIFF zxid=0x0 for peer sid: 1
zoo3-1  | 2024-04-05 19:06:53,539 [myid:] - INFO  [QuorumPeer[myid=3](plain=0.0.0.0:2181)(secure=disabled):o.a.z.s.q.Learner@574] - Getting a snapshot from leader 0x100000000
zoo1-1  | 2024-04-05 19:06:50,090 [myid:] - INFO  [QuorumPeer[myid=1](plain=0.0.0.0:2181)(secure=disabled):o.a.z.s.q.FastLeaderElection@997] - Notification time out: 800 ms
zoo2-1  | 2024-04-05 19:06:51,499 [myid:] - INFO  [QuorumPeer[myid=2](plain=0.0.0.0:2181)(secure=disabled):o.a.z.s.q.QuorumPeer@920] - Peer state changed: leading - synchronization
zoo3-1  | 2024-04-05 19:06:53,541 [myid:] - INFO  [QuorumPeer[myid=3](plain=0.0.0.0:2181)(secure=disabled):o.a.z.s.w.WatchManagerFactory@42] - Using org.apache.zookeeper.server.watch.WatchManager as watch manager
zoo1-1  | 2024-04-05 19:06:50,094 [myid:] - WARN  [QuorumConnectionThread-[myid=1]-3:o.a.z.s.q.QuorumCnxManager@401] - Cannot open channel to 3 at election address zoo3/172.19.0.3:3888
zoo2-1  | 2024-04-05 19:06:51,697 [myid:] - INFO  [QuorumPeer[myid=2](plain=0.0.0.0:2181)(secure=disabled):o.a.z.s.q.Leader@1566] - Have quorum of supporters, sids: [[1, 2]]; starting up and setting last processed zxid: 0x100000000
zoo3-1  | 2024-04-05 19:06:53,541 [myid:] - INFO  [QuorumPeer[myid=3](plain=0.0.0.0:2181)(secure=disabled):o.a.z.s.w.WatchManagerFactory@42] - Using org.apache.zookeeper.server.watch.WatchManager as watch manager
zoo1-1  | java.net.ConnectException: Connection refused
zoo2-1  | 2024-04-05 19:06:51,697 [myid:] - INFO  [QuorumPeer[myid=2](plain=0.0.0.0:2181)(secure=disabled):o.a.z.s.q.Leader@1588] - Dynamic reconfig feature is disabled, skip designatedLeader calculation and reconfig processing.
zoo3-1  | 2024-04-05 19:06:53,590 [myid:] - INFO  [QuorumPeer[myid=3](plain=0.0.0.0:2181)(secure=disabled):o.a.z.s.q.Learner@735] - Learner received NEWLEADER message
zoo1-1  |       at java.base/sun.nio.ch.Net.pollConnect(Native Method)
zoo2-1  | 2024-04-05 19:06:51,746 [myid:] - INFO  [QuorumPeer[myid=2](plain=0.0.0.0:2181)(secure=disabled):o.a.z.s.q.CommitProcessor@490] - Configuring CommitProcessor with readBatchSize -1 commitBatchSize 1
zoo3-1  | 2024-04-05 19:06:53,592 [myid:] - INFO  [QuorumPeer[myid=3](plain=0.0.0.0:2181)(secure=disabled):o.a.z.s.q.QuorumPeer@1909] - Dynamic reconfig is disabled, we don't store the last seen config.
zoo1-1  |       at java.base/sun.nio.ch.Net.pollConnectNow(Unknown Source)
zoo2-1  | 2024-04-05 19:06:51,747 [myid:] - INFO  [QuorumPeer[myid=2](plain=0.0.0.0:2181)(secure=disabled):o.a.z.s.q.CommitProcessor@451] - Configuring CommitProcessor with 4 worker threads.
zoo3-1  | 2024-04-05 19:06:53,592 [myid:] - INFO  [QuorumPeer[myid=3](plain=0.0.0.0:2181)(secure=disabled):o.a.z.s.p.FileTxnSnapLog@480] - Snapshotting: 0x100000000 to /data/version-2/snapshot.100000000
zoo1-1  |       at java.base/sun.nio.ch.NioSocketImpl.timedFinishConnect(Unknown Source)
zoo2-1  | 2024-04-05 19:06:51,795 [myid:] - INFO  [QuorumPeer[myid=2](plain=0.0.0.0:2181)(secure=disabled):o.a.z.s.q.ProposalRequestProcessor@57] - zookeeper.forward_learner_requests_to_commit_processor_disabled = false
zoo3-1  | 2024-04-05 19:06:53,625 [myid:] - INFO  [QuorumPeer[myid=3](plain=0.0.0.0:2181)(secure=disabled):o.a.z.s.ZooKeeperServer@589] - Snapshot taken in 33 ms
zoo1-1  |       at java.base/sun.nio.ch.NioSocketImpl.connect(Unknown Source)
zoo2-1  | 2024-04-05 19:06:51,828 [myid:] - INFO  [ProcessThread(sid:2 cport:-1)::o.a.z.s.PrepRequestProcessor@138] - PrepRequestProcessor (sid:2) started, reconfigEnabled=false
zoo3-1  | 2024-04-05 19:06:53,626 [myid:] - INFO  [QuorumPeer[myid=3](plain=0.0.0.0:2181)(secure=disabled):o.a.z.s.q.QuorumPeer@925] - Peer state changed: following - synchronization
zoo1-1  |       at java.base/java.net.SocksSocketImpl.connect(Unknown Source)
zoo2-1  | 2024-04-05 19:06:51,844 [myid:] - INFO  [QuorumPeer[myid=2](plain=0.0.0.0:2181)(secure=disabled):o.a.z.s.ContainerManager@83] - Using checkIntervalMs=60000 maxPerMinute=10000 maxNeverUsedIntervalMs=0
zoo3-1  | 2024-04-05 19:06:53,655 [myid:] - INFO  [QuorumPeer[myid=3](plain=0.0.0.0:2181)(secure=disabled):o.a.z.s.q.CommitProcessor@490] - Configuring CommitProcessor with readBatchSize -1 commitBatchSize 1
zoo1-1  |       at java.base/java.net.Socket.connect(Unknown Source)
zoo2-1  | 2024-04-05 19:06:51,857 [myid:] - INFO  [QuorumPeer[myid=2](plain=0.0.0.0:2181)(secure=disabled):o.a.z.s.RequestThrottler@75] - zookeeper.request_throttler.shutdownTimeout = 10000 ms
zoo3-1  | 2024-04-05 19:06:53,656 [myid:] - INFO  [QuorumPeer[myid=3](plain=0.0.0.0:2181)(secure=disabled):o.a.z.s.q.CommitProcessor@451] - Configuring CommitProcessor with 4 worker threads.
zoo1-1  |       at org.apache.zookeeper.server.quorum.QuorumCnxManager.initiateConnection(QuorumCnxManager.java:384)
zoo2-1  | 2024-04-05 19:06:52,117 [myid:] - INFO  [QuorumPeer[myid=2](plain=0.0.0.0:2181)(secure=disabled):o.a.z.s.q.QuorumPeer@920] - Peer state changed: leading - broadcast
zoo3-1  | 2024-04-05 19:06:53,668 [myid:] - INFO  [QuorumPeer[myid=3](plain=0.0.0.0:2181)(secure=disabled):o.a.z.s.q.FollowerRequestProcessor@59] - Initialized FollowerRequestProcessor with zookeeper.follower.skipLearnerRequestToNextProcessor as false
zoo1-1  |       at org.apache.zookeeper.server.quorum.QuorumCnxManager$QuorumConnectionReqThread.run(QuorumCnxManager.java:458)
zoo2-1  | 2024-04-05 19:06:53,253 [myid:] - INFO  [ListenerHandler-/0.0.0.0:3888:o.a.z.s.q.QuorumCnxManager$Listener$ListenerHandler@1076] - Received connection request from /172.19.0.3:55216
zoo3-1  | 2024-04-05 19:06:53,672 [myid:] - INFO  [QuorumPeer[myid=3](plain=0.0.0.0:2181)(secure=disabled):o.a.z.s.RequestThrottler@75] - zookeeper.request_throttler.shutdownTimeout = 10000 ms
zoo1-1  |       at java.base/java.util.concurrent.ThreadPoolExecutor.runWorker(Unknown Source)
zoo2-1  | 2024-04-05 19:06:53,307 [myid:] - INFO  [WorkerReceiver[myid=2]:o.a.z.s.q.FastLeaderElection$Messenger$WorkerReceiver@391] - Notification: my state:LEADING; n.sid:3, n.state:LOOKING, n.leader:3, n.round:0x1, n.peerEpoch:0x0, n.zxid:0x0, message format version:0x2, n.config version:0x0
zoo3-1  | 2024-04-05 19:06:53,764 [myid:] - INFO  [QuorumPeer[myid=3](plain=0.0.0.0:2181)(secure=disabled):o.a.z.s.q.Learner@769] - 0 txns have been persisted and it took 0ms
zoo1-1  |       at java.base/java.util.concurrent.ThreadPoolExecutor$Worker.run(Unknown Source)
zoo2-1  | 2024-04-05 19:06:53,441 [myid:] - INFO  [LearnerHandler-/172.19.0.3:47676:o.a.z.s.q.LearnerHandler@511] - Follower sid: 3 : info : zoo3:2888:3888:participant;0.0.0.0:2181
zoo3-1  | 2024-04-05 19:06:53,796 [myid:] - INFO  [QuorumPeer[myid=3](plain=0.0.0.0:2181)(secure=disabled):o.a.z.s.q.Learner@776] - Set the current epoch to 1
zoo1-1  |       at java.base/java.lang.Thread.run(Unknown Source)
zoo2-1  | 2024-04-05 19:06:53,513 [myid:] - INFO  [LearnerHandler-/172.19.0.3:47676:o.a.z.s.ZKDatabase@342] - On disk txn sync enabled with snapshotSizeFactor 0.33
zoo3-1  | 2024-04-05 19:06:53,797 [myid:] - INFO  [QuorumPeer[myid=3](plain=0.0.0.0:2181)(secure=disabled):o.a.z.s.q.Learner@780] - Sent NEWLEADER ack to leader with zxid 100000000
zoo1-1  | 2024-04-05 19:06:50,105 [myid:] - WARN  [QuorumConnectionThread-[myid=1]-1:o.a.z.s.q.QuorumCnxManager@401] - Cannot open channel to 2 at election address zoo2/172.19.0.4:3888
zoo2-1  | 2024-04-05 19:06:53,514 [myid:] - INFO  [LearnerHandler-/172.19.0.3:47676:o.a.z.s.q.LearnerHandler@806] - Synchronizing with Learner sid: 3 maxCommittedLog=0x0 minCommittedLog=0x0 lastProcessedZxid=0x100000000 peerLastZxid=0x0
zoo3-1  | 2024-04-05 19:06:53,797 [myid:] - INFO  [QuorumPeer[myid=3](plain=0.0.0.0:2181)(secure=disabled):o.a.z.s.q.Learner@719] - Learner received UPTODATE message
zoo1-1  | java.net.ConnectException: Connection refused
zoo2-1  | 2024-04-05 19:06:53,533 [myid:] - INFO  [LearnerHandler-/172.19.0.3:47676:o.a.z.s.q.LearnerHandler@573] - Sending snapshot last zxid of peer is 0x0, zxid of leader is 0x100000000, send zxid of db as 0x100000000, 1 concurrent snapshot sync, snapshot sync was exempt from throttle
zoo3-1  | 2024-04-05 19:06:53,798 [myid:] - INFO  [QuorumPeer[myid=3](plain=0.0.0.0:2181)(secure=disabled):o.a.z.s.q.Learner@812] - 0 txns have been logged asynchronously
zoo1-1  |       at java.base/sun.nio.ch.Net.pollConnect(Native Method)
zoo3-1  | 2024-04-05 19:06:53,799 [myid:] - INFO  [QuorumPeer[myid=3](plain=0.0.0.0:2181)(secure=disabled):o.a.z.s.q.Learner@817] - 0 txns have been committed
zoo1-1  |       at java.base/sun.nio.ch.Net.pollConnectNow(Unknown Source)
zoo3-1  | 2024-04-05 19:06:53,799 [myid:] - INFO  [QuorumPeer[myid=3](plain=0.0.0.0:2181)(secure=disabled):o.a.z.s.q.QuorumPeer@920] - Peer state changed: following - broadcast
zoo1-1  |       at java.base/sun.nio.ch.NioSocketImpl.timedFinishConnect(Unknown Source)
zoo1-1  |       at java.base/sun.nio.ch.NioSocketImpl.connect(Unknown Source)
zoo1-1  |       at java.base/java.net.SocksSocketImpl.connect(Unknown Source)
zoo1-1  |       at java.base/java.net.Socket.connect(Unknown Source)
zoo1-1  |       at org.apache.zookeeper.server.quorum.QuorumCnxManager.initiateConnection(QuorumCnxManager.java:384)
zoo1-1  |       at org.apache.zookeeper.server.quorum.QuorumCnxManager$QuorumConnectionReqThread.run(QuorumCnxManager.java:458)
zoo1-1  |       at java.base/java.util.concurrent.ThreadPoolExecutor.runWorker(Unknown Source)
zoo1-1  |       at java.base/java.util.concurrent.ThreadPoolExecutor$Worker.run(Unknown Source)
zoo1-1  |       at java.base/java.lang.Thread.run(Unknown Source)
zoo1-1  | 2024-04-05 19:06:50,505 [myid:] - INFO  [ListenerHandler-/0.0.0.0:3888:o.a.z.s.q.QuorumCnxManager$Listener$ListenerHandler@1076] - Received connection request from /172.19.0.4:36556
zoo1-1  | 2024-04-05 19:06:50,565 [myid:] - INFO  [WorkerReceiver[myid=1]:o.a.z.s.q.FastLeaderElection$Messenger$WorkerReceiver@391] - Notification: my state:LOOKING; n.sid:2, n.state:LOOKING, n.leader:2, n.round:0x1, n.peerEpoch:0x0, n.zxid:0x0, message format version:0x2, n.config version:0x0
zoo1-1  | 2024-04-05 19:06:50,581 [myid:] - INFO  [WorkerReceiver[myid=1]:o.a.z.s.q.FastLeaderElection$Messenger$WorkerReceiver@391] - Notification: my state:LOOKING; n.sid:1, n.state:LOOKING, n.leader:2, n.round:0x1, n.peerEpoch:0x0, n.zxid:0x0, message format version:0x2, n.config version:0x0
zoo1-1  | 2024-04-05 19:06:50,582 [myid:] - WARN  [QuorumConnectionThread-[myid=1]-1:o.a.z.s.q.QuorumCnxManager@401] - Cannot open channel to 3 at election address zoo3/172.19.0.3:3888
zoo1-1  | java.net.ConnectException: Connection refused
zoo1-1  |       at java.base/sun.nio.ch.Net.pollConnect(Native Method)
zoo1-1  |       at java.base/sun.nio.ch.Net.pollConnectNow(Unknown Source)
zoo1-1  |       at java.base/sun.nio.ch.NioSocketImpl.timedFinishConnect(Unknown Source)
zoo1-1  |       at java.base/sun.nio.ch.NioSocketImpl.connect(Unknown Source)
zoo1-1  |       at java.base/java.net.SocksSocketImpl.connect(Unknown Source)
zoo1-1  |       at java.base/java.net.Socket.connect(Unknown Source)
zoo1-1  |       at org.apache.zookeeper.server.quorum.QuorumCnxManager.initiateConnection(QuorumCnxManager.java:384)
zoo1-1  |       at org.apache.zookeeper.server.quorum.QuorumCnxManager$QuorumConnectionReqThread.run(QuorumCnxManager.java:458)
zoo1-1  |       at java.base/java.util.concurrent.ThreadPoolExecutor.runWorker(Unknown Source)
zoo1-1  |       at java.base/java.util.concurrent.ThreadPoolExecutor$Worker.run(Unknown Source)
zoo1-1  |       at java.base/java.lang.Thread.run(Unknown Source)
zoo1-1  | 2024-04-05 19:06:50,789 [myid:] - INFO  [QuorumPeer[myid=1](plain=0.0.0.0:2181)(secure=disabled):o.a.z.s.q.QuorumPeer@906] - Peer state changed: following
zoo1-1  | 2024-04-05 19:06:50,791 [myid:] - INFO  [QuorumPeer[myid=1](plain=0.0.0.0:2181)(secure=disabled):o.a.z.s.q.QuorumPeer@1554] - FOLLOWING
zoo1-1  | 2024-04-05 19:06:50,810 [myid:] - INFO  [QuorumPeer[myid=1](plain=0.0.0.0:2181)(secure=disabled):o.a.z.s.q.Learner@130] - leaderConnectDelayDuringRetryMs: 100
zoo1-1  | 2024-04-05 19:06:50,810 [myid:] - INFO  [QuorumPeer[myid=1](plain=0.0.0.0:2181)(secure=disabled):o.a.z.s.q.Learner@131] - TCP NoDelay set to: true
zoo1-1  | 2024-04-05 19:06:50,811 [myid:] - INFO  [QuorumPeer[myid=1](plain=0.0.0.0:2181)(secure=disabled):o.a.z.s.q.Learner@132] - zookeeper.learner.asyncSending = false
zoo1-1  | 2024-04-05 19:06:50,811 [myid:] - INFO  [QuorumPeer[myid=1](plain=0.0.0.0:2181)(secure=disabled):o.a.z.s.q.Learner@133] - zookeeper.learner.closeSocketAsync = false
zoo1-1  | 2024-04-05 19:06:50,822 [myid:] - INFO  [QuorumPeer[myid=1](plain=0.0.0.0:2181)(secure=disabled):o.a.z.s.BlueThrottle@141] - Weighed connection throttling is disabled
zoo1-1  | 2024-04-05 19:06:50,823 [myid:] - INFO  [QuorumPeer[myid=1](plain=0.0.0.0:2181)(secure=disabled):o.a.z.s.AuthenticationHelper@66] - zookeeper.enforce.auth.enabled = false
zoo1-1  | 2024-04-05 19:06:50,824 [myid:] - INFO  [QuorumPeer[myid=1](plain=0.0.0.0:2181)(secure=disabled):o.a.z.s.AuthenticationHelper@67] - zookeeper.enforce.auth.schemes = []
zoo1-1  | 2024-04-05 19:06:50,826 [myid:] - INFO  [QuorumPeer[myid=1](plain=0.0.0.0:2181)(secure=disabled):o.a.z.s.ZooKeeperServer@1406] - minSessionTimeout set to 4000 ms
zoo1-1  | 2024-04-05 19:06:50,842 [myid:] - INFO  [QuorumPeer[myid=1](plain=0.0.0.0:2181)(secure=disabled):o.a.z.s.ZooKeeperServer@1415] - maxSessionTimeout set to 40000 ms
zoo1-1  | 2024-04-05 19:06:50,870 [myid:] - INFO  [QuorumPeer[myid=1](plain=0.0.0.0:2181)(secure=disabled):o.a.z.s.ResponseCache@45] - getData response cache size is initialized with value 400.
zoo1-1  | 2024-04-05 19:06:50,871 [myid:] - INFO  [QuorumPeer[myid=1](plain=0.0.0.0:2181)(secure=disabled):o.a.z.s.ResponseCache@45] - getChildren response cache size is initialized with value 400.
zoo1-1  | 2024-04-05 19:06:50,873 [myid:] - INFO  [QuorumPeer[myid=1](plain=0.0.0.0:2181)(secure=disabled):o.a.z.s.u.RequestPathMetricsCollector@109] - zookeeper.pathStats.slotCapacity = 60
zoo1-1  | 2024-04-05 19:06:50,873 [myid:] - INFO  [QuorumPeer[myid=1](plain=0.0.0.0:2181)(secure=disabled):o.a.z.s.u.RequestPathMetricsCollector@110] - zookeeper.pathStats.slotDuration = 15
zoo1-1  | 2024-04-05 19:06:50,874 [myid:] - INFO  [QuorumPeer[myid=1](plain=0.0.0.0:2181)(secure=disabled):o.a.z.s.u.RequestPathMetricsCollector@111] - zookeeper.pathStats.maxDepth = 6
zoo1-1  | 2024-04-05 19:06:50,901 [myid:] - INFO  [QuorumPeer[myid=1](plain=0.0.0.0:2181)(secure=disabled):o.a.z.s.u.RequestPathMetricsCollector@112] - zookeeper.pathStats.initialDelay = 5
zoo1-1  | 2024-04-05 19:06:50,901 [myid:] - INFO  [QuorumPeer[myid=1](plain=0.0.0.0:2181)(secure=disabled):o.a.z.s.u.RequestPathMetricsCollector@113] - zookeeper.pathStats.delay = 5
zoo1-1  | 2024-04-05 19:06:50,902 [myid:] - INFO  [QuorumPeer[myid=1](plain=0.0.0.0:2181)(secure=disabled):o.a.z.s.u.RequestPathMetricsCollector@114] - zookeeper.pathStats.enabled = false
zoo1-1  | 2024-04-05 19:06:50,905 [myid:] - INFO  [QuorumPeer[myid=1](plain=0.0.0.0:2181)(secure=disabled):o.a.z.s.ZooKeeperServer@1633] - The max bytes for all large requests are set to 104857600
zoo1-1  | 2024-04-05 19:06:50,916 [myid:] - INFO  [QuorumPeer[myid=1](plain=0.0.0.0:2181)(secure=disabled):o.a.z.s.ZooKeeperServer@1647] - The large request threshold is set to -1
zoo1-1  | 2024-04-05 19:06:50,917 [myid:] - INFO  [QuorumPeer[myid=1](plain=0.0.0.0:2181)(secure=disabled):o.a.z.s.ZooKeeperServer@385] - Created server with tickTime 2000 ms minSessionTimeout 4000 ms maxSessionTimeout 40000 ms clientPortListenBacklog -1 dataLogdir /datalog/version-2 snapdir /data/version-2
zoo1-1  | 2024-04-05 19:06:50,919 [myid:] - INFO  [QuorumPeer[myid=1](plain=0.0.0.0:2181)(secure=disabled):o.a.z.s.q.Follower@77] - FOLLOWING - LEADER ELECTION TOOK - 1555 MS
zoo1-1  | 2024-04-05 19:06:50,966 [myid:] - INFO  [QuorumPeer[myid=1](plain=0.0.0.0:2181)(secure=disabled):o.a.z.s.q.QuorumPeer@920] - Peer state changed: following - discovery
zoo1-1  | 2024-04-05 19:06:50,984 [myid:] - INFO  [LeaderConnector-zoo2/172.19.0.4:2888:o.a.z.s.q.Learner$LeaderConnector@380] - Successfully connected to leader, using address: zoo2/172.19.0.4:2888
zoo1-1  | 2024-04-05 19:06:51,397 [myid:] - INFO  [QuorumPeer[myid=1](plain=0.0.0.0:2181)(secure=disabled):o.a.z.s.q.QuorumPeer@920] - Peer state changed: following - synchronization
zoo1-1  | 2024-04-05 19:06:51,417 [myid:] - INFO  [QuorumPeer[myid=1](plain=0.0.0.0:2181)(secure=disabled):o.a.z.s.q.Learner@563] - Getting a diff from the leader 0x0
zoo1-1  | 2024-04-05 19:06:51,418 [myid:] - INFO  [QuorumPeer[myid=1](plain=0.0.0.0:2181)(secure=disabled):o.a.z.s.q.QuorumPeer@925] - Peer state changed: following - synchronization - diff
zoo1-1  | 2024-04-05 19:06:51,446 [myid:] - INFO  [QuorumPeer[myid=1](plain=0.0.0.0:2181)(secure=disabled):o.a.z.s.q.Learner@735] - Learner received NEWLEADER message
zoo1-1  | 2024-04-05 19:06:51,447 [myid:] - INFO  [QuorumPeer[myid=1](plain=0.0.0.0:2181)(secure=disabled):o.a.z.s.q.QuorumPeer@1909] - Dynamic reconfig is disabled, we don't store the last seen config.
zoo1-1  | 2024-04-05 19:06:51,447 [myid:] - INFO  [QuorumPeer[myid=1](plain=0.0.0.0:2181)(secure=disabled):o.a.z.s.q.QuorumPeer@925] - Peer state changed: following - synchronization
zoo1-1  | 2024-04-05 19:06:51,465 [myid:] - INFO  [QuorumPeer[myid=1](plain=0.0.0.0:2181)(secure=disabled):o.a.z.s.q.CommitProcessor@490] - Configuring CommitProcessor with readBatchSize -1 commitBatchSize 1
zoo1-1  | 2024-04-05 19:06:51,466 [myid:] - INFO  [QuorumPeer[myid=1](plain=0.0.0.0:2181)(secure=disabled):o.a.z.s.q.CommitProcessor@451] - Configuring CommitProcessor with 4 worker threads.
zoo1-1  | 2024-04-05 19:06:51,478 [myid:] - INFO  [QuorumPeer[myid=1](plain=0.0.0.0:2181)(secure=disabled):o.a.z.s.q.FollowerRequestProcessor@59] - Initialized FollowerRequestProcessor with zookeeper.follower.skipLearnerRequestToNextProcessor as false
zoo1-1  | 2024-04-05 19:06:51,498 [myid:] - INFO  [QuorumPeer[myid=1](plain=0.0.0.0:2181)(secure=disabled):o.a.z.s.RequestThrottler@75] - zookeeper.request_throttler.shutdownTimeout = 10000 ms
zoo1-1  | 2024-04-05 19:06:51,597 [myid:] - INFO  [QuorumPeer[myid=1](plain=0.0.0.0:2181)(secure=disabled):o.a.z.s.q.Learner@769] - 0 txns have been persisted and it took 1ms
zoo1-1  | 2024-04-05 19:06:51,690 [myid:] - INFO  [QuorumPeer[myid=1](plain=0.0.0.0:2181)(secure=disabled):o.a.z.s.q.Learner@776] - Set the current epoch to 1
zoo1-1  | 2024-04-05 19:06:51,692 [myid:] - INFO  [QuorumPeer[myid=1](plain=0.0.0.0:2181)(secure=disabled):o.a.z.s.q.Learner@780] - Sent NEWLEADER ack to leader with zxid 100000000
zoo1-1  | 2024-04-05 19:06:52,121 [myid:] - INFO  [QuorumPeer[myid=1](plain=0.0.0.0:2181)(secure=disabled):o.a.z.s.q.Learner@719] - Learner received UPTODATE message
zoo1-1  | 2024-04-05 19:06:52,133 [myid:] - INFO  [QuorumPeer[myid=1](plain=0.0.0.0:2181)(secure=disabled):o.a.z.s.q.Learner@812] - 0 txns have been logged asynchronously
zoo1-1  | 2024-04-05 19:06:52,134 [myid:] - INFO  [QuorumPeer[myid=1](plain=0.0.0.0:2181)(secure=disabled):o.a.z.s.q.Learner@817] - 0 txns have been committed
zoo1-1  | 2024-04-05 19:06:52,136 [myid:] - INFO  [QuorumPeer[myid=1](plain=0.0.0.0:2181)(secure=disabled):o.a.z.s.q.QuorumPeer@920] - Peer state changed: following - broadcast
zoo1-1  | 2024-04-05 19:06:53,250 [myid:] - INFO  [ListenerHandler-/0.0.0.0:3888:o.a.z.s.q.QuorumCnxManager$Listener$ListenerHandler@1076] - Received connection request from /172.19.0.3:36898
zoo1-1  | 2024-04-05 19:06:53,261 [myid:] - INFO  [WorkerReceiver[myid=1]:o.a.z.s.q.FastLeaderElection$Messenger$WorkerReceiver@391] - Notification: my state:FOLLOWING; n.sid:3, n.state:LOOKING, n.leader:3, n.round:0x1, n.peerEpoch:0x0, n.zxid:0x0, message format version:0x2, n.config version:0x0
zoo1-1  | 2024-04-05 19:08:44,170 [myid:] - WARN  [QuorumPeer[myid=1](plain=0.0.0.0:2181)(secure=disabled):o.a.z.s.q.Follower@169] - Got zxid 0x100000001 expected 0x1
zoo2-1  | 2024-04-05 19:08:44,168 [myid:] - INFO  [SyncThread:2:o.a.z.s.p.FileTxnLog@284] - Creating new log file: log.100000001
zoo1-1  | 2024-04-05 19:08:44,172 [myid:] - INFO  [SyncThread:1:o.a.z.s.p.FileTxnLog@284] - Creating new log file: log.100000001
zoo3-1  | 2024-04-05 19:08:44,175 [myid:] - WARN  [QuorumPeer[myid=3](plain=0.0.0.0:2181)(secure=disabled):o.a.z.s.q.Follower@169] - Got zxid 0x100000001 expected 0x1
zoo3-1  | 2024-04-05 19:08:44,176 [myid:] - INFO  [SyncThread:3:o.a.z.s.p.FileTxnLog@284] - Creating new log file: log.100000001
zoo2-1  | 2024-04-05 19:08:44,686 [myid:] - INFO  [CommitProcessor:2:o.a.z.s.q.LeaderSessionTracker@104] - Committing global session 0x10001f873780000
zoo3-1  | 2024-04-05 19:08:44,686 [myid:] - INFO  [CommitProcessor:3:o.a.z.s.q.LearnerSessionTracker@116] - Committing global session 0x10001f873780000
zoo1-1  | 2024-04-05 19:08:44,686 [myid:] - INFO  [CommitProcessor:1:o.a.z.s.q.LearnerSessionTracker@116] - Committing global session 0x10001f873780000
zoo1-1  | 2024-04-05 19:08:44,813 [myid:] - INFO  [CommitProcessor:1:o.a.z.s.q.LearnerSessionTracker@116] - Committing global session 0x10001f873780001
zoo1-1  | 2024-04-05 19:08:44,826 [myid:] - INFO  [CommitProcessor:1:o.a.z.s.q.LearnerSessionTracker@116] - Committing global session 0x10001f873780002
zoo3-1  | 2024-04-05 19:08:44,813 [myid:] - INFO  [CommitProcessor:3:o.a.z.s.q.LearnerSessionTracker@116] - Committing global session 0x10001f873780001
zoo2-1  | 2024-04-05 19:08:44,812 [myid:] - INFO  [CommitProcessor:2:o.a.z.s.q.LeaderSessionTracker@104] - Committing global session 0x10001f873780001
zoo1-1  | 2024-04-05 19:08:44,832 [myid:] - INFO  [CommitProcessor:1:o.a.z.s.q.LearnerSessionTracker@116] - Committing global session 0x10001f873780003
zoo3-1  | 2024-04-05 19:08:44,826 [myid:] - INFO  [CommitProcessor:3:o.a.z.s.q.LearnerSessionTracker@116] - Committing global session 0x10001f873780002
zoo2-1  | 2024-04-05 19:08:44,825 [myid:] - INFO  [CommitProcessor:2:o.a.z.s.q.LeaderSessionTracker@104] - Committing global session 0x10001f873780002
zoo1-1  | 2024-04-05 19:08:44,890 [myid:] - INFO  [CommitProcessor:1:o.a.z.s.q.LearnerSessionTracker@116] - Committing global session 0x10001f873780004
zoo3-1  | 2024-04-05 19:08:44,826 [myid:] - INFO  [CommitProcessor:3:o.a.z.s.q.LearnerSessionTracker@116] - Committing global session 0x10001f873780003
zoo2-1  | 2024-04-05 19:08:44,828 [myid:] - INFO  [CommitProcessor:2:o.a.z.s.q.LeaderSessionTracker@104] - Committing global session 0x10001f873780003
zoo3-1  | 2024-04-05 19:08:44,896 [myid:] - INFO  [CommitProcessor:3:o.a.z.s.q.LearnerSessionTracker@116] - Committing global session 0x10001f873780004
zoo2-1  | 2024-04-05 19:08:44,889 [myid:] - INFO  [CommitProcessor:2:o.a.z.s.q.LeaderSessionTracker@104] - Committing global session 0x10001f873780004
zoo1-1  | 2024-04-05 19:08:44,969 [myid:] - INFO  [CommitProcessor:1:o.a.z.s.q.LearnerSessionTracker@116] - Committing global session 0x10001f873780005
zoo2-1  | 2024-04-05 19:08:44,966 [myid:] - INFO  [CommitProcessor:2:o.a.z.s.q.LeaderSessionTracker@104] - Committing global session 0x10001f873780005
zoo3-1  | 2024-04-05 19:08:44,969 [myid:] - INFO  [CommitProcessor:3:o.a.z.s.q.LearnerSessionTracker@116] - Committing global session 0x10001f873780005
zoo3-1  | 2024-04-05 19:09:14,025 [myid:] - WARN  [SyncThread:3:o.a.z.s.p.FileTxnLog@412] - fsync-ing the write ahead log in SyncThread:3 took 1113ms which will adversely effect operation latency.File size is 67108880 bytes. See the ZooKeeper troubleshooting guide
zoo2-1  | 2024-04-05 19:09:14,021 [myid:] - WARN  [SyncThread:2:o.a.z.s.p.FileTxnLog@412] - fsync-ing the write ahead log in SyncThread:2 took 1109ms which will adversely effect operation latency.File size is 67108880 bytes. See the ZooKeeper troubleshooting guide
zoo1-1  | 2024-04-05 19:09:14,031 [myid:] - WARN  [SyncThread:1:o.a.z.s.p.FileTxnLog@412] - fsync-ing the write ahead log in SyncThread:1 took 1119ms which will adversely effect operation latency.File size is 67108880 bytes. See the ZooKeeper troubleshooting guide
zoo1-1  | 2024-04-05 19:11:08,899 [myid:] - INFO  [NIOWorkerThread-4:o.a.z.s.NIOServerCnxn@342] - Unable to read additional data from client, it probably closed the socket: address = /172.19.0.1:43392, session = 0x10001f873780005
zoo1-1  | 2024-04-05 19:11:08,910 [myid:] - INFO  [NIOWorkerThread-7:o.a.z.s.NIOServerCnxn@342] - Unable to read additional data from client, it probably closed the socket: address = /172.19.0.1:43348, session = 0x10001f873780002
zoo1-1  | 2024-04-05 19:11:08,921 [myid:] - INFO  [NIOWorkerThread-3:o.a.z.s.NIOServerCnxn@342] - Unable to read additional data from client, it probably closed the socket: address = /172.19.0.1:43334, session = 0x10001f873780001
zoo1-1  | 2024-04-05 19:11:08,926 [myid:] - INFO  [NIOWorkerThread-1:o.a.z.s.NIOServerCnxn@342] - Unable to read additional data from client, it probably closed the socket: address = /172.19.0.1:43362, session = 0x10001f873780003
zoo1-1  | 2024-04-05 19:11:08,930 [myid:] - INFO  [NIOWorkerThread-5:o.a.z.s.NIOServerCnxn@342] - Unable to read additional data from client, it probably closed the socket: address = /172.19.0.1:43376, session = 0x10001f873780004
zoo1-1  | 2024-04-05 19:11:08,963 [myid:] - INFO  [NIOWorkerThread-6:o.a.z.s.NIOServerCnxn@342] - Unable to read additional data from client, it probably closed the socket: address = /172.19.0.1:43318, session = 0x10001f873780000
zoo2-1  | 2024-04-05 19:11:11,659 [myid:] - INFO  [CommitProcessor:2:o.a.z.s.q.LeaderSessionTracker@104] - Committing global session 0x10001f873780006
zoo1-1  | 2024-04-05 19:11:11,659 [myid:] - INFO  [CommitProcessor:1:o.a.z.s.q.LearnerSessionTracker@116] - Committing global session 0x10001f873780006
zoo3-1  | 2024-04-05 19:11:11,659 [myid:] - INFO  [CommitProcessor:3:o.a.z.s.q.LearnerSessionTracker@116] - Committing global session 0x10001f873780006
zoo2-1  | 2024-04-05 19:11:11,727 [myid:] - INFO  [CommitProcessor:2:o.a.z.s.q.LeaderSessionTracker@104] - Committing global session 0x10001f873780007
zoo1-1  | 2024-04-05 19:11:11,727 [myid:] - INFO  [CommitProcessor:1:o.a.z.s.q.LearnerSessionTracker@116] - Committing global session 0x10001f873780007
zoo3-1  | 2024-04-05 19:11:11,730 [myid:] - INFO  [CommitProcessor:3:o.a.z.s.q.LearnerSessionTracker@116] - Committing global session 0x10001f873780007
zoo2-1  | 2024-04-05 19:11:11,755 [myid:] - INFO  [CommitProcessor:2:o.a.z.s.q.LeaderSessionTracker@104] - Committing global session 0x10001f873780008
zoo3-1  | 2024-04-05 19:11:11,755 [myid:] - INFO  [CommitProcessor:3:o.a.z.s.q.LearnerSessionTracker@116] - Committing global session 0x10001f873780008
zoo3-1  | 2024-04-05 19:11:11,756 [myid:] - INFO  [CommitProcessor:3:o.a.z.s.q.LearnerSessionTracker@116] - Committing global session 0x10001f873780009
zoo2-1  | 2024-04-05 19:11:11,756 [myid:] - INFO  [CommitProcessor:2:o.a.z.s.q.LeaderSessionTracker@104] - Committing global session 0x10001f873780009
zoo3-1  | 2024-04-05 19:11:11,757 [myid:] - INFO  [CommitProcessor:3:o.a.z.s.q.LearnerSessionTracker@116] - Committing global session 0x10001f87378000a
zoo2-1  | 2024-04-05 19:11:11,757 [myid:] - INFO  [CommitProcessor:2:o.a.z.s.q.LeaderSessionTracker@104] - Committing global session 0x10001f87378000a
zoo1-1  | 2024-04-05 19:11:11,758 [myid:] - INFO  [CommitProcessor:1:o.a.z.s.q.LearnerSessionTracker@116] - Committing global session 0x10001f873780008
zoo3-1  | 2024-04-05 19:11:11,772 [myid:] - INFO  [CommitProcessor:3:o.a.z.s.q.LearnerSessionTracker@116] - Committing global session 0x10001f87378000b
zoo2-1  | 2024-04-05 19:11:11,772 [myid:] - INFO  [CommitProcessor:2:o.a.z.s.q.LeaderSessionTracker@104] - Committing global session 0x10001f87378000b
zoo1-1  | 2024-04-05 19:11:11,759 [myid:] - INFO  [CommitProcessor:1:o.a.z.s.q.LearnerSessionTracker@116] - Committing global session 0x10001f873780009
zoo1-1  | 2024-04-05 19:11:11,772 [myid:] - INFO  [CommitProcessor:1:o.a.z.s.q.LearnerSessionTracker@116] - Committing global session 0x10001f87378000a
zoo1-1  | 2024-04-05 19:11:11,774 [myid:] - INFO  [CommitProcessor:1:o.a.z.s.q.LearnerSessionTracker@116] - Committing global session 0x10001f87378000b
zoo2-1  | 2024-04-05 19:11:17,784 [myid:] - INFO  [SessionTracker:o.a.z.s.ZooKeeperServer@730] - Expiring session 0x10001f873780002, timeout of 10000ms exceeded
zoo2-1  | 2024-04-05 19:11:17,785 [myid:] - INFO  [RequestThrottler:o.a.z.s.q.QuorumZooKeeperServer@156] - Submitting global closeSession request for session 0x10001f873780002
zoo2-1  | 2024-04-05 19:11:17,785 [myid:] - INFO  [SessionTracker:o.a.z.s.ZooKeeperServer@730] - Expiring session 0x10001f873780001, timeout of 10000ms exceeded
zoo2-1  | 2024-04-05 19:11:17,792 [myid:] - INFO  [RequestThrottler:o.a.z.s.q.QuorumZooKeeperServer@156] - Submitting global closeSession request for session 0x10001f873780001
zoo2-1  | 2024-04-05 19:11:19,784 [myid:] - INFO  [SessionTracker:o.a.z.s.ZooKeeperServer@730] - Expiring session 0x10001f873780003, timeout of 10000ms exceeded
zoo2-1  | 2024-04-05 19:11:19,784 [myid:] - INFO  [SessionTracker:o.a.z.s.ZooKeeperServer@730] - Expiring session 0x10001f873780005, timeout of 10000ms exceeded
zoo2-1  | 2024-04-05 19:11:19,784 [myid:] - INFO  [RequestThrottler:o.a.z.s.q.QuorumZooKeeperServer@156] - Submitting global closeSession request for session 0x10001f873780003
zoo2-1  | 2024-04-05 19:11:19,784 [myid:] - INFO  [SessionTracker:o.a.z.s.ZooKeeperServer@730] - Expiring session 0x10001f873780000, timeout of 10000ms exceeded
zoo2-1  | 2024-04-05 19:11:19,785 [myid:] - INFO  [RequestThrottler:o.a.z.s.q.QuorumZooKeeperServer@156] - Submitting global closeSession request for session 0x10001f873780005
zoo2-1  | 2024-04-05 19:11:19,786 [myid:] - INFO  [RequestThrottler:o.a.z.s.q.QuorumZooKeeperServer@156] - Submitting global closeSession request for session 0x10001f873780000
zoo2-1  | 2024-04-05 19:11:19,787 [myid:] - INFO  [SessionTracker:o.a.z.s.ZooKeeperServer@730] - Expiring session 0x10001f873780004, timeout of 10000ms exceeded
zoo2-1  | 2024-04-05 19:11:19,788 [myid:] - INFO  [RequestThrottler:o.a.z.s.q.QuorumZooKeeperServer@156] - Submitting global closeSession request for session 0x10001f873780004
zoo2-1  | 2024-04-05 19:12:29,301 [myid:] - WARN  [QuorumPeer[myid=2](plain=0.0.0.0:2181)(secure=disabled):o.a.z.s.q.LearnerHandler@1079] - Closing connection to peer due to transaction timeout.
zoo2-1  | 2024-04-05 19:12:29,305 [myid:] - INFO  [QuorumPeer[myid=2](plain=0.0.0.0:2181)(secure=disabled):o.a.z.s.q.LearnerHandler@1160] - Synchronously closing socket to learner 1.
zoo2-1  | 2024-04-05 19:12:29,315 [myid:] - WARN  [QuorumPeer[myid=2](plain=0.0.0.0:2181)(secure=disabled):o.a.z.s.q.LearnerHandler@1079] - Closing connection to peer due to transaction timeout.
zoo1-1  | 2024-04-05 19:12:29,317 [myid:] - WARN  [QuorumPeer[myid=1](plain=0.0.0.0:2181)(secure=disabled):o.a.z.s.q.Follower@128] - Exception when following the leader
zoo2-1  | 2024-04-05 19:12:29,316 [myid:] - INFO  [QuorumPeer[myid=2](plain=0.0.0.0:2181)(secure=disabled):o.a.z.s.q.LearnerHandler@1160] - Synchronously closing socket to learner 3.
zoo1-1  | java.io.EOFException: null
zoo2-1  | 2024-04-05 19:12:29,317 [myid:] - ERROR [LearnerHandler-/172.19.0.3:47676:o.a.z.s.q.LearnerHandler@720] - Unexpected exception in LearnerHandler:
zoo1-1  |       at java.base/java.io.DataInputStream.readInt(Unknown Source)
zoo2-1  | java.net.SocketException: Socket closed
zoo2-1  |       at java.base/sun.nio.ch.NioSocketImpl.endRead(Unknown Source)
zoo1-1  |       at org.apache.jute.BinaryInputArchive.readInt(BinaryInputArchive.java:96)
zoo2-1  |       at java.base/sun.nio.ch.NioSocketImpl.implRead(Unknown Source)
zoo1-1  |       at org.apache.zookeeper.server.quorum.QuorumPacket.deserialize(QuorumPacket.java:86)
zoo3-1  | 2024-04-05 19:12:29,323 [myid:] - WARN  [QuorumPeer[myid=3](plain=0.0.0.0:2181)(secure=disabled):o.a.z.s.q.Follower@128] - Exception when following the leader
zoo2-1  |       at java.base/sun.nio.ch.NioSocketImpl.read(Unknown Source)
zoo1-1  |       at org.apache.jute.BinaryInputArchive.readRecord(BinaryInputArchive.java:134)
zoo3-1  | java.io.EOFException: null
zoo2-1  |       at java.base/sun.nio.ch.NioSocketImpl$1.read(Unknown Source)
zoo1-1  |       at org.apache.zookeeper.server.quorum.Learner.readPacket(Learner.java:228)
zoo3-1  |       at java.base/java.io.DataInputStream.readInt(Unknown Source)
zoo2-1  |       at java.base/java.net.Socket$SocketInputStream.read(Unknown Source)
zoo1-1  |       at org.apache.zookeeper.server.quorum.Follower.followLeader(Follower.java:124)
zoo3-1  |       at org.apache.jute.BinaryInputArchive.readInt(BinaryInputArchive.java:96)
zoo1-1  |       at org.apache.zookeeper.server.quorum.QuorumPeer.run(QuorumPeer.java:1556)
zoo2-1  |       at java.base/java.io.BufferedInputStream.fill(Unknown Source)
zoo3-1  |       at org.apache.zookeeper.server.quorum.QuorumPacket.deserialize(QuorumPacket.java:86)
zoo2-1  |       at java.base/java.io.BufferedInputStream.read(Unknown Source)
zoo1-1  | 2024-04-05 19:12:29,320 [myid:] - INFO  [QuorumPeer[myid=1](plain=0.0.0.0:2181)(secure=disabled):o.a.z.s.q.Follower@142] - Disconnected from leader (with address: zoo2/172.19.0.4:2888). Was connected for 338321ms. Sync state: true
zoo3-1  |       at org.apache.jute.BinaryInputArchive.readRecord(BinaryInputArchive.java:134)
zoo2-1  |       at java.base/java.io.DataInputStream.readInt(Unknown Source)
zoo1-1  | 2024-04-05 19:12:29,335 [myid:] - INFO  [QuorumPeer[myid=1](plain=0.0.0.0:2181)(secure=disabled):o.a.z.s.q.Follower@286] - shutdown Follower
zoo3-1  |       at org.apache.zookeeper.server.quorum.Learner.readPacket(Learner.java:228)
zoo2-1  |       at org.apache.jute.BinaryInputArchive.readInt(BinaryInputArchive.java:96)
zoo1-1  | 2024-04-05 19:12:29,351 [myid:] - INFO  [QuorumPeer[myid=1](plain=0.0.0.0:2181)(secure=disabled):o.a.z.s.ZooKeeperServer@943] - shutting down
zoo3-1  |       at org.apache.zookeeper.server.quorum.Follower.followLeader(Follower.java:124)
zoo2-1  |       at org.apache.zookeeper.server.quorum.QuorumPacket.deserialize(QuorumPacket.java:86)
zoo1-1  | 2024-04-05 19:12:29,352 [myid:] - INFO  [QuorumPeer[myid=1](plain=0.0.0.0:2181)(secure=disabled):o.a.z.s.RequestThrottler@256] - Shutting down
zoo3-1  |       at org.apache.zookeeper.server.quorum.QuorumPeer.run(QuorumPeer.java:1556)
zoo2-1  |       at org.apache.jute.BinaryInputArchive.readRecord(BinaryInputArchive.java:134)
zoo1-1  | 2024-04-05 19:12:29,353 [myid:] - INFO  [RequestThrottler:o.a.z.s.RequestThrottler@217] - Draining request throttler queue
zoo3-1  | 2024-04-05 19:12:29,327 [myid:] - INFO  [QuorumPeer[myid=3](plain=0.0.0.0:2181)(secure=disabled):o.a.z.s.q.Follower@142] - Disconnected from leader (with address: zoo2/172.19.0.4:2888). Was connected for 335888ms. Sync state: true
zoo2-1  |       at org.apache.zookeeper.server.quorum.LearnerHandler.run(LearnerHandler.java:657)
zoo1-1  | 2024-04-05 19:12:29,353 [myid:] - INFO  [RequestThrottler:o.a.z.s.RequestThrottler@195] - RequestThrottler shutdown. Dropped 0 requests
zoo3-1  | 2024-04-05 19:12:29,329 [myid:] - INFO  [QuorumPeer[myid=3](plain=0.0.0.0:2181)(secure=disabled):o.a.z.s.q.Follower@286] - shutdown Follower
zoo2-1  | 2024-04-05 19:12:29,319 [myid:] - WARN  [LearnerHandler-/172.19.0.3:47676:o.a.z.s.q.LearnerHandler@736] - ******* GOODBYE /172.19.0.3:47676 ********
zoo1-1  | 2024-04-05 19:12:29,354 [myid:] - INFO  [QuorumPeer[myid=1](plain=0.0.0.0:2181)(secure=disabled):o.a.z.s.q.FollowerRequestProcessor@172] - Shutting down
zoo3-1  | 2024-04-05 19:12:29,329 [myid:] - INFO  [QuorumPeer[myid=3](plain=0.0.0.0:2181)(secure=disabled):o.a.z.s.ZooKeeperServer@943] - shutting down
zoo2-1  | 2024-04-05 19:12:29,320 [myid:] - ERROR [LearnerHandler-/172.19.0.2:46240:o.a.z.s.q.LearnerHandler@720] - Unexpected exception in LearnerHandler:
zoo1-1  | 2024-04-05 19:12:29,354 [myid:] - INFO  [QuorumPeer[myid=1](plain=0.0.0.0:2181)(secure=disabled):o.a.z.s.q.CommitProcessor@631] - Shutting down
zoo3-1  | 2024-04-05 19:12:29,360 [myid:] - INFO  [QuorumPeer[myid=3](plain=0.0.0.0:2181)(secure=disabled):o.a.z.s.RequestThrottler@256] - Shutting down
zoo2-1  | java.net.SocketException: Socket closed
zoo1-1  | 2024-04-05 19:12:29,356 [myid:] - INFO  [CommitProcessor:1:o.a.z.s.q.CommitProcessor@419] - CommitProcessor exited loop!
zoo3-1  | 2024-04-05 19:12:29,361 [myid:] - INFO  [RequestThrottler:o.a.z.s.RequestThrottler@217] - Draining request throttler queue
zoo2-1  |       at java.base/sun.nio.ch.NioSocketImpl.endRead(Unknown Source)
zoo1-1  | 2024-04-05 19:12:29,357 [myid:] - INFO  [QuorumPeer[myid=1](plain=0.0.0.0:2181)(secure=disabled):o.a.z.s.FinalRequestProcessor@668] - shutdown of request processor complete
zoo3-1  | 2024-04-05 19:12:29,361 [myid:] - INFO  [RequestThrottler:o.a.z.s.RequestThrottler@195] - RequestThrottler shutdown. Dropped 0 requests
zoo2-1  |       at java.base/sun.nio.ch.NioSocketImpl.implRead(Unknown Source)
zoo1-1  | 2024-04-05 19:12:29,356 [myid:] - INFO  [FollowerRequestProcessor:1:o.a.z.s.q.FollowerRequestProcessor@128] - FollowerRequestProcessor exited loop!
zoo3-1  | 2024-04-05 19:12:29,363 [myid:] - INFO  [QuorumPeer[myid=3](plain=0.0.0.0:2181)(secure=disabled):o.a.z.s.q.FollowerRequestProcessor@172] - Shutting down
zoo2-1  |       at java.base/sun.nio.ch.NioSocketImpl.read(Unknown Source)
zoo1-1  | 2024-04-05 19:12:29,390 [myid:] - WARN  [NIOWorkerThread-8:o.a.z.s.NIOServerCnxn@393] - Close of session 0x0
zoo3-1  | 2024-04-05 19:12:29,365 [myid:] - INFO  [FollowerRequestProcessor:3:o.a.z.s.q.FollowerRequestProcessor@128] - FollowerRequestProcessor exited loop!
zoo2-1  |       at java.base/sun.nio.ch.NioSocketImpl$1.read(Unknown Source)
zoo1-1  | java.io.IOException: ZooKeeperServer not running
zoo3-1  | 2024-04-05 19:12:29,367 [myid:] - INFO  [QuorumPeer[myid=3](plain=0.0.0.0:2181)(secure=disabled):o.a.z.s.q.CommitProcessor@631] - Shutting down
zoo2-1  |       at java.base/java.net.Socket$SocketInputStream.read(Unknown Source)
zoo1-1  |       at org.apache.zookeeper.server.NIOServerCnxn.readLength(NIOServerCnxn.java:572)
zoo3-1  | 2024-04-05 19:12:29,368 [myid:] - INFO  [QuorumPeer[myid=3](plain=0.0.0.0:2181)(secure=disabled):o.a.z.s.FinalRequestProcessor@668] - shutdown of request processor complete
zoo2-1  |       at java.base/java.io.BufferedInputStream.fill(Unknown Source)
zoo1-1  |       at org.apache.zookeeper.server.NIOServerCnxn.doIO(NIOServerCnxn.java:352)
zoo3-1  | 2024-04-05 19:12:29,368 [myid:] - INFO  [CommitProcessor:3:o.a.z.s.q.CommitProcessor@419] - CommitProcessor exited loop!
zoo2-1  |       at java.base/java.io.BufferedInputStream.read(Unknown Source)
zoo1-1  |       at org.apache.zookeeper.server.NIOServerCnxnFactory$IOWorkRequest.doWork(NIOServerCnxnFactory.java:508)
zoo2-1  |       at java.base/java.io.DataInputStream.readInt(Unknown Source)
zoo1-1  |       at org.apache.zookeeper.server.WorkerService$ScheduledWorkRequest.run(WorkerService.java:153)
zoo2-1  |       at org.apache.jute.BinaryInputArchive.readInt(BinaryInputArchive.java:96)
zoo1-1  |       at java.base/java.util.concurrent.ThreadPoolExecutor.runWorker(Unknown Source)
zoo2-1  |       at org.apache.zookeeper.server.quorum.QuorumPacket.deserialize(QuorumPacket.java:86)
zoo1-1  |       at java.base/java.util.concurrent.ThreadPoolExecutor$Worker.run(Unknown Source)
zoo2-1  |       at org.apache.jute.BinaryInputArchive.readRecord(BinaryInputArchive.java:134)
zoo1-1  |       at java.base/java.lang.Thread.run(Unknown Source)
zoo2-1  |       at org.apache.zookeeper.server.quorum.LearnerHandler.run(LearnerHandler.java:657)
zoo1-1  | 2024-04-05 19:12:29,401 [myid:] - WARN  [NIOWorkerThread-5:o.a.z.s.NIOServerCnxn@393] - Close of session 0x0
zoo2-1  | 2024-04-05 19:12:29,321 [myid:] - WARN  [LearnerHandler-/172.19.0.2:46240:o.a.z.s.q.LearnerHandler@736] - ******* GOODBYE /172.19.0.2:46240 ********
zoo1-1  | java.io.IOException: ZooKeeperServer not running
zoo2-1  | 2024-04-05 19:12:29,321 [myid:] - WARN  [LearnerHandler-/172.19.0.2:46240:o.a.z.s.q.LearnerHandler@1050] - Ignoring unexpected exception
zoo1-1  |       at org.apache.zookeeper.server.NIOServerCnxn.readLength(NIOServerCnxn.java:572)
zoo2-1  | java.lang.InterruptedException: null
zoo1-1  |       at org.apache.zookeeper.server.NIOServerCnxn.doIO(NIOServerCnxn.java:352)
zoo2-1  |       at java.base/java.util.concurrent.locks.ReentrantLock$Sync.lockInterruptibly(Unknown Source)
zoo1-1  |       at org.apache.zookeeper.server.NIOServerCnxnFactory$IOWorkRequest.doWork(NIOServerCnxnFactory.java:508)
zoo2-1  |       at java.base/java.util.concurrent.locks.ReentrantLock.lockInterruptibly(Unknown Source)
zoo1-1  |       at org.apache.zookeeper.server.WorkerService$ScheduledWorkRequest.run(WorkerService.java:153)
zoo2-1  |       at java.base/java.util.concurrent.LinkedBlockingQueue.put(Unknown Source)
zoo1-1  |       at java.base/java.util.concurrent.ThreadPoolExecutor.runWorker(Unknown Source)
zoo2-1  |       at org.apache.zookeeper.server.quorum.LearnerHandler.shutdown(LearnerHandler.java:1048)
zoo1-1  |       at java.base/java.util.concurrent.ThreadPoolExecutor$Worker.run(Unknown Source)
zoo2-1  |       at org.apache.zookeeper.server.quorum.LearnerHandler.run(LearnerHandler.java:738)
zoo1-1  |       at java.base/java.lang.Thread.run(Unknown Source)
zoo1-1  | 2024-04-05 19:12:29,422 [myid:] - WARN  [NIOWorkerThread-6:o.a.z.s.NIOServerCnxn@393] - Close of session 0x0
zoo1-1  | java.io.IOException: ZooKeeperServer not running
zoo1-1  |       at org.apache.zookeeper.server.NIOServerCnxn.readLength(NIOServerCnxn.java:572)
zoo1-1  |       at org.apache.zookeeper.server.NIOServerCnxn.doIO(NIOServerCnxn.java:352)
zoo1-1  |       at org.apache.zookeeper.server.NIOServerCnxnFactory$IOWorkRequest.doWork(NIOServerCnxnFactory.java:508)
zoo1-1  |       at org.apache.zookeeper.server.WorkerService$ScheduledWorkRequest.run(WorkerService.java:153)
zoo1-1  |       at java.base/java.util.concurrent.ThreadPoolExecutor.runWorker(Unknown Source)
zoo1-1  |       at java.base/java.util.concurrent.ThreadPoolExecutor$Worker.run(Unknown Source)
zoo1-1  |       at java.base/java.lang.Thread.run(Unknown Source)
zoo1-1  | 2024-04-05 19:12:29,514 [myid:] - WARN  [NIOWorkerThread-3:o.a.z.s.NIOServerCnxn@393] - Close of session 0x0
zoo1-1  | java.io.IOException: ZooKeeperServer not running
zoo1-1  |       at org.apache.zookeeper.server.NIOServerCnxn.readLength(NIOServerCnxn.java:572)
zoo1-1  |       at org.apache.zookeeper.server.NIOServerCnxn.doIO(NIOServerCnxn.java:352)
zoo1-1  |       at org.apache.zookeeper.server.NIOServerCnxnFactory$IOWorkRequest.doWork(NIOServerCnxnFactory.java:508)
