zoo1-1  |       at org.apache.zookeeper.server.WorkerService$ScheduledWorkRequest.run(WorkerService.java:153)
zoo1-1  |       at java.base/java.util.concurrent.ThreadPoolExecutor.runWorker(Unknown Source)
zoo1-1  |       at java.base/java.util.concurrent.ThreadPoolExecutor$Worker.run(Unknown Source)
zoo1-1  |       at java.base/java.lang.Thread.run(Unknown Source)
zoo1-1  | 2024-04-05 19:12:29,569 [myid:] - WARN  [NIOWorkerThread-7:o.a.z.s.NIOServerCnxn@393] - Close of session 0x0
zoo1-1  | java.io.IOException: ZooKeeperServer not running
zoo1-1  |       at org.apache.zookeeper.server.NIOServerCnxn.readLength(NIOServerCnxn.java:572)
zoo1-1  |       at org.apache.zookeeper.server.NIOServerCnxn.doIO(NIOServerCnxn.java:352)
zoo1-1  |       at org.apache.zookeeper.server.NIOServerCnxnFactory$IOWorkRequest.doWork(NIOServerCnxnFactory.java:508)
zoo1-1  |       at org.apache.zookeeper.server.WorkerService$ScheduledWorkRequest.run(WorkerService.java:153)
zoo1-1  |       at java.base/java.util.concurrent.ThreadPoolExecutor.runWorker(Unknown Source)
zoo1-1  |       at java.base/java.util.concurrent.ThreadPoolExecutor$Worker.run(Unknown Source)
zoo1-1  |       at java.base/java.lang.Thread.run(Unknown Source)
zoo1-1  | 2024-04-05 19:12:29,587 [myid:] - WARN  [NIOWorkerThread-4:o.a.z.s.NIOServerCnxn@393] - Close of session 0x0
zoo1-1  | java.io.IOException: ZooKeeperServer not running
zoo1-1  |       at org.apache.zookeeper.server.NIOServerCnxn.readLength(NIOServerCnxn.java:572)
zoo1-1  |       at org.apache.zookeeper.server.NIOServerCnxn.doIO(NIOServerCnxn.java:352)
zoo1-1  |       at org.apache.zookeeper.server.NIOServerCnxnFactory$IOWorkRequest.doWork(NIOServerCnxnFactory.java:508)
zoo2-1  | 2024-04-05 19:12:29,644 [myid:] - WARN  [SyncThread:2:o.a.z.s.p.FileTxnLog@412] - fsync-ing the write ahead log in SyncThread:2 took 4543ms which will adversely effect operation latency.File size is 67108880 bytes. See the ZooKeeper troubleshooting guide
zoo1-1  |       at org.apache.zookeeper.server.WorkerService$ScheduledWorkRequest.run(WorkerService.java:153)
zoo3-1  | 2024-04-05 19:12:29,668 [myid:] - INFO  [WorkerReceiver[myid=3]:o.a.z.s.q.FastLeaderElection$Messenger$WorkerReceiver@391] - Notification: my state:FOLLOWING; n.sid:1, n.state:LOOKING, n.leader:1, n.round:0x2, n.peerEpoch:0x1, n.zxid:0x1000000dd, message format version:0x2, n.config version:0x0
zoo2-1  | 2024-04-05 19:12:29,681 [myid:] - INFO  [WorkerReceiver[myid=2]:o.a.z.s.q.FastLeaderElection$Messenger$WorkerReceiver@391] - Notification: my state:LEADING; n.sid:1, n.state:LOOKING, n.leader:1, n.round:0x2, n.peerEpoch:0x1, n.zxid:0x1000000dd, message format version:0x2, n.config version:0x0
zoo1-1  |       at java.base/java.util.concurrent.ThreadPoolExecutor.runWorker(Unknown Source)
zoo3-1  | 2024-04-05 19:12:29,684 [myid:] - WARN  [SyncThread:3:o.a.z.s.p.FileTxnLog@412] - fsync-ing the write ahead log in SyncThread:3 took 4583ms which will adversely effect operation latency.File size is 67108880 bytes. See the ZooKeeper troubleshooting guide
zoo2-1  | 2024-04-05 19:12:29,749 [myid:] - INFO  [WorkerReceiver[myid=2]:o.a.z.s.q.FastLeaderElection$Messenger$WorkerReceiver@391] - Notification: my state:LEADING; n.sid:3, n.state:LOOKING, n.leader:3, n.round:0x2, n.peerEpoch:0x1, n.zxid:0x1000000dd, message format version:0x2, n.config version:0x0
zoo1-1  |       at java.base/java.util.concurrent.ThreadPoolExecutor$Worker.run(Unknown Source)
zoo3-1  | 2024-04-05 19:12:29,686 [myid:] - WARN  [SyncThread:3:o.a.z.s.q.SendAckRequestProcessor@65] - Closing connection to leader, exception during packet send
zoo2-1  | 2024-04-05 19:12:29,799 [myid:] - INFO  [LearnerHandler-/172.19.0.2:45110:o.a.z.s.q.LearnerHandler@511] - Follower sid: 1 : info : zoo1:2888:3888:participant;0.0.0.0:2181
zoo1-1  |       at java.base/java.lang.Thread.run(Unknown Source)
zoo3-1  | java.net.SocketException: Socket closed
zoo2-1  | 2024-04-05 19:12:29,815 [myid:] - INFO  [LearnerHandler-/172.19.0.2:45110:o.a.z.s.ZKDatabase@342] - On disk txn sync enabled with snapshotSizeFactor 0.33
zoo1-1  | 2024-04-05 19:12:29,591 [myid:] - WARN  [NIOWorkerThread-2:o.a.z.s.NIOServerCnxn@393] - Close of session 0x0
zoo3-1  |       at java.base/sun.nio.ch.NioSocketImpl.ensureOpenAndConnected(Unknown Source)
zoo2-1  | 2024-04-05 19:12:29,815 [myid:] - INFO  [LearnerHandler-/172.19.0.2:45110:o.a.z.s.q.LearnerHandler@806] - Synchronizing with Learner sid: 1 maxCommittedLog=0x1000000dc minCommittedLog=0x100000001 lastProcessedZxid=0x1000000dc peerLastZxid=0x1000000dd
zoo1-1  | java.io.IOException: ZooKeeperServer not running
zoo3-1  |       at java.base/sun.nio.ch.NioSocketImpl.beginWrite(Unknown Source)
zoo2-1  | 2024-04-05 19:12:29,844 [myid:] - INFO  [LearnerHandler-/172.19.0.3:43482:o.a.z.s.q.LearnerHandler@511] - Follower sid: 3 : info : zoo3:2888:3888:participant;0.0.0.0:2181
zoo1-1  |       at org.apache.zookeeper.server.NIOServerCnxn.readLength(NIOServerCnxn.java:572)
zoo3-1  |       at java.base/sun.nio.ch.NioSocketImpl.implWrite(Unknown Source)
zoo2-1  | 2024-04-05 19:12:29,855 [myid:] - INFO  [LearnerHandler-/172.19.0.3:43482:o.a.z.s.ZKDatabase@342] - On disk txn sync enabled with snapshotSizeFactor 0.33
zoo1-1  |       at org.apache.zookeeper.server.NIOServerCnxn.doIO(NIOServerCnxn.java:352)
zoo3-1  |       at java.base/sun.nio.ch.NioSocketImpl.write(Unknown Source)
zoo2-1  | 2024-04-05 19:12:29,857 [myid:] - INFO  [LearnerHandler-/172.19.0.3:43482:o.a.z.s.q.LearnerHandler@806] - Synchronizing with Learner sid: 3 maxCommittedLog=0x1000000dc minCommittedLog=0x100000001 lastProcessedZxid=0x1000000dc peerLastZxid=0x1000000dd
zoo1-1  |       at org.apache.zookeeper.server.NIOServerCnxnFactory$IOWorkRequest.doWork(NIOServerCnxnFactory.java:508)
zoo3-1  |       at java.base/sun.nio.ch.NioSocketImpl$2.write(Unknown Source)
zoo2-1  | 2024-04-05 19:12:30,142 [myid:] - ERROR [LearnerHandler-/172.19.0.3:43482:o.a.z.s.q.LearnerHandler@720] - Unexpected exception in LearnerHandler:
zoo1-1  |       at org.apache.zookeeper.server.WorkerService$ScheduledWorkRequest.run(WorkerService.java:153)
zoo3-1  |       at java.base/java.net.Socket$SocketOutputStream.write(Unknown Source)
zoo2-1  | java.io.EOFException: null
zoo1-1  |       at java.base/java.util.concurrent.ThreadPoolExecutor.runWorker(Unknown Source)
zoo3-1  |       at java.base/java.io.BufferedOutputStream.flushBuffer(Unknown Source)
zoo2-1  |       at java.base/java.io.DataInputStream.readInt(Unknown Source)
zoo1-1  |       at java.base/java.util.concurrent.ThreadPoolExecutor$Worker.run(Unknown Source)
zoo3-1  |       at java.base/java.io.BufferedOutputStream.flush(Unknown Source)
zoo2-1  |       at org.apache.jute.BinaryInputArchive.readInt(BinaryInputArchive.java:96)
zoo1-1  |       at java.base/java.lang.Thread.run(Unknown Source)
zoo3-1  |       at org.apache.zookeeper.server.quorum.Learner.writePacketNow(Learner.java:206)
zoo2-1  |       at org.apache.zookeeper.server.quorum.QuorumPacket.deserialize(QuorumPacket.java:86)
zoo1-1  | 2024-04-05 19:12:29,595 [myid:] - WARN  [NIOWorkerThread-1:o.a.z.s.NIOServerCnxn@393] - Close of session 0x0
zoo3-1  |       at org.apache.zookeeper.server.quorum.Learner.writePacket(Learner.java:195)
zoo2-1  |       at org.apache.jute.BinaryInputArchive.readRecord(BinaryInputArchive.java:134)
zoo1-1  | java.io.IOException: ZooKeeperServer not running
zoo3-1  |       at org.apache.zookeeper.server.quorum.SendAckRequestProcessor.flush(SendAckRequestProcessor.java:63)
zoo2-1  |       at org.apache.zookeeper.server.quorum.LearnerHandler.run(LearnerHandler.java:657)
zoo1-1  |       at org.apache.zookeeper.server.NIOServerCnxn.readLength(NIOServerCnxn.java:572)
zoo3-1  |       at org.apache.zookeeper.server.SyncRequestProcessor.flush(SyncRequestProcessor.java:248)
zoo2-1  | 2024-04-05 19:12:30,143 [myid:] - INFO  [LearnerHandler-/172.19.0.3:43482:o.a.z.s.q.LearnerHandler@1160] - Synchronously closing socket to learner 3.
zoo1-1  |       at org.apache.zookeeper.server.NIOServerCnxn.doIO(NIOServerCnxn.java:352)
zoo3-1  |       at org.apache.zookeeper.server.SyncRequestProcessor.run(SyncRequestProcessor.java:169)
zoo2-1  | 2024-04-05 19:12:30,143 [myid:] - WARN  [LearnerHandler-/172.19.0.3:43482:o.a.z.s.q.LearnerHandler@736] - ******* GOODBYE /172.19.0.3:43482 ********
zoo1-1  |       at org.apache.zookeeper.server.NIOServerCnxnFactory$IOWorkRequest.doWork(NIOServerCnxnFactory.java:508)
zoo3-1  | 2024-04-05 19:12:29,695 [myid:] - INFO  [QuorumPeer[myid=3](plain=0.0.0.0:2181)(secure=disabled):o.a.z.s.p.FileTxnSnapLog@372] - 1 txns loaded in 0 ms
zoo2-1  | 2024-04-05 19:12:30,159 [myid:] - INFO  [WorkerReceiver[myid=2]:o.a.z.s.q.FastLeaderElection$Messenger$WorkerReceiver@391] - Notification: my state:LEADING; n.sid:3, n.state:LOOKING, n.leader:3, n.round:0x2, n.peerEpoch:0x1, n.zxid:0x1000000dc, message format version:0x2, n.config version:0x0
zoo1-1  |       at org.apache.zookeeper.server.WorkerService$ScheduledWorkRequest.run(WorkerService.java:153)
zoo3-1  | 2024-04-05 19:12:29,710 [myid:] - ERROR [SyncThread:3:o.a.z.s.ZooKeeperCriticalThread@49] - Severe unrecoverable error, from thread : SyncThread:3
zoo2-1  | 2024-04-05 19:12:30,206 [myid:] - INFO  [LearnerHandler-/172.19.0.3:43486:o.a.z.s.q.LearnerHandler@511] - Follower sid: 3 : info : zoo3:2888:3888:participant;0.0.0.0:2181
zoo1-1  |       at java.base/java.util.concurrent.ThreadPoolExecutor.runWorker(Unknown Source)
zoo3-1  | java.lang.NullPointerException: Cannot invoke "java.net.Socket.isClosed()" because "this.learner.sock" is null
zoo2-1  | 2024-04-05 19:12:30,216 [myid:] - INFO  [LearnerHandler-/172.19.0.3:43486:o.a.z.s.ZKDatabase@342] - On disk txn sync enabled with snapshotSizeFactor 0.33
zoo1-1  |       at java.base/java.util.concurrent.ThreadPoolExecutor$Worker.run(Unknown Source)
zoo3-1  |       at org.apache.zookeeper.server.quorum.SendAckRequestProcessor.flush(SendAckRequestProcessor.java:67)
zoo2-1  | 2024-04-05 19:12:30,217 [myid:] - INFO  [LearnerHandler-/172.19.0.3:43486:o.a.z.s.q.LearnerHandler@806] - Synchronizing with Learner sid: 3 maxCommittedLog=0x1000000de minCommittedLog=0x100000001 lastProcessedZxid=0x1000000de peerLastZxid=0x1000000dc
zoo1-1  |       at java.base/java.lang.Thread.run(Unknown Source)
zoo3-1  |       at org.apache.zookeeper.server.SyncRequestProcessor.flush(SyncRequestProcessor.java:248)
zoo2-1  | 2024-04-05 19:12:30,217 [myid:] - INFO  [LearnerHandler-/172.19.0.3:43486:o.a.z.s.q.LearnerHandler@870] - Using committedLog for peer sid: 3
zoo1-1  | 2024-04-05 19:12:29,596 [myid:] - WARN  [NIOWorkerThread-8:o.a.z.s.NIOServerCnxn@393] - Close of session 0x0
zoo3-1  |       at org.apache.zookeeper.server.SyncRequestProcessor.run(SyncRequestProcessor.java:169)
zoo2-1  | 2024-04-05 19:12:30,219 [myid:] - INFO  [LearnerHandler-/172.19.0.3:43486:o.a.z.s.q.LearnerHandler@978] - Sending DIFF zxid=0x1000000de  for peer sid: 3
zoo1-1  | java.io.IOException: ZooKeeperServer not running
zoo3-1  | 2024-04-05 19:12:29,709 [myid:] - INFO  [QuorumPeer[myid=3](plain=0.0.0.0:2181)(secure=disabled):o.a.z.s.q.QuorumPeer@920] - Peer state changed: looking
zoo1-1  |       at org.apache.zookeeper.server.NIOServerCnxn.readLength(NIOServerCnxn.java:572)
zoo3-1  | 2024-04-05 19:12:29,712 [myid:] - WARN  [QuorumPeer[myid=3](plain=0.0.0.0:2181)(secure=disabled):o.a.z.s.q.QuorumPeer@1602] - PeerState set to LOOKING
zoo1-1  |       at org.apache.zookeeper.server.NIOServerCnxn.doIO(NIOServerCnxn.java:352)
zoo3-1  | 2024-04-05 19:12:29,712 [myid:] - INFO  [QuorumPeer[myid=3](plain=0.0.0.0:2181)(secure=disabled):o.a.z.s.q.QuorumPeer@1471] - LOOKING
zoo1-1  |       at org.apache.zookeeper.server.NIOServerCnxnFactory$IOWorkRequest.doWork(NIOServerCnxnFactory.java:508)
zoo3-1  | 2024-04-05 19:12:29,712 [myid:] - INFO  [SyncThread:3:o.a.z.s.ZooKeeperServerListenerImpl@43] - Thread SyncThread:3 exits, error code 1
zoo1-1  |       at org.apache.zookeeper.server.WorkerService$ScheduledWorkRequest.run(WorkerService.java:153)
zoo3-1  | 2024-04-05 19:12:29,712 [myid:] - INFO  [SyncThread:3:o.a.z.s.SyncRequestProcessor@224] - SyncRequestProcessor exited!
zoo1-1  |       at java.base/java.util.concurrent.ThreadPoolExecutor.runWorker(Unknown Source)
zoo3-1  | 2024-04-05 19:12:29,713 [myid:] - INFO  [QuorumPeer[myid=3](plain=0.0.0.0:2181)(secure=disabled):o.a.z.s.q.FastLeaderElection@947] - New election. My id = 3, proposed zxid=0x1000000dd
zoo1-1  |       at java.base/java.util.concurrent.ThreadPoolExecutor$Worker.run(Unknown Source)
zoo3-1  | 2024-04-05 19:12:29,747 [myid:] - INFO  [WorkerReceiver[myid=3]:o.a.z.s.q.FastLeaderElection$Messenger$WorkerReceiver@391] - Notification: my state:LOOKING; n.sid:3, n.state:LOOKING, n.leader:3, n.round:0x2, n.peerEpoch:0x1, n.zxid:0x1000000dd, message format version:0x2, n.config version:0x0
zoo1-1  |       at java.base/java.lang.Thread.run(Unknown Source)
zoo3-1  | 2024-04-05 19:12:29,763 [myid:] - INFO  [WorkerReceiver[myid=3]:o.a.z.s.q.FastLeaderElection$Messenger$WorkerReceiver@391] - Notification: my state:LOOKING; n.sid:2, n.state:LEADING, n.leader:2, n.round:0x1, n.peerEpoch:0x1, n.zxid:0x0, message format version:0x2, n.config version:0x0
zoo1-1  | 2024-04-05 19:12:29,608 [myid:] - WARN  [NIOWorkerThread-5:o.a.z.s.NIOServerCnxn@393] - Close of session 0x0
zoo3-1  | 2024-04-05 19:12:29,775 [myid:] - INFO  [QuorumPeer[myid=3](plain=0.0.0.0:2181)(secure=disabled):o.a.z.s.q.FastLeaderElection@1206] - Oracle indicates not to follow
zoo1-1  | java.io.IOException: ZooKeeperServer not running
zoo3-1  | 2024-04-05 19:12:29,776 [myid:] - INFO  [WorkerReceiver[myid=3]:o.a.z.s.q.FastLeaderElection$Messenger$WorkerReceiver@391] - Notification: my state:LOOKING; n.sid:1, n.state:FOLLOWING, n.leader:2, n.round:0x1, n.peerEpoch:0x1, n.zxid:0x0, message format version:0x2, n.config version:0x0
zoo1-1  |       at org.apache.zookeeper.server.NIOServerCnxn.readLength(NIOServerCnxn.java:572)
zoo3-1  | 2024-04-05 19:12:29,777 [myid:] - INFO  [QuorumPeer[myid=3](plain=0.0.0.0:2181)(secure=disabled):o.a.z.s.q.QuorumPeer@906] - Peer state changed: following
zoo1-1  |       at org.apache.zookeeper.server.NIOServerCnxn.doIO(NIOServerCnxn.java:352)
zoo3-1  | 2024-04-05 19:12:29,778 [myid:] - INFO  [QuorumPeer[myid=3](plain=0.0.0.0:2181)(secure=disabled):o.a.z.s.q.QuorumPeer@1554] - FOLLOWING
zoo1-1  |       at org.apache.zookeeper.server.NIOServerCnxnFactory$IOWorkRequest.doWork(NIOServerCnxnFactory.java:508)
zoo3-1  | 2024-04-05 19:12:29,789 [myid:] - INFO  [QuorumPeer[myid=3](plain=0.0.0.0:2181)(secure=disabled):o.a.z.s.AuthenticationHelper@66] - zookeeper.enforce.auth.enabled = false
zoo1-1  |       at org.apache.zookeeper.server.WorkerService$ScheduledWorkRequest.run(WorkerService.java:153)
zoo3-1  | 2024-04-05 19:12:29,790 [myid:] - INFO  [QuorumPeer[myid=3](plain=0.0.0.0:2181)(secure=disabled):o.a.z.s.AuthenticationHelper@67] - zookeeper.enforce.auth.schemes = []
zoo1-1  |       at java.base/java.util.concurrent.ThreadPoolExecutor.runWorker(Unknown Source)
zoo3-1  | 2024-04-05 19:12:29,790 [myid:] - INFO  [QuorumPeer[myid=3](plain=0.0.0.0:2181)(secure=disabled):o.a.z.s.ZooKeeperServer@1406] - minSessionTimeout set to 4000 ms
zoo1-1  |       at java.base/java.util.concurrent.ThreadPoolExecutor$Worker.run(Unknown Source)
zoo3-1  | 2024-04-05 19:12:29,790 [myid:] - INFO  [QuorumPeer[myid=3](plain=0.0.0.0:2181)(secure=disabled):o.a.z.s.ZooKeeperServer@1415] - maxSessionTimeout set to 40000 ms
zoo1-1  |       at java.base/java.lang.Thread.run(Unknown Source)
zoo3-1  | 2024-04-05 19:12:29,791 [myid:] - INFO  [QuorumPeer[myid=3](plain=0.0.0.0:2181)(secure=disabled):o.a.z.s.ResponseCache@45] - getData response cache size is initialized with value 400.
zoo1-1  | 2024-04-05 19:12:29,608 [myid:] - WARN  [NIOWorkerThread-6:o.a.z.s.NIOServerCnxn@393] - Close of session 0x0
zoo3-1  | 2024-04-05 19:12:29,791 [myid:] - INFO  [QuorumPeer[myid=3](plain=0.0.0.0:2181)(secure=disabled):o.a.z.s.ResponseCache@45] - getChildren response cache size is initialized with value 400.
zoo1-1  | java.io.IOException: ZooKeeperServer not running
zoo3-1  | 2024-04-05 19:12:29,792 [myid:] - INFO  [QuorumPeer[myid=3](plain=0.0.0.0:2181)(secure=disabled):o.a.z.s.u.RequestPathMetricsCollector@109] - zookeeper.pathStats.slotCapacity = 60
zoo1-1  |       at org.apache.zookeeper.server.NIOServerCnxn.readLength(NIOServerCnxn.java:572)
zoo3-1  | 2024-04-05 19:12:29,793 [myid:] - INFO  [QuorumPeer[myid=3](plain=0.0.0.0:2181)(secure=disabled):o.a.z.s.u.RequestPathMetricsCollector@110] - zookeeper.pathStats.slotDuration = 15
zoo1-1  |       at org.apache.zookeeper.server.NIOServerCnxn.doIO(NIOServerCnxn.java:352)
zoo3-1  | 2024-04-05 19:12:29,794 [myid:] - INFO  [QuorumPeer[myid=3](plain=0.0.0.0:2181)(secure=disabled):o.a.z.s.u.RequestPathMetricsCollector@111] - zookeeper.pathStats.maxDepth = 6
zoo1-1  |       at org.apache.zookeeper.server.NIOServerCnxnFactory$IOWorkRequest.doWork(NIOServerCnxnFactory.java:508)
zoo3-1  | 2024-04-05 19:12:29,794 [myid:] - INFO  [QuorumPeer[myid=3](plain=0.0.0.0:2181)(secure=disabled):o.a.z.s.u.RequestPathMetricsCollector@112] - zookeeper.pathStats.initialDelay = 5
zoo1-1  |       at org.apache.zookeeper.server.WorkerService$ScheduledWorkRequest.run(WorkerService.java:153)
zoo3-1  | 2024-04-05 19:12:29,794 [myid:] - INFO  [QuorumPeer[myid=3](plain=0.0.0.0:2181)(secure=disabled):o.a.z.s.u.RequestPathMetricsCollector@113] - zookeeper.pathStats.delay = 5
zoo1-1  |       at java.base/java.util.concurrent.ThreadPoolExecutor.runWorker(Unknown Source)
zoo3-1  | 2024-04-05 19:12:29,794 [myid:] - INFO  [QuorumPeer[myid=3](plain=0.0.0.0:2181)(secure=disabled):o.a.z.s.u.RequestPathMetricsCollector@114] - zookeeper.pathStats.enabled = false
zoo1-1  |       at java.base/java.util.concurrent.ThreadPoolExecutor$Worker.run(Unknown Source)
zoo3-1  | 2024-04-05 19:12:29,807 [myid:] - INFO  [QuorumPeer[myid=3](plain=0.0.0.0:2181)(secure=disabled):o.a.z.s.ZooKeeperServer@1633] - The max bytes for all large requests are set to 104857600
zoo1-1  |       at java.base/java.lang.Thread.run(Unknown Source)
zoo3-1  | 2024-04-05 19:12:29,807 [myid:] - INFO  [QuorumPeer[myid=3](plain=0.0.0.0:2181)(secure=disabled):o.a.z.s.ZooKeeperServer@1647] - The large request threshold is set to -1
zoo1-1  | 2024-04-05 19:12:29,645 [myid:] - INFO  [QuorumPeer[myid=1](plain=0.0.0.0:2181)(secure=disabled):o.a.z.s.p.FileTxnSnapLog@372] - 1 txns loaded in 0 ms
zoo3-1  | 2024-04-05 19:12:29,808 [myid:] - INFO  [QuorumPeer[myid=3](plain=0.0.0.0:2181)(secure=disabled):o.a.z.s.ZooKeeperServer@385] - Created server with tickTime 2000 ms minSessionTimeout 4000 ms maxSessionTimeout 40000 ms clientPortListenBacklog -1 dataLogdir /datalog/version-2 snapdir /data/version-2
zoo1-1  | 2024-04-05 19:12:29,646 [myid:] - INFO  [QuorumPeer[myid=1](plain=0.0.0.0:2181)(secure=disabled):o.a.z.s.q.QuorumPeer@920] - Peer state changed: looking
zoo3-1  | 2024-04-05 19:12:29,808 [myid:] - INFO  [QuorumPeer[myid=3](plain=0.0.0.0:2181)(secure=disabled):o.a.z.s.q.Follower@77] - FOLLOWING - LEADER ELECTION TOOK - 95 MS
zoo1-1  | 2024-04-05 19:12:29,646 [myid:] - WARN  [QuorumPeer[myid=1](plain=0.0.0.0:2181)(secure=disabled):o.a.z.s.q.QuorumPeer@1602] - PeerState set to LOOKING
zoo3-1  | 2024-04-05 19:12:29,809 [myid:] - INFO  [QuorumPeer[myid=3](plain=0.0.0.0:2181)(secure=disabled):o.a.z.s.q.QuorumPeer@920] - Peer state changed: following - discovery
zoo1-1  | 2024-04-05 19:12:29,647 [myid:] - INFO  [QuorumPeer[myid=1](plain=0.0.0.0:2181)(secure=disabled):o.a.z.s.q.QuorumPeer@1471] - LOOKING
zoo3-1  | 2024-04-05 19:12:29,822 [myid:] - INFO  [LeaderConnector-zoo2/172.19.0.4:2888:o.a.z.s.q.Learner$LeaderConnector@380] - Successfully connected to leader, using address: zoo2/172.19.0.4:2888
zoo1-1  | 2024-04-05 19:12:29,648 [myid:] - INFO  [QuorumPeer[myid=1](plain=0.0.0.0:2181)(secure=disabled):o.a.z.s.q.FastLeaderElection@947] - New election. My id = 1, proposed zxid=0x1000000dd
zoo3-1  | 2024-04-05 19:12:29,855 [myid:] - INFO  [QuorumPeer[myid=3](plain=0.0.0.0:2181)(secure=disabled):o.a.z.s.q.QuorumPeer@920] - Peer state changed: following - synchronization
zoo1-1  | 2024-04-05 19:12:29,714 [myid:] - WARN  [SyncThread:1:o.a.z.s.p.FileTxnLog@412] - fsync-ing the write ahead log in SyncThread:1 took 4610ms which will adversely effect operation latency.File size is 67108880 bytes. See the ZooKeeper troubleshooting guide
zoo3-1  | 2024-04-05 19:12:29,860 [myid:] - INFO  [QuorumPeer[myid=3](plain=0.0.0.0:2181)(secure=disabled):o.a.z.s.q.QuorumPeer@925] - Peer state changed: following - synchronization - trunc
zoo1-1  | 2024-04-05 19:12:29,715 [myid:] - WARN  [SyncThread:1:o.a.z.s.q.SendAckRequestProcessor@65] - Closing connection to leader, exception during packet send
zoo3-1  | 2024-04-05 19:12:29,860 [myid:] - WARN  [QuorumPeer[myid=3](plain=0.0.0.0:2181)(secure=disabled):o.a.z.s.q.Learner@597] - Truncating log to get in sync with the leader 0x1000000dc
zoo1-1  | java.net.SocketException: Socket closed
zoo3-1  | 2024-04-05 19:12:29,861 [myid:] - INFO  [QuorumPeer[myid=3](plain=0.0.0.0:2181)(secure=disabled):o.a.z.s.w.WatchManagerFactory@42] - Using org.apache.zookeeper.server.watch.WatchManager as watch manager
zoo1-1  |       at java.base/sun.nio.ch.NioSocketImpl.ensureOpenAndConnected(Unknown Source)
zoo3-1  | 2024-04-05 19:12:29,861 [myid:] - INFO  [QuorumPeer[myid=3](plain=0.0.0.0:2181)(secure=disabled):o.a.z.s.w.WatchManagerFactory@42] - Using org.apache.zookeeper.server.watch.WatchManager as watch manager
zoo1-1  |       at java.base/sun.nio.ch.NioSocketImpl.beginWrite(Unknown Source)
zoo3-1  | 2024-04-05 19:12:29,890 [myid:] - INFO  [QuorumPeer[myid=3](plain=0.0.0.0:2181)(secure=disabled):o.a.z.s.p.FileSnap@86] - Reading snapshot /data/version-2/snapshot.100000000
zoo1-1  |       at java.base/sun.nio.ch.NioSocketImpl.implWrite(Unknown Source)
zoo3-1  | 2024-04-05 19:12:29,892 [myid:] - INFO  [QuorumPeer[myid=3](plain=0.0.0.0:2181)(secure=disabled):o.a.z.s.DataTree@1712] - The digest value is empty in snapshot
zoo1-1  |       at java.base/sun.nio.ch.NioSocketImpl.write(Unknown Source)
zoo3-1  | 2024-04-05 19:12:29,953 [myid:] - INFO  [QuorumPeer[myid=3](plain=0.0.0.0:2181)(secure=disabled):o.a.z.s.p.FileTxnSnapLog@372] - 220 txns loaded in 60 ms
zoo1-1  |       at java.base/sun.nio.ch.NioSocketImpl$2.write(Unknown Source)
zoo3-1  | 2024-04-05 19:12:29,955 [myid:] - INFO  [QuorumPeer[myid=3](plain=0.0.0.0:2181)(secure=disabled):o.a.z.s.ZKDatabase@291] - Snapshot loaded in 64 ms, highest zxid is 0x1000000dc, digest is 7337900897
zoo1-1  |       at java.base/java.net.Socket$SocketOutputStream.write(Unknown Source)
zoo3-1  | 2024-04-05 19:12:29,959 [myid:] - WARN  [QuorumPeer[myid=3](plain=0.0.0.0:2181)(secure=disabled):o.a.z.s.q.Learner@635] - Got zxid 0x1000000dd expected 0x1
zoo1-1  |       at java.base/java.io.BufferedOutputStream.flushBuffer(Unknown Source)
zoo3-1  | 2024-04-05 19:12:29,971 [myid:] - INFO  [QuorumPeer[myid=3](plain=0.0.0.0:2181)(secure=disabled):o.a.z.s.q.Learner@735] - Learner received NEWLEADER message
zoo1-1  |       at java.base/java.io.BufferedOutputStream.flush(Unknown Source)
zoo3-1  | 2024-04-05 19:12:29,972 [myid:] - INFO  [QuorumPeer[myid=3](plain=0.0.0.0:2181)(secure=disabled):o.a.z.s.q.QuorumPeer@1909] - Dynamic reconfig is disabled, we don't store the last seen config.
zoo1-1  |       at org.apache.zookeeper.server.quorum.Learner.writePacketNow(Learner.java:206)
zoo3-1  | 2024-04-05 19:12:29,973 [myid:] - INFO  [QuorumPeer[myid=3](plain=0.0.0.0:2181)(secure=disabled):o.a.z.s.p.FileTxnSnapLog@480] - Snapshotting: 0x1000000dc to /data/version-2/snapshot.1000000dc
zoo1-1  |       at org.apache.zookeeper.server.quorum.Learner.writePacket(Learner.java:195)
zoo3-1  | 2024-04-05 19:12:29,975 [myid:] - INFO  [QuorumPeer[myid=3](plain=0.0.0.0:2181)(secure=disabled):o.a.z.s.ZooKeeperServer@589] - Snapshot taken in 2 ms
zoo1-1  |       at org.apache.zookeeper.server.quorum.SendAckRequestProcessor.flush(SendAckRequestProcessor.java:63)
zoo3-1  | 2024-04-05 19:12:29,987 [myid:] - INFO  [QuorumPeer[myid=3](plain=0.0.0.0:2181)(secure=disabled):o.a.z.s.q.QuorumPeer@925] - Peer state changed: following - synchronization
zoo1-1  |       at org.apache.zookeeper.server.SyncRequestProcessor.flush(SyncRequestProcessor.java:248)
zoo3-1  | 2024-04-05 19:12:29,988 [myid:] - INFO  [QuorumPeer[myid=3](plain=0.0.0.0:2181)(secure=disabled):o.a.z.s.q.CommitProcessor@490] - Configuring CommitProcessor with readBatchSize -1 commitBatchSize 1
zoo1-1  |       at org.apache.zookeeper.server.SyncRequestProcessor.run(SyncRequestProcessor.java:169)
zoo3-1  | 2024-04-05 19:12:29,988 [myid:] - INFO  [QuorumPeer[myid=3](plain=0.0.0.0:2181)(secure=disabled):o.a.z.s.q.CommitProcessor@451] - Configuring CommitProcessor with 4 worker threads.
zoo1-1  | 2024-04-05 19:12:29,716 [myid:] - ERROR [SyncThread:1:o.a.z.s.ZooKeeperCriticalThread@49] - Severe unrecoverable error, from thread : SyncThread:1
zoo3-1  | 2024-04-05 19:12:29,989 [myid:] - INFO  [QuorumPeer[myid=3](plain=0.0.0.0:2181)(secure=disabled):o.a.z.s.q.FollowerRequestProcessor@59] - Initialized FollowerRequestProcessor with zookeeper.follower.skipLearnerRequestToNextProcessor as false
zoo1-1  | java.lang.NullPointerException: Cannot invoke "java.net.Socket.isClosed()" because "this.learner.sock" is null
zoo3-1  | 2024-04-05 19:12:30,063 [myid:] - INFO  [QuorumPeer[myid=3](plain=0.0.0.0:2181)(secure=disabled):o.a.z.s.p.FileTxnLog@284] - Creating new log file: log.1000000dd
zoo1-1  |       at org.apache.zookeeper.server.quorum.SendAckRequestProcessor.flush(SendAckRequestProcessor.java:67)
zoo3-1  | 2024-04-05 19:12:30,110 [myid:] - INFO  [QuorumPeer[myid=3](plain=0.0.0.0:2181)(secure=disabled):o.a.z.s.q.Learner@769] - 2 txns have been persisted and it took 47ms
zoo1-1  |       at org.apache.zookeeper.server.SyncRequestProcessor.flush(SyncRequestProcessor.java:248)
zoo3-1  | 2024-04-05 19:12:30,138 [myid:] - INFO  [QuorumPeer[myid=3](plain=0.0.0.0:2181)(secure=disabled):o.a.z.s.q.Learner@776] - Set the current epoch to 1
zoo1-1  |       at org.apache.zookeeper.server.SyncRequestProcessor.run(SyncRequestProcessor.java:169)
zoo3-1  | 2024-04-05 19:12:30,139 [myid:] - INFO  [QuorumPeer[myid=3](plain=0.0.0.0:2181)(secure=disabled):o.a.z.s.q.Learner@780] - Sent NEWLEADER ack to leader with zxid 100000000
zoo1-1  | 2024-04-05 19:12:29,717 [myid:] - INFO  [SyncThread:1:o.a.z.s.ZooKeeperServerListenerImpl@43] - Thread SyncThread:1 exits, error code 1
zoo3-1  | 2024-04-05 19:12:30,140 [myid:] - WARN  [QuorumPeer[myid=3](plain=0.0.0.0:2181)(secure=disabled):o.a.z.s.q.Follower@128] - Exception when following the leader
zoo1-1  | 2024-04-05 19:12:29,718 [myid:] - INFO  [SyncThread:1:o.a.z.s.SyncRequestProcessor@224] - SyncRequestProcessor exited!
zoo3-1  | java.lang.NullPointerException: Cannot read field "hdr" because "pif" is null
zoo1-1  | 2024-04-05 19:12:29,729 [myid:] - INFO  [WorkerReceiver[myid=1]:o.a.z.s.q.FastLeaderElection$Messenger$WorkerReceiver@391] - Notification: my state:LOOKING; n.sid:1, n.state:LOOKING, n.leader:1, n.round:0x2, n.peerEpoch:0x1, n.zxid:0x1000000dd, message format version:0x2, n.config version:0x0
zoo3-1  |       at org.apache.zookeeper.server.quorum.Learner.syncWithLeader(Learner.java:653)
zoo1-1  | 2024-04-05 19:12:29,742 [myid:] - INFO  [WorkerReceiver[myid=1]:o.a.z.s.q.FastLeaderElection$Messenger$WorkerReceiver@391] - Notification: my state:LOOKING; n.sid:3, n.state:FOLLOWING, n.leader:2, n.round:0x1, n.peerEpoch:0x1, n.zxid:0x0, message format version:0x2, n.config version:0x0
zoo3-1  |       at org.apache.zookeeper.server.quorum.Follower.followLeader(Follower.java:108)
zoo1-1  | 2024-04-05 19:12:29,743 [myid:] - INFO  [WorkerReceiver[myid=1]:o.a.z.s.q.FastLeaderElection$Messenger$WorkerReceiver@391] - Notification: my state:LOOKING; n.sid:2, n.state:LEADING, n.leader:2, n.round:0x1, n.peerEpoch:0x1, n.zxid:0x0, message format version:0x2, n.config version:0x0
zoo3-1  |       at org.apache.zookeeper.server.quorum.QuorumPeer.run(QuorumPeer.java:1556)
zoo1-1  | 2024-04-05 19:12:29,745 [myid:] - INFO  [QuorumPeer[myid=1](plain=0.0.0.0:2181)(secure=disabled):o.a.z.s.q.QuorumPeer@906] - Peer state changed: following
zoo3-1  | 2024-04-05 19:12:30,141 [myid:] - INFO  [QuorumPeer[myid=3](plain=0.0.0.0:2181)(secure=disabled):o.a.z.s.q.Follower@142] - Disconnected from leader (with address: zoo2/172.19.0.4:2888). Was connected for 318ms. Sync state: false
zoo1-1  | 2024-04-05 19:12:29,758 [myid:] - INFO  [WorkerReceiver[myid=1]:o.a.z.s.q.FastLeaderElection$Messenger$WorkerReceiver@391] - Notification: my state:FOLLOWING; n.sid:3, n.state:LOOKING, n.leader:3, n.round:0x2, n.peerEpoch:0x1, n.zxid:0x1000000dd, message format version:0x2, n.config version:0x0
zoo3-1  | 2024-04-05 19:12:30,142 [myid:] - INFO  [QuorumPeer[myid=3](plain=0.0.0.0:2181)(secure=disabled):o.a.z.s.q.Follower@286] - shutdown Follower
zoo1-1  | 2024-04-05 19:12:29,761 [myid:] - INFO  [QuorumPeer[myid=1](plain=0.0.0.0:2181)(secure=disabled):o.a.z.s.q.QuorumPeer@1554] - FOLLOWING
zoo3-1  | 2024-04-05 19:12:30,142 [myid:] - INFO  [QuorumPeer[myid=3](plain=0.0.0.0:2181)(secure=disabled):o.a.z.s.q.QuorumPeer@920] - Peer state changed: looking
zoo1-1  | 2024-04-05 19:12:29,773 [myid:] - INFO  [QuorumPeer[myid=1](plain=0.0.0.0:2181)(secure=disabled):o.a.z.s.AuthenticationHelper@66] - zookeeper.enforce.auth.enabled = false
zoo3-1  | 2024-04-05 19:12:30,142 [myid:] - WARN  [QuorumPeer[myid=3](plain=0.0.0.0:2181)(secure=disabled):o.a.z.s.q.QuorumPeer@1602] - PeerState set to LOOKING
zoo1-1  | 2024-04-05 19:12:29,774 [myid:] - INFO  [QuorumPeer[myid=1](plain=0.0.0.0:2181)(secure=disabled):o.a.z.s.AuthenticationHelper@67] - zookeeper.enforce.auth.schemes = []
zoo3-1  | 2024-04-05 19:12:30,142 [myid:] - INFO  [QuorumPeer[myid=3](plain=0.0.0.0:2181)(secure=disabled):o.a.z.s.q.QuorumPeer@1471] - LOOKING
zoo1-1  | 2024-04-05 19:12:29,774 [myid:] - INFO  [QuorumPeer[myid=1](plain=0.0.0.0:2181)(secure=disabled):o.a.z.s.ZooKeeperServer@1406] - minSessionTimeout set to 4000 ms
zoo3-1  | 2024-04-05 19:12:30,143 [myid:] - INFO  [QuorumPeer[myid=3](plain=0.0.0.0:2181)(secure=disabled):o.a.z.s.q.FastLeaderElection@947] - New election. My id = 3, proposed zxid=0x1000000dc
zoo1-1  | 2024-04-05 19:12:29,774 [myid:] - INFO  [QuorumPeer[myid=1](plain=0.0.0.0:2181)(secure=disabled):o.a.z.s.ZooKeeperServer@1415] - maxSessionTimeout set to 40000 ms
zoo3-1  | 2024-04-05 19:12:30,158 [myid:] - INFO  [WorkerReceiver[myid=3]:o.a.z.s.q.FastLeaderElection$Messenger$WorkerReceiver@391] - Notification: my state:LOOKING; n.sid:3, n.state:LOOKING, n.leader:3, n.round:0x2, n.peerEpoch:0x1, n.zxid:0x1000000dc, message format version:0x2, n.config version:0x0
zoo1-1  | 2024-04-05 19:12:29,775 [myid:] - INFO  [QuorumPeer[myid=1](plain=0.0.0.0:2181)(secure=disabled):o.a.z.s.ResponseCache@45] - getData response cache size is initialized with value 400.
zoo3-1  | 2024-04-05 19:12:30,162 [myid:] - INFO  [WorkerReceiver[myid=3]:o.a.z.s.q.FastLeaderElection$Messenger$WorkerReceiver@391] - Notification: my state:LOOKING; n.sid:1, n.state:FOLLOWING, n.leader:2, n.round:0x1, n.peerEpoch:0x1, n.zxid:0x0, message format version:0x2, n.config version:0x0
zoo1-1  | 2024-04-05 19:12:29,775 [myid:] - INFO  [QuorumPeer[myid=1](plain=0.0.0.0:2181)(secure=disabled):o.a.z.s.ResponseCache@45] - getChildren response cache size is initialized with value 400.
zoo3-1  | 2024-04-05 19:12:30,175 [myid:] - INFO  [WorkerReceiver[myid=3]:o.a.z.s.q.FastLeaderElection$Messenger$WorkerReceiver@391] - Notification: my state:LOOKING; n.sid:2, n.state:LEADING, n.leader:2, n.round:0x1, n.peerEpoch:0x1, n.zxid:0x0, message format version:0x2, n.config version:0x0
zoo1-1  | 2024-04-05 19:12:29,776 [myid:] - INFO  [QuorumPeer[myid=1](plain=0.0.0.0:2181)(secure=disabled):o.a.z.s.u.RequestPathMetricsCollector@109] - zookeeper.pathStats.slotCapacity = 60
zoo3-1  | 2024-04-05 19:12:30,175 [myid:] - INFO  [QuorumPeer[myid=3](plain=0.0.0.0:2181)(secure=disabled):o.a.z.s.q.QuorumPeer@906] - Peer state changed: following
zoo1-1  | 2024-04-05 19:12:29,780 [myid:] - INFO  [QuorumPeer[myid=1](plain=0.0.0.0:2181)(secure=disabled):o.a.z.s.u.RequestPathMetricsCollector@110] - zookeeper.pathStats.slotDuration = 15
zoo3-1  | 2024-04-05 19:12:30,176 [myid:] - INFO  [QuorumPeer[myid=3](plain=0.0.0.0:2181)(secure=disabled):o.a.z.s.q.QuorumPeer@1554] - FOLLOWING
zoo1-1  | 2024-04-05 19:12:29,781 [myid:] - INFO  [QuorumPeer[myid=1](plain=0.0.0.0:2181)(secure=disabled):o.a.z.s.u.RequestPathMetricsCollector@111] - zookeeper.pathStats.maxDepth = 6
zoo3-1  | 2024-04-05 19:12:30,177 [myid:] - INFO  [QuorumPeer[myid=3](plain=0.0.0.0:2181)(secure=disabled):o.a.z.s.AuthenticationHelper@66] - zookeeper.enforce.auth.enabled = false
zoo1-1  | 2024-04-05 19:12:29,781 [myid:] - INFO  [QuorumPeer[myid=1](plain=0.0.0.0:2181)(secure=disabled):o.a.z.s.u.RequestPathMetricsCollector@112] - zookeeper.pathStats.initialDelay = 5
zoo3-1  | 2024-04-05 19:12:30,177 [myid:] - INFO  [QuorumPeer[myid=3](plain=0.0.0.0:2181)(secure=disabled):o.a.z.s.AuthenticationHelper@67] - zookeeper.enforce.auth.schemes = []
zoo1-1  | 2024-04-05 19:12:29,781 [myid:] - INFO  [QuorumPeer[myid=1](plain=0.0.0.0:2181)(secure=disabled):o.a.z.s.u.RequestPathMetricsCollector@113] - zookeeper.pathStats.delay = 5
zoo3-1  | 2024-04-05 19:12:30,178 [myid:] - INFO  [QuorumPeer[myid=3](plain=0.0.0.0:2181)(secure=disabled):o.a.z.s.ZooKeeperServer@1406] - minSessionTimeout set to 4000 ms
zoo1-1  | 2024-04-05 19:12:29,781 [myid:] - INFO  [QuorumPeer[myid=1](plain=0.0.0.0:2181)(secure=disabled):o.a.z.s.u.RequestPathMetricsCollector@114] - zookeeper.pathStats.enabled = false
zoo3-1  | 2024-04-05 19:12:30,180 [myid:] - INFO  [QuorumPeer[myid=3](plain=0.0.0.0:2181)(secure=disabled):o.a.z.s.ZooKeeperServer@1415] - maxSessionTimeout set to 40000 ms
zoo1-1  | 2024-04-05 19:12:29,782 [myid:] - INFO  [QuorumPeer[myid=1](plain=0.0.0.0:2181)(secure=disabled):o.a.z.s.ZooKeeperServer@1633] - The max bytes for all large requests are set to 104857600
zoo3-1  | 2024-04-05 19:12:30,180 [myid:] - INFO  [QuorumPeer[myid=3](plain=0.0.0.0:2181)(secure=disabled):o.a.z.s.ResponseCache@45] - getData response cache size is initialized with value 400.
zoo1-1  | 2024-04-05 19:12:29,782 [myid:] - INFO  [QuorumPeer[myid=1](plain=0.0.0.0:2181)(secure=disabled):o.a.z.s.ZooKeeperServer@1647] - The large request threshold is set to -1
zoo3-1  | 2024-04-05 19:12:30,181 [myid:] - INFO  [QuorumPeer[myid=3](plain=0.0.0.0:2181)(secure=disabled):o.a.z.s.ResponseCache@45] - getChildren response cache size is initialized with value 400.
zoo1-1  | 2024-04-05 19:12:29,782 [myid:] - INFO  [QuorumPeer[myid=1](plain=0.0.0.0:2181)(secure=disabled):o.a.z.s.ZooKeeperServer@385] - Created server with tickTime 2000 ms minSessionTimeout 4000 ms maxSessionTimeout 40000 ms clientPortListenBacklog -1 dataLogdir /datalog/version-2 snapdir /data/version-2
zoo3-1  | 2024-04-05 19:12:30,181 [myid:] - INFO  [QuorumPeer[myid=3](plain=0.0.0.0:2181)(secure=disabled):o.a.z.s.u.RequestPathMetricsCollector@109] - zookeeper.pathStats.slotCapacity = 60
zoo1-1  | 2024-04-05 19:12:29,782 [myid:] - INFO  [QuorumPeer[myid=1](plain=0.0.0.0:2181)(secure=disabled):o.a.z.s.q.Follower@77] - FOLLOWING - LEADER ELECTION TOOK - 134 MS
zoo3-1  | 2024-04-05 19:12:30,182 [myid:] - INFO  [QuorumPeer[myid=3](plain=0.0.0.0:2181)(secure=disabled):o.a.z.s.u.RequestPathMetricsCollector@110] - zookeeper.pathStats.slotDuration = 15
zoo1-1  | 2024-04-05 19:12:29,783 [myid:] - INFO  [QuorumPeer[myid=1](plain=0.0.0.0:2181)(secure=disabled):o.a.z.s.q.QuorumPeer@920] - Peer state changed: following - discovery
zoo3-1  | 2024-04-05 19:12:30,182 [myid:] - INFO  [QuorumPeer[myid=3](plain=0.0.0.0:2181)(secure=disabled):o.a.z.s.u.RequestPathMetricsCollector@111] - zookeeper.pathStats.maxDepth = 6
zoo1-1  | 2024-04-05 19:12:29,795 [myid:] - WARN  [NIOWorkerThread-3:o.a.z.s.NIOServerCnxn@393] - Close of session 0x0
zoo3-1  | 2024-04-05 19:12:30,182 [myid:] - INFO  [QuorumPeer[myid=3](plain=0.0.0.0:2181)(secure=disabled):o.a.z.s.u.RequestPathMetricsCollector@112] - zookeeper.pathStats.initialDelay = 5
zoo1-1  | java.io.IOException: ZooKeeperServer not running
zoo3-1  | 2024-04-05 19:12:30,182 [myid:] - INFO  [QuorumPeer[myid=3](plain=0.0.0.0:2181)(secure=disabled):o.a.z.s.u.RequestPathMetricsCollector@113] - zookeeper.pathStats.delay = 5
zoo1-1  |       at org.apache.zookeeper.server.NIOServerCnxn.readLength(NIOServerCnxn.java:572)
zoo3-1  | 2024-04-05 19:12:30,182 [myid:] - INFO  [QuorumPeer[myid=3](plain=0.0.0.0:2181)(secure=disabled):o.a.z.s.u.RequestPathMetricsCollector@114] - zookeeper.pathStats.enabled = false
zoo1-1  |       at org.apache.zookeeper.server.NIOServerCnxn.doIO(NIOServerCnxn.java:352)
zoo3-1  | 2024-04-05 19:12:30,183 [myid:] - INFO  [QuorumPeer[myid=3](plain=0.0.0.0:2181)(secure=disabled):o.a.z.s.ZooKeeperServer@1633] - The max bytes for all large requests are set to 104857600
zoo1-1  |       at org.apache.zookeeper.server.NIOServerCnxnFactory$IOWorkRequest.doWork(NIOServerCnxnFactory.java:508)
zoo3-1  | 2024-04-05 19:12:30,184 [myid:] - INFO  [QuorumPeer[myid=3](plain=0.0.0.0:2181)(secure=disabled):o.a.z.s.ZooKeeperServer@1647] - The large request threshold is set to -1
zoo1-1  |       at org.apache.zookeeper.server.WorkerService$ScheduledWorkRequest.run(WorkerService.java:153)
zoo3-1  | 2024-04-05 19:12:30,185 [myid:] - INFO  [QuorumPeer[myid=3](plain=0.0.0.0:2181)(secure=disabled):o.a.z.s.ZooKeeperServer@385] - Created server with tickTime 2000 ms minSessionTimeout 4000 ms maxSessionTimeout 40000 ms clientPortListenBacklog -1 dataLogdir /datalog/version-2 snapdir /data/version-2
zoo1-1  |       at java.base/java.util.concurrent.ThreadPoolExecutor.runWorker(Unknown Source)
zoo3-1  | 2024-04-05 19:12:30,185 [myid:] - INFO  [QuorumPeer[myid=3](plain=0.0.0.0:2181)(secure=disabled):o.a.z.s.q.Follower@77] - FOLLOWING - LEADER ELECTION TOOK - 42 MS
zoo1-1  |       at java.base/java.util.concurrent.ThreadPoolExecutor$Worker.run(Unknown Source)
zoo3-1  | 2024-04-05 19:12:30,190 [myid:] - INFO  [QuorumPeer[myid=3](plain=0.0.0.0:2181)(secure=disabled):o.a.z.s.q.QuorumPeer@920] - Peer state changed: following - discovery
zoo1-1  |       at java.base/java.lang.Thread.run(Unknown Source)
zoo3-1  | 2024-04-05 19:12:30,192 [myid:] - INFO  [LeaderConnector-zoo2/172.19.0.4:2888:o.a.z.s.q.Learner$LeaderConnector@380] - Successfully connected to leader, using address: zoo2/172.19.0.4:2888
zoo1-1  | 2024-04-05 19:12:29,796 [myid:] - INFO  [LeaderConnector-zoo2/172.19.0.4:2888:o.a.z.s.q.Learner$LeaderConnector@380] - Successfully connected to leader, using address: zoo2/172.19.0.4:2888
zoo3-1  | 2024-04-05 19:12:30,216 [myid:] - INFO  [QuorumPeer[myid=3](plain=0.0.0.0:2181)(secure=disabled):o.a.z.s.q.QuorumPeer@920] - Peer state changed: following - synchronization
zoo1-1  | 2024-04-05 19:12:29,814 [myid:] - INFO  [QuorumPeer[myid=1](plain=0.0.0.0:2181)(secure=disabled):o.a.z.s.q.QuorumPeer@920] - Peer state changed: following - synchronization
zoo3-1  | 2024-04-05 19:12:30,232 [myid:] - INFO  [QuorumPeer[myid=3](plain=0.0.0.0:2181)(secure=disabled):o.a.z.s.q.Learner@563] - Getting a diff from the leader 0x1000000de
zoo1-1  | 2024-04-05 19:12:29,838 [myid:] - WARN  [NIOWorkerThread-7:o.a.z.s.NIOServerCnxn@393] - Close of session 0x0
zoo3-1  | 2024-04-05 19:12:30,232 [myid:] - INFO  [QuorumPeer[myid=3](plain=0.0.0.0:2181)(secure=disabled):o.a.z.s.q.QuorumPeer@925] - Peer state changed: following - synchronization - diff
zoo1-1  | java.io.IOException: ZooKeeperServer not running
zoo3-1  | 2024-04-05 19:12:30,235 [myid:] - WARN  [QuorumPeer[myid=3](plain=0.0.0.0:2181)(secure=disabled):o.a.z.s.q.Learner@635] - Got zxid 0x1000000dd expected 0x1
zoo1-1  |       at org.apache.zookeeper.server.NIOServerCnxn.readLength(NIOServerCnxn.java:572)
zoo3-1  | 2024-04-05 19:12:30,236 [myid:] - INFO  [QuorumPeer[myid=3](plain=0.0.0.0:2181)(secure=disabled):o.a.z.s.q.Learner@735] - Learner received NEWLEADER message
zoo1-1  |       at org.apache.zookeeper.server.NIOServerCnxn.doIO(NIOServerCnxn.java:352)
zoo3-1  | 2024-04-05 19:12:30,237 [myid:] - INFO  [QuorumPeer[myid=3](plain=0.0.0.0:2181)(secure=disabled):o.a.z.s.q.QuorumPeer@1909] - Dynamic reconfig is disabled, we don't store the last seen config.
zoo1-1  |       at org.apache.zookeeper.server.NIOServerCnxnFactory$IOWorkRequest.doWork(NIOServerCnxnFactory.java:508)
zoo3-1  | 2024-04-05 19:12:30,237 [myid:] - INFO  [QuorumPeer[myid=3](plain=0.0.0.0:2181)(secure=disabled):o.a.z.s.q.QuorumPeer@925] - Peer state changed: following - synchronization
zoo1-1  |       at org.apache.zookeeper.server.WorkerService$ScheduledWorkRequest.run(WorkerService.java:153)
zoo3-1  | 2024-04-05 19:12:30,238 [myid:] - INFO  [QuorumPeer[myid=3](plain=0.0.0.0:2181)(secure=disabled):o.a.z.s.q.CommitProcessor@490] - Configuring CommitProcessor with readBatchSize -1 commitBatchSize 1
zoo1-1  |       at java.base/java.util.concurrent.ThreadPoolExecutor.runWorker(Unknown Source)
zoo3-1  | 2024-04-05 19:12:30,238 [myid:] - INFO  [QuorumPeer[myid=3](plain=0.0.0.0:2181)(secure=disabled):o.a.z.s.q.CommitProcessor@451] - Configuring CommitProcessor with 4 worker threads.
zoo1-1  |       at java.base/java.util.concurrent.ThreadPoolExecutor$Worker.run(Unknown Source)
zoo3-1  | 2024-04-05 19:12:30,239 [myid:] - INFO  [QuorumPeer[myid=3](plain=0.0.0.0:2181)(secure=disabled):o.a.z.s.q.FollowerRequestProcessor@59] - Initialized FollowerRequestProcessor with zookeeper.follower.skipLearnerRequestToNextProcessor as false
zoo1-1  |       at java.base/java.lang.Thread.run(Unknown Source)
zoo3-1  | 2024-04-05 19:12:30,242 [myid:] - WARN  [QuorumPeer[myid=3](plain=0.0.0.0:2181)(secure=disabled):o.a.z.j.MBeanRegistry@110] - Failed to register MBean InMemoryDataTree
zoo1-1  | 2024-04-05 19:12:29,845 [myid:] - INFO  [QuorumPeer[myid=1](plain=0.0.0.0:2181)(secure=disabled):o.a.z.s.q.QuorumPeer@925] - Peer state changed: following - synchronization - trunc
zoo3-1  | 2024-04-05 19:12:30,242 [myid:] - WARN  [QuorumPeer[myid=3](plain=0.0.0.0:2181)(secure=disabled):o.a.z.s.q.LearnerZooKeeperServer@104] - Failed to register with JMX
zoo1-1  | 2024-04-05 19:12:29,846 [myid:] - WARN  [QuorumPeer[myid=1](plain=0.0.0.0:2181)(secure=disabled):o.a.z.s.q.Learner@597] - Truncating log to get in sync with the leader 0x1000000dc
zoo3-1  | javax.management.InstanceAlreadyExistsException: org.apache.ZooKeeperService:name0=ReplicatedServer_id3,name1=replica.3,name2=Follower,name3=InMemoryDataTree
zoo1-1  | 2024-04-05 19:12:29,847 [myid:] - INFO  [QuorumPeer[myid=1](plain=0.0.0.0:2181)(secure=disabled):o.a.z.s.w.WatchManagerFactory@42] - Using org.apache.zookeeper.server.watch.WatchManager as watch manager
zoo3-1  |       at java.management/com.sun.jmx.mbeanserver.Repository.addMBean(Unknown Source)
zoo1-1  | 2024-04-05 19:12:29,847 [myid:] - INFO  [QuorumPeer[myid=1](plain=0.0.0.0:2181)(secure=disabled):o.a.z.s.w.WatchManagerFactory@42] - Using org.apache.zookeeper.server.watch.WatchManager as watch manager
zoo3-1  |       at java.management/com.sun.jmx.interceptor.DefaultMBeanServerInterceptor.registerWithRepository(Unknown Source)
zoo1-1  | 2024-04-05 19:12:29,875 [myid:] - INFO  [QuorumPeer[myid=1](plain=0.0.0.0:2181)(secure=disabled):o.a.z.s.p.FileSnap@86] - Reading snapshot /data/version-2/snapshot.0
zoo3-1  |       at java.management/com.sun.jmx.interceptor.DefaultMBeanServerInterceptor.registerDynamicMBean(Unknown Source)
zoo1-1  | 2024-04-05 19:12:29,876 [myid:] - INFO  [QuorumPeer[myid=1](plain=0.0.0.0:2181)(secure=disabled):o.a.z.s.DataTree@1712] - The digest value is empty in snapshot
zoo3-1  |       at java.management/com.sun.jmx.interceptor.DefaultMBeanServerInterceptor.registerObject(Unknown Source)
zoo1-1  | 2024-04-05 19:12:29,909 [myid:] - INFO  [QuorumPeer[myid=1](plain=0.0.0.0:2181)(secure=disabled):o.a.z.s.p.FileTxnSnapLog@372] - 220 txns loaded in 32 ms
zoo3-1  |       at java.management/com.sun.jmx.interceptor.DefaultMBeanServerInterceptor.registerMBean(Unknown Source)
zoo1-1  | 2024-04-05 19:12:29,909 [myid:] - INFO  [QuorumPeer[myid=1](plain=0.0.0.0:2181)(secure=disabled):o.a.z.s.ZKDatabase@291] - Snapshot loaded in 34 ms, highest zxid is 0x1000000dc, digest is 7337900897
zoo3-1  |       at java.management/com.sun.jmx.mbeanserver.JmxMBeanServer.registerMBean(Unknown Source)
zoo1-1  | 2024-04-05 19:12:29,939 [myid:] - WARN  [QuorumPeer[myid=1](plain=0.0.0.0:2181)(secure=disabled):o.a.z.s.q.Learner@635] - Got zxid 0x1000000dd expected 0x1
zoo3-1  |       at org.apache.zookeeper.jmx.MBeanRegistry.register(MBeanRegistry.java:106)
zoo1-1  | 2024-04-05 19:12:29,939 [myid:] - INFO  [QuorumPeer[myid=1](plain=0.0.0.0:2181)(secure=disabled):o.a.z.s.q.Learner@735] - Learner received NEWLEADER message
zoo3-1  |       at org.apache.zookeeper.server.quorum.LearnerZooKeeperServer.registerJMX(LearnerZooKeeperServer.java:102)
zoo1-1  | 2024-04-05 19:12:29,940 [myid:] - INFO  [QuorumPeer[myid=1](plain=0.0.0.0:2181)(secure=disabled):o.a.z.s.q.QuorumPeer@1909] - Dynamic reconfig is disabled, we don't store the last seen config.
zoo3-1  |       at org.apache.zookeeper.server.ZooKeeperServer.startupWithServerState(ZooKeeperServer.java:817)
zoo1-1  | 2024-04-05 19:12:29,940 [myid:] - INFO  [QuorumPeer[myid=1](plain=0.0.0.0:2181)(secure=disabled):o.a.z.s.p.FileTxnSnapLog@480] - Snapshotting: 0x1000000dc to /data/version-2/snapshot.1000000dc
zoo3-1  |       at org.apache.zookeeper.server.ZooKeeperServer.startupWithoutServing(ZooKeeperServer.java:800)
zoo1-1  | 2024-04-05 19:12:29,942 [myid:] - INFO  [QuorumPeer[myid=1](plain=0.0.0.0:2181)(secure=disabled):o.a.z.s.ZooKeeperServer@589] - Snapshot taken in 2 ms
zoo3-1  |       at org.apache.zookeeper.server.quorum.Learner.syncWithLeader(Learner.java:758)
zoo1-1  | 2024-04-05 19:12:29,943 [myid:] - INFO  [QuorumPeer[myid=1](plain=0.0.0.0:2181)(secure=disabled):o.a.z.s.q.QuorumPeer@925] - Peer state changed: following - synchronization
zoo3-1  |       at org.apache.zookeeper.server.quorum.Follower.followLeader(Follower.java:108)
zoo1-1  | 2024-04-05 19:12:29,943 [myid:] - INFO  [QuorumPeer[myid=1](plain=0.0.0.0:2181)(secure=disabled):o.a.z.s.q.CommitProcessor@490] - Configuring CommitProcessor with readBatchSize -1 commitBatchSize 1
zoo3-1  |       at org.apache.zookeeper.server.quorum.QuorumPeer.run(QuorumPeer.java:1556)
zoo1-1  | 2024-04-05 19:12:29,943 [myid:] - INFO  [QuorumPeer[myid=1](plain=0.0.0.0:2181)(secure=disabled):o.a.z.s.q.CommitProcessor@451] - Configuring CommitProcessor with 4 worker threads.
zoo3-1  | 2024-04-05 19:12:30,250 [myid:] - WARN  [QuorumPeer[myid=3](plain=0.0.0.0:2181)(secure=disabled):o.a.z.s.p.FileTxnLog@275] - Current zxid 4294967517 is <= 4294967518 for error
zoo1-1  | 2024-04-05 19:12:29,954 [myid:] - INFO  [QuorumPeer[myid=1](plain=0.0.0.0:2181)(secure=disabled):o.a.z.s.q.FollowerRequestProcessor@59] - Initialized FollowerRequestProcessor with zookeeper.follower.skipLearnerRequestToNextProcessor as false
zoo3-1  | 2024-04-05 19:12:30,251 [myid:] - WARN  [QuorumPeer[myid=3](plain=0.0.0.0:2181)(secure=disabled):o.a.z.s.p.FileTxnLog@275] - Current zxid 4294967518 is <= 4294967518 for error
zoo1-1  | 2024-04-05 19:12:29,957 [myid:] - INFO  [QuorumPeer[myid=1](plain=0.0.0.0:2181)(secure=disabled):o.a.z.s.p.FileTxnLog@284] - Creating new log file: log.1000000dd
zoo3-1  | 2024-04-05 19:12:30,261 [myid:] - INFO  [QuorumPeer[myid=3](plain=0.0.0.0:2181)(secure=disabled):o.a.z.s.q.Learner@769] - 2 txns have been persisted and it took 18ms
zoo1-1  | 2024-04-05 19:12:30,087 [myid:] - INFO  [QuorumPeer[myid=1](plain=0.0.0.0:2181)(secure=disabled):o.a.z.s.q.Learner@769] - 2 txns have been persisted and it took 130ms
zoo3-1  | 2024-04-05 19:12:30,314 [myid:] - INFO  [QuorumPeer[myid=3](plain=0.0.0.0:2181)(secure=disabled):o.a.z.s.q.Learner@776] - Set the current epoch to 1
zoo1-1  | 2024-04-05 19:12:30,129 [myid:] - INFO  [QuorumPeer[myid=1](plain=0.0.0.0:2181)(secure=disabled):o.a.z.s.q.Learner@776] - Set the current epoch to 1
zoo3-1  | 2024-04-05 19:12:30,315 [myid:] - INFO  [QuorumPeer[myid=3](plain=0.0.0.0:2181)(secure=disabled):o.a.z.s.q.Learner@780] - Sent NEWLEADER ack to leader with zxid 100000000
zoo1-1  | 2024-04-05 19:12:30,130 [myid:] - INFO  [QuorumPeer[myid=1](plain=0.0.0.0:2181)(secure=disabled):o.a.z.s.q.Learner@780] - Sent NEWLEADER ack to leader with zxid 100000000
zoo1-1  | 2024-04-05 19:12:30,130 [myid:] - INFO  [QuorumPeer[myid=1](plain=0.0.0.0:2181)(secure=disabled):o.a.z.s.q.Learner@719] - Learner received UPTODATE message
zoo3-1  | 2024-04-05 19:12:30,316 [myid:] - INFO  [QuorumPeer[myid=3](plain=0.0.0.0:2181)(secure=disabled):o.a.z.s.q.Learner@719] - Learner received UPTODATE message
zoo1-1  | 2024-04-05 19:12:30,132 [myid:] - INFO  [QuorumPeer[myid=1](plain=0.0.0.0:2181)(secure=disabled):o.a.z.s.q.Learner@812] - 0 txns have been logged asynchronously
zoo3-1  | 2024-04-05 19:12:30,317 [myid:] - INFO  [QuorumPeer[myid=3](plain=0.0.0.0:2181)(secure=disabled):o.a.z.s.q.Learner@812] - 0 txns have been logged asynchronously
zoo1-1  | 2024-04-05 19:12:30,132 [myid:] - INFO  [QuorumPeer[myid=1](plain=0.0.0.0:2181)(secure=disabled):o.a.z.s.q.Learner@817] - 0 txns have been committed
zoo3-1  | 2024-04-05 19:12:30,317 [myid:] - INFO  [QuorumPeer[myid=3](plain=0.0.0.0:2181)(secure=disabled):o.a.z.s.q.Learner@817] - 2 txns have been committed
zoo1-1  | 2024-04-05 19:12:30,133 [myid:] - INFO  [QuorumPeer[myid=1](plain=0.0.0.0:2181)(secure=disabled):o.a.z.s.q.QuorumPeer@920] - Peer state changed: following - broadcast
zoo3-1  | 2024-04-05 19:12:30,317 [myid:] - INFO  [QuorumPeer[myid=3](plain=0.0.0.0:2181)(secure=disabled):o.a.z.s.q.QuorumPeer@920] - Peer state changed: following - broadcast
