2024-04-05 22:08:44 2024-04-05 19:08:44,175 [myid:] - WARN  [QuorumPeer[myid=3](plain=0.0.0.0:2181)(secure=disabled):o.a.z.s.q.Follower@169] - Got zxid 0x100000001 expected 0x1
2024-04-05 22:08:44 2024-04-05 19:08:44,176 [myid:] - INFO  [SyncThread:3:o.a.z.s.p.FileTxnLog@284] - Creating new log file: log.100000001
2024-04-05 22:08:44 2024-04-05 19:08:44,686 [myid:] - INFO  [CommitProcessor:3:o.a.z.s.q.LearnerSessionTracker@116] - Committing global session 0x10001f873780000
2024-04-05 22:08:44 2024-04-05 19:08:44,813 [myid:] - INFO  [CommitProcessor:3:o.a.z.s.q.LearnerSessionTracker@116] - Committing global session 0x10001f873780001
2024-04-05 22:08:44 2024-04-05 19:08:44,826 [myid:] - INFO  [CommitProcessor:3:o.a.z.s.q.LearnerSessionTracker@116] - Committing global session 0x10001f873780002
2024-04-05 22:08:44 2024-04-05 19:08:44,826 [myid:] - INFO  [CommitProcessor:3:o.a.z.s.q.LearnerSessionTracker@116] - Committing global session 0x10001f873780003
2024-04-05 22:08:44 2024-04-05 19:08:44,896 [myid:] - INFO  [CommitProcessor:3:o.a.z.s.q.LearnerSessionTracker@116] - Committing global session 0x10001f873780004
2024-04-05 22:08:44 2024-04-05 19:08:44,969 [myid:] - INFO  [CommitProcessor:3:o.a.z.s.q.LearnerSessionTracker@116] - Committing global session 0x10001f873780005
2024-04-05 22:09:14 2024-04-05 19:09:14,025 [myid:] - WARN  [SyncThread:3:o.a.z.s.p.FileTxnLog@412] - fsync-ing the write ahead log in SyncThread:3 took 1113ms which will adversely effect operation latency.File size is 67108880 bytes. See the ZooKeeper troubleshooting guide
2024-04-05 22:11:11 2024-04-05 19:11:11,659 [myid:] - INFO  [CommitProcessor:3:o.a.z.s.q.LearnerSessionTracker@116] - Committing global session 0x10001f873780006
2024-04-05 22:11:11 2024-04-05 19:11:11,730 [myid:] - INFO  [CommitProcessor:3:o.a.z.s.q.LearnerSessionTracker@116] - Committing global session 0x10001f873780007
2024-04-05 22:11:11 2024-04-05 19:11:11,755 [myid:] - INFO  [CommitProcessor:3:o.a.z.s.q.LearnerSessionTracker@116] - Committing global session 0x10001f873780008
2024-04-05 22:11:11 2024-04-05 19:11:11,756 [myid:] - INFO  [CommitProcessor:3:o.a.z.s.q.LearnerSessionTracker@116] - Committing global session 0x10001f873780009
2024-04-05 22:11:11 2024-04-05 19:11:11,757 [myid:] - INFO  [CommitProcessor:3:o.a.z.s.q.LearnerSessionTracker@116] - Committing global session 0x10001f87378000a
2024-04-05 22:11:11 2024-04-05 19:11:11,772 [myid:] - INFO  [CommitProcessor:3:o.a.z.s.q.LearnerSessionTracker@116] - Committing global session 0x10001f87378000b
2024-04-05 22:12:29 2024-04-05 19:12:29,323 [myid:] - WARN  [QuorumPeer[myid=3](plain=0.0.0.0:2181)(secure=disabled):o.a.z.s.q.Follower@128] - Exception when following the leader
2024-04-05 22:12:29 java.io.EOFException: null
2024-04-05 22:12:29 at java.base/java.io.DataInputStream.readInt(Unknown Source)
2024-04-05 22:12:29 at org.apache.jute.BinaryInputArchive.readInt(BinaryInputArchive.java:96)
2024-04-05 22:12:29 at org.apache.zookeeper.server.quorum.QuorumPacket.deserialize(QuorumPacket.java:86)
2024-04-05 22:12:29 at org.apache.jute.BinaryInputArchive.readRecord(BinaryInputArchive.java:134)
2024-04-05 22:12:29 at org.apache.zookeeper.server.quorum.Learner.readPacket(Learner.java:228)
2024-04-05 22:12:29 at org.apache.zookeeper.server.quorum.Follower.followLeader(Follower.java:124)
2024-04-05 22:12:29 at org.apache.zookeeper.server.quorum.QuorumPeer.run(QuorumPeer.java:1556)
2024-04-05 22:12:29 2024-04-05 19:12:29,327 [myid:] - INFO  [QuorumPeer[myid=3](plain=0.0.0.0:2181)(secure=disabled):o.a.z.s.q.Follower@142] - Disconnected from leader (with address: zoo2/172.19.0.4:2888). Was connected for 335888ms. Sync state: true
2024-04-05 22:12:29 2024-04-05 19:12:29,329 [myid:] - INFO  [QuorumPeer[myid=3](plain=0.0.0.0:2181)(secure=disabled):o.a.z.s.q.Follower@286] - shutdown Follower
2024-04-05 22:12:29 2024-04-05 19:12:29,329 [myid:] - INFO  [QuorumPeer[myid=3](plain=0.0.0.0:2181)(secure=disabled):o.a.z.s.ZooKeeperServer@943] - shutting down
2024-04-05 22:12:29 2024-04-05 19:12:29,360 [myid:] - INFO  [QuorumPeer[myid=3](plain=0.0.0.0:2181)(secure=disabled):o.a.z.s.RequestThrottler@256] - Shutting down
2024-04-05 22:12:29 2024-04-05 19:12:29,361 [myid:] - INFO  [RequestThrottler:o.a.z.s.RequestThrottler@217] - Draining request throttler queue
2024-04-05 22:12:29 2024-04-05 19:12:29,361 [myid:] - INFO  [RequestThrottler:o.a.z.s.RequestThrottler@195] - RequestThrottler shutdown. Dropped 0 requests
2024-04-05 22:12:29 2024-04-05 19:12:29,363 [myid:] - INFO  [QuorumPeer[myid=3](plain=0.0.0.0:2181)(secure=disabled):o.a.z.s.q.FollowerRequestProcessor@172] - Shutting down
2024-04-05 22:12:29 2024-04-05 19:12:29,365 [myid:] - INFO  [FollowerRequestProcessor:3:o.a.z.s.q.FollowerRequestProcessor@128] - FollowerRequestProcessor exited loop!
2024-04-05 22:12:29 2024-04-05 19:12:29,367 [myid:] - INFO  [QuorumPeer[myid=3](plain=0.0.0.0:2181)(secure=disabled):o.a.z.s.q.CommitProcessor@631] - Shutting down
2024-04-05 22:12:29 2024-04-05 19:12:29,368 [myid:] - INFO  [QuorumPeer[myid=3](plain=0.0.0.0:2181)(secure=disabled):o.a.z.s.FinalRequestProcessor@668] - shutdown of request processor complete
2024-04-05 22:12:29 2024-04-05 19:12:29,368 [myid:] - INFO  [CommitProcessor:3:o.a.z.s.q.CommitProcessor@419] - CommitProcessor exited loop!
2024-04-05 22:12:29 2024-04-05 19:12:29,668 [myid:] - INFO  [WorkerReceiver[myid=3]:o.a.z.s.q.FastLeaderElection$Messenger$WorkerReceiver@391] - Notification: my state:FOLLOWING; n.sid:1, n.state:LOOKING, n.leader:1, n.round:0x2, n.peerEpoch:0x1, n.zxid:0x1000000dd, message format version:0x2, n.config version:0x0
2024-04-05 22:12:29 2024-04-05 19:12:29,684 [myid:] - WARN  [SyncThread:3:o.a.z.s.p.FileTxnLog@412] - fsync-ing the write ahead log in SyncThread:3 took 4583ms which will adversely effect operation latency.File size is 67108880 bytes. See the ZooKeeper troubleshooting guide
2024-04-05 22:12:29 2024-04-05 19:12:29,686 [myid:] - WARN  [SyncThread:3:o.a.z.s.q.SendAckRequestProcessor@65] - Closing connection to leader, exception during packet send
2024-04-05 22:12:29 java.net.SocketException: Socket closed
2024-04-05 22:12:29 at java.base/sun.nio.ch.NioSocketImpl.ensureOpenAndConnected(Unknown Source)
2024-04-05 22:12:29 at java.base/sun.nio.ch.NioSocketImpl.beginWrite(Unknown Source)
2024-04-05 22:12:29 at java.base/sun.nio.ch.NioSocketImpl.implWrite(Unknown Source)
2024-04-05 22:12:29 at java.base/sun.nio.ch.NioSocketImpl.write(Unknown Source)
2024-04-05 22:12:29 at java.base/sun.nio.ch.NioSocketImpl$2.write(Unknown Source)
2024-04-05 22:12:29 at java.base/java.net.Socket$SocketOutputStream.write(Unknown Source)
2024-04-05 22:12:29 at java.base/java.io.BufferedOutputStream.flushBuffer(Unknown Source)
2024-04-05 22:12:29 at java.base/java.io.BufferedOutputStream.flush(Unknown Source)
2024-04-05 22:12:29 at org.apache.zookeeper.server.quorum.Learner.writePacketNow(Learner.java:206)
2024-04-05 22:12:29 at org.apache.zookeeper.server.quorum.Learner.writePacket(Learner.java:195)
2024-04-05 22:12:29 at org.apache.zookeeper.server.quorum.SendAckRequestProcessor.flush(SendAckRequestProcessor.java:63)
2024-04-05 22:12:29 at org.apache.zookeeper.server.SyncRequestProcessor.flush(SyncRequestProcessor.java:248)
2024-04-05 22:12:29 at org.apache.zookeeper.server.SyncRequestProcessor.run(SyncRequestProcessor.java:169)
2024-04-05 22:12:29 2024-04-05 19:12:29,695 [myid:] - INFO  [QuorumPeer[myid=3](plain=0.0.0.0:2181)(secure=disabled):o.a.z.s.p.FileTxnSnapLog@372] - 1 txns loaded in 0 ms
2024-04-05 22:12:29 2024-04-05 19:12:29,710 [myid:] - ERROR [SyncThread:3:o.a.z.s.ZooKeeperCriticalThread@49] - Severe unrecoverable error, from thread : SyncThread:3
2024-04-05 22:12:29 java.lang.NullPointerException: Cannot invoke "java.net.Socket.isClosed()" because "this.learner.sock" is null
2024-04-05 22:12:29 at org.apache.zookeeper.server.quorum.SendAckRequestProcessor.flush(SendAckRequestProcessor.java:67)
2024-04-05 22:12:29 at org.apache.zookeeper.server.SyncRequestProcessor.flush(SyncRequestProcessor.java:248)
2024-04-05 22:12:29 at org.apache.zookeeper.server.SyncRequestProcessor.run(SyncRequestProcessor.java:169)
2024-04-05 22:12:29 2024-04-05 19:12:29,709 [myid:] - INFO  [QuorumPeer[myid=3](plain=0.0.0.0:2181)(secure=disabled):o.a.z.s.q.QuorumPeer@920] - Peer state changed: looking
2024-04-05 22:12:29 2024-04-05 19:12:29,712 [myid:] - WARN  [QuorumPeer[myid=3](plain=0.0.0.0:2181)(secure=disabled):o.a.z.s.q.QuorumPeer@1602] - PeerState set to LOOKING
2024-04-05 22:12:29 2024-04-05 19:12:29,712 [myid:] - INFO  [QuorumPeer[myid=3](plain=0.0.0.0:2181)(secure=disabled):o.a.z.s.q.QuorumPeer@1471] - LOOKING
2024-04-05 22:12:29 2024-04-05 19:12:29,712 [myid:] - INFO  [SyncThread:3:o.a.z.s.ZooKeeperServerListenerImpl@43] - Thread SyncThread:3 exits, error code 1
2024-04-05 22:12:29 2024-04-05 19:12:29,712 [myid:] - INFO  [SyncThread:3:o.a.z.s.SyncRequestProcessor@224] - SyncRequestProcessor exited!
2024-04-05 22:12:29 2024-04-05 19:12:29,713 [myid:] - INFO  [QuorumPeer[myid=3](plain=0.0.0.0:2181)(secure=disabled):o.a.z.s.q.FastLeaderElection@947] - New election. My id = 3, proposed zxid=0x1000000dd
2024-04-05 22:12:29 2024-04-05 19:12:29,747 [myid:] - INFO  [WorkerReceiver[myid=3]:o.a.z.s.q.FastLeaderElection$Messenger$WorkerReceiver@391] - Notification: my state:LOOKING; n.sid:3, n.state:LOOKING, n.leader:3, n.round:0x2, n.peerEpoch:0x1, n.zxid:0x1000000dd, message format version:0x2, n.config version:0x0
2024-04-05 22:12:29 2024-04-05 19:12:29,763 [myid:] - INFO  [WorkerReceiver[myid=3]:o.a.z.s.q.FastLeaderElection$Messenger$WorkerReceiver@391] - Notification: my state:LOOKING; n.sid:2, n.state:LEADING, n.leader:2, n.round:0x1, n.peerEpoch:0x1, n.zxid:0x0, message format version:0x2, n.config version:0x0
2024-04-05 22:12:29 2024-04-05 19:12:29,775 [myid:] - INFO  [QuorumPeer[myid=3](plain=0.0.0.0:2181)(secure=disabled):o.a.z.s.q.FastLeaderElection@1206] - Oracle indicates not to follow
2024-04-05 22:12:29 2024-04-05 19:12:29,776 [myid:] - INFO  [WorkerReceiver[myid=3]:o.a.z.s.q.FastLeaderElection$Messenger$WorkerReceiver@391] - Notification: my state:LOOKING; n.sid:1, n.state:FOLLOWING, n.leader:2, n.round:0x1, n.peerEpoch:0x1, n.zxid:0x0, message format version:0x2, n.config version:0x0
2024-04-05 22:12:29 2024-04-05 19:12:29,777 [myid:] - INFO  [QuorumPeer[myid=3](plain=0.0.0.0:2181)(secure=disabled):o.a.z.s.q.QuorumPeer@906] - Peer state changed: following
2024-04-05 22:12:29 2024-04-05 19:12:29,778 [myid:] - INFO  [QuorumPeer[myid=3](plain=0.0.0.0:2181)(secure=disabled):o.a.z.s.q.QuorumPeer@1554] - FOLLOWING
2024-04-05 22:12:29 2024-04-05 19:12:29,789 [myid:] - INFO  [QuorumPeer[myid=3](plain=0.0.0.0:2181)(secure=disabled):o.a.z.s.AuthenticationHelper@66] - zookeeper.enforce.auth.enabled = false
2024-04-05 22:12:29 2024-04-05 19:12:29,790 [myid:] - INFO  [QuorumPeer[myid=3](plain=0.0.0.0:2181)(secure=disabled):o.a.z.s.AuthenticationHelper@67] - zookeeper.enforce.auth.schemes = []
2024-04-05 22:12:29 2024-04-05 19:12:29,790 [myid:] - INFO  [QuorumPeer[myid=3](plain=0.0.0.0:2181)(secure=disabled):o.a.z.s.ZooKeeperServer@1406] - minSessionTimeout set to 4000 ms
2024-04-05 22:12:29 2024-04-05 19:12:29,790 [myid:] - INFO  [QuorumPeer[myid=3](plain=0.0.0.0:2181)(secure=disabled):o.a.z.s.ZooKeeperServer@1415] - maxSessionTimeout set to 40000 ms
2024-04-05 22:12:29 2024-04-05 19:12:29,791 [myid:] - INFO  [QuorumPeer[myid=3](plain=0.0.0.0:2181)(secure=disabled):o.a.z.s.ResponseCache@45] - getData response cache size is initialized with value 400.
2024-04-05 22:12:29 2024-04-05 19:12:29,791 [myid:] - INFO  [QuorumPeer[myid=3](plain=0.0.0.0:2181)(secure=disabled):o.a.z.s.ResponseCache@45] - getChildren response cache size is initialized with value 400.
2024-04-05 22:12:29 2024-04-05 19:12:29,792 [myid:] - INFO  [QuorumPeer[myid=3](plain=0.0.0.0:2181)(secure=disabled):o.a.z.s.u.RequestPathMetricsCollector@109] - zookeeper.pathStats.slotCapacity = 60
2024-04-05 22:12:29 2024-04-05 19:12:29,793 [myid:] - INFO  [QuorumPeer[myid=3](plain=0.0.0.0:2181)(secure=disabled):o.a.z.s.u.RequestPathMetricsCollector@110] - zookeeper.pathStats.slotDuration = 15
2024-04-05 22:12:29 2024-04-05 19:12:29,794 [myid:] - INFO  [QuorumPeer[myid=3](plain=0.0.0.0:2181)(secure=disabled):o.a.z.s.u.RequestPathMetricsCollector@111] - zookeeper.pathStats.maxDepth = 6
2024-04-05 22:12:29 2024-04-05 19:12:29,794 [myid:] - INFO  [QuorumPeer[myid=3](plain=0.0.0.0:2181)(secure=disabled):o.a.z.s.u.RequestPathMetricsCollector@112] - zookeeper.pathStats.initialDelay = 5
2024-04-05 22:12:29 2024-04-05 19:12:29,794 [myid:] - INFO  [QuorumPeer[myid=3](plain=0.0.0.0:2181)(secure=disabled):o.a.z.s.u.RequestPathMetricsCollector@113] - zookeeper.pathStats.delay = 5
2024-04-05 22:12:29 2024-04-05 19:12:29,794 [myid:] - INFO  [QuorumPeer[myid=3](plain=0.0.0.0:2181)(secure=disabled):o.a.z.s.u.RequestPathMetricsCollector@114] - zookeeper.pathStats.enabled = false
2024-04-05 22:12:29 2024-04-05 19:12:29,807 [myid:] - INFO  [QuorumPeer[myid=3](plain=0.0.0.0:2181)(secure=disabled):o.a.z.s.ZooKeeperServer@1633] - The max bytes for all large requests are set to 104857600
2024-04-05 22:12:29 2024-04-05 19:12:29,807 [myid:] - INFO  [QuorumPeer[myid=3](plain=0.0.0.0:2181)(secure=disabled):o.a.z.s.ZooKeeperServer@1647] - The large request threshold is set to -1
2024-04-05 22:12:29 2024-04-05 19:12:29,808 [myid:] - INFO  [QuorumPeer[myid=3](plain=0.0.0.0:2181)(secure=disabled):o.a.z.s.ZooKeeperServer@385] - Created server with tickTime 2000 ms minSessionTimeout 4000 ms maxSessionTimeout 40000 ms clientPortListenBacklog -1 dataLogdir /datalog/version-2 snapdir /data/version-2
2024-04-05 22:12:29 2024-04-05 19:12:29,808 [myid:] - INFO  [QuorumPeer[myid=3](plain=0.0.0.0:2181)(secure=disabled):o.a.z.s.q.Follower@77] - FOLLOWING - LEADER ELECTION TOOK - 95 MS
2024-04-05 22:12:29 2024-04-05 19:12:29,809 [myid:] - INFO  [QuorumPeer[myid=3](plain=0.0.0.0:2181)(secure=disabled):o.a.z.s.q.QuorumPeer@920] - Peer state changed: following - discovery
2024-04-05 22:12:29 2024-04-05 19:12:29,822 [myid:] - INFO  [LeaderConnector-zoo2/172.19.0.4:2888:o.a.z.s.q.Learner$LeaderConnector@380] - Successfully connected to leader, using address: zoo2/172.19.0.4:2888
2024-04-05 22:12:29 2024-04-05 19:12:29,855 [myid:] - INFO  [QuorumPeer[myid=3](plain=0.0.0.0:2181)(secure=disabled):o.a.z.s.q.QuorumPeer@920] - Peer state changed: following - synchronization
2024-04-05 22:12:29 2024-04-05 19:12:29,860 [myid:] - INFO  [QuorumPeer[myid=3](plain=0.0.0.0:2181)(secure=disabled):o.a.z.s.q.QuorumPeer@925] - Peer state changed: following - synchronization - trunc
2024-04-05 22:12:29 2024-04-05 19:12:29,860 [myid:] - WARN  [QuorumPeer[myid=3](plain=0.0.0.0:2181)(secure=disabled):o.a.z.s.q.Learner@597] - Truncating log to get in sync with the leader 0x1000000dc
2024-04-05 22:12:29 2024-04-05 19:12:29,861 [myid:] - INFO  [QuorumPeer[myid=3](plain=0.0.0.0:2181)(secure=disabled):o.a.z.s.w.WatchManagerFactory@42] - Using org.apache.zookeeper.server.watch.WatchManager as watch manager
2024-04-05 22:12:29 2024-04-05 19:12:29,861 [myid:] - INFO  [QuorumPeer[myid=3](plain=0.0.0.0:2181)(secure=disabled):o.a.z.s.w.WatchManagerFactory@42] - Using org.apache.zookeeper.server.watch.WatchManager as watch manager
2024-04-05 22:12:29 2024-04-05 19:12:29,890 [myid:] - INFO  [QuorumPeer[myid=3](plain=0.0.0.0:2181)(secure=disabled):o.a.z.s.p.FileSnap@86] - Reading snapshot /data/version-2/snapshot.100000000
2024-04-05 22:12:29 2024-04-05 19:12:29,892 [myid:] - INFO  [QuorumPeer[myid=3](plain=0.0.0.0:2181)(secure=disabled):o.a.z.s.DataTree@1712] - The digest value is empty in snapshot
2024-04-05 22:12:29 2024-04-05 19:12:29,953 [myid:] - INFO  [QuorumPeer[myid=3](plain=0.0.0.0:2181)(secure=disabled):o.a.z.s.p.FileTxnSnapLog@372] - 220 txns loaded in 60 ms
2024-04-05 22:12:29 2024-04-05 19:12:29,955 [myid:] - INFO  [QuorumPeer[myid=3](plain=0.0.0.0:2181)(secure=disabled):o.a.z.s.ZKDatabase@291] - Snapshot loaded in 64 ms, highest zxid is 0x1000000dc, digest is 7337900897
2024-04-05 22:12:29 2024-04-05 19:12:29,959 [myid:] - WARN  [QuorumPeer[myid=3](plain=0.0.0.0:2181)(secure=disabled):o.a.z.s.q.Learner@635] - Got zxid 0x1000000dd expected 0x1
2024-04-05 22:12:29 2024-04-05 19:12:29,971 [myid:] - INFO  [QuorumPeer[myid=3](plain=0.0.0.0:2181)(secure=disabled):o.a.z.s.q.Learner@735] - Learner received NEWLEADER message
2024-04-05 22:12:29 2024-04-05 19:12:29,972 [myid:] - INFO  [QuorumPeer[myid=3](plain=0.0.0.0:2181)(secure=disabled):o.a.z.s.q.QuorumPeer@1909] - Dynamic reconfig is disabled, we don't store the last seen config.
2024-04-05 22:12:29 2024-04-05 19:12:29,973 [myid:] - INFO  [QuorumPeer[myid=3](plain=0.0.0.0:2181)(secure=disabled):o.a.z.s.p.FileTxnSnapLog@480] - Snapshotting: 0x1000000dc to /data/version-2/snapshot.1000000dc
2024-04-05 22:12:29 2024-04-05 19:12:29,975 [myid:] - INFO  [QuorumPeer[myid=3](plain=0.0.0.0:2181)(secure=disabled):o.a.z.s.ZooKeeperServer@589] - Snapshot taken in 2 ms
2024-04-05 22:12:29 2024-04-05 19:12:29,987 [myid:] - INFO  [QuorumPeer[myid=3](plain=0.0.0.0:2181)(secure=disabled):o.a.z.s.q.QuorumPeer@925] - Peer state changed: following - synchronization
2024-04-05 22:12:29 2024-04-05 19:12:29,988 [myid:] - INFO  [QuorumPeer[myid=3](plain=0.0.0.0:2181)(secure=disabled):o.a.z.s.q.CommitProcessor@490] - Configuring CommitProcessor with readBatchSize -1 commitBatchSize 1
2024-04-05 22:12:29 2024-04-05 19:12:29,988 [myid:] - INFO  [QuorumPeer[myid=3](plain=0.0.0.0:2181)(secure=disabled):o.a.z.s.q.CommitProcessor@451] - Configuring CommitProcessor with 4 worker threads.
2024-04-05 22:12:29 2024-04-05 19:12:29,989 [myid:] - INFO  [QuorumPeer[myid=3](plain=0.0.0.0:2181)(secure=disabled):o.a.z.s.q.FollowerRequestProcessor@59] - Initialized FollowerRequestProcessor with zookeeper.follower.skipLearnerRequestToNextProcessor as false
2024-04-05 22:12:30 2024-04-05 19:12:30,063 [myid:] - INFO  [QuorumPeer[myid=3](plain=0.0.0.0:2181)(secure=disabled):o.a.z.s.p.FileTxnLog@284] - Creating new log file: log.1000000dd
2024-04-05 22:12:30 2024-04-05 19:12:30,110 [myid:] - INFO  [QuorumPeer[myid=3](plain=0.0.0.0:2181)(secure=disabled):o.a.z.s.q.Learner@769] - 2 txns have been persisted and it took 47ms
2024-04-05 22:12:30 2024-04-05 19:12:30,138 [myid:] - INFO  [QuorumPeer[myid=3](plain=0.0.0.0:2181)(secure=disabled):o.a.z.s.q.Learner@776] - Set the current epoch to 1
2024-04-05 22:12:30 2024-04-05 19:12:30,139 [myid:] - INFO  [QuorumPeer[myid=3](plain=0.0.0.0:2181)(secure=disabled):o.a.z.s.q.Learner@780] - Sent NEWLEADER ack to leader with zxid 100000000
2024-04-05 22:12:30 2024-04-05 19:12:30,140 [myid:] - WARN  [QuorumPeer[myid=3](plain=0.0.0.0:2181)(secure=disabled):o.a.z.s.q.Follower@128] - Exception when following the leader
2024-04-05 22:12:30 java.lang.NullPointerException: Cannot read field "hdr" because "pif" is null
2024-04-05 22:12:30 at org.apache.zookeeper.server.quorum.Learner.syncWithLeader(Learner.java:653)
2024-04-05 22:12:30 at org.apache.zookeeper.server.quorum.Follower.followLeader(Follower.java:108)
2024-04-05 22:12:30 at org.apache.zookeeper.server.quorum.QuorumPeer.run(QuorumPeer.java:1556)
2024-04-05 22:12:30 2024-04-05 19:12:30,141 [myid:] - INFO  [QuorumPeer[myid=3](plain=0.0.0.0:2181)(secure=disabled):o.a.z.s.q.Follower@142] - Disconnected from leader (with address: zoo2/172.19.0.4:2888). Was connected for 318ms. Sync state: false
2024-04-05 22:12:30 2024-04-05 19:12:30,142 [myid:] - INFO  [QuorumPeer[myid=3](plain=0.0.0.0:2181)(secure=disabled):o.a.z.s.q.Follower@286] - shutdown Follower
2024-04-05 22:12:30 2024-04-05 19:12:30,142 [myid:] - INFO  [QuorumPeer[myid=3](plain=0.0.0.0:2181)(secure=disabled):o.a.z.s.q.QuorumPeer@920] - Peer state changed: looking
2024-04-05 22:12:30 2024-04-05 19:12:30,142 [myid:] - WARN  [QuorumPeer[myid=3](plain=0.0.0.0:2181)(secure=disabled):o.a.z.s.q.QuorumPeer@1602] - PeerState set to LOOKING
2024-04-05 22:12:30 2024-04-05 19:12:30,142 [myid:] - INFO  [QuorumPeer[myid=3](plain=0.0.0.0:2181)(secure=disabled):o.a.z.s.q.QuorumPeer@1471] - LOOKING
2024-04-05 22:12:30 2024-04-05 19:12:30,143 [myid:] - INFO  [QuorumPeer[myid=3](plain=0.0.0.0:2181)(secure=disabled):o.a.z.s.q.FastLeaderElection@947] - New election. My id = 3, proposed zxid=0x1000000dc
2024-04-05 22:12:30 2024-04-05 19:12:30,158 [myid:] - INFO  [WorkerReceiver[myid=3]:o.a.z.s.q.FastLeaderElection$Messenger$WorkerReceiver@391] - Notification: my state:LOOKING; n.sid:3, n.state:LOOKING, n.leader:3, n.round:0x2, n.peerEpoch:0x1, n.zxid:0x1000000dc, message format version:0x2, n.config version:0x0
2024-04-05 22:12:30 2024-04-05 19:12:30,162 [myid:] - INFO  [WorkerReceiver[myid=3]:o.a.z.s.q.FastLeaderElection$Messenger$WorkerReceiver@391] - Notification: my state:LOOKING; n.sid:1, n.state:FOLLOWING, n.leader:2, n.round:0x1, n.peerEpoch:0x1, n.zxid:0x0, message format version:0x2, n.config version:0x0
2024-04-05 22:12:30 2024-04-05 19:12:30,175 [myid:] - INFO  [WorkerReceiver[myid=3]:o.a.z.s.q.FastLeaderElection$Messenger$WorkerReceiver@391] - Notification: my state:LOOKING; n.sid:2, n.state:LEADING, n.leader:2, n.round:0x1, n.peerEpoch:0x1, n.zxid:0x0, message format version:0x2, n.config version:0x0
2024-04-05 22:12:30 2024-04-05 19:12:30,175 [myid:] - INFO  [QuorumPeer[myid=3](plain=0.0.0.0:2181)(secure=disabled):o.a.z.s.q.QuorumPeer@906] - Peer state changed: following
2024-04-05 22:12:30 2024-04-05 19:12:30,176 [myid:] - INFO  [QuorumPeer[myid=3](plain=0.0.0.0:2181)(secure=disabled):o.a.z.s.q.QuorumPeer@1554] - FOLLOWING
2024-04-05 22:12:30 2024-04-05 19:12:30,177 [myid:] - INFO  [QuorumPeer[myid=3](plain=0.0.0.0:2181)(secure=disabled):o.a.z.s.AuthenticationHelper@66] - zookeeper.enforce.auth.enabled = false
2024-04-05 22:12:30 2024-04-05 19:12:30,177 [myid:] - INFO  [QuorumPeer[myid=3](plain=0.0.0.0:2181)(secure=disabled):o.a.z.s.AuthenticationHelper@67] - zookeeper.enforce.auth.schemes = []
2024-04-05 22:12:30 2024-04-05 19:12:30,178 [myid:] - INFO  [QuorumPeer[myid=3](plain=0.0.0.0:2181)(secure=disabled):o.a.z.s.ZooKeeperServer@1406] - minSessionTimeout set to 4000 ms
2024-04-05 22:12:30 2024-04-05 19:12:30,180 [myid:] - INFO  [QuorumPeer[myid=3](plain=0.0.0.0:2181)(secure=disabled):o.a.z.s.ZooKeeperServer@1415] - maxSessionTimeout set to 40000 ms
2024-04-05 22:12:30 2024-04-05 19:12:30,180 [myid:] - INFO  [QuorumPeer[myid=3](plain=0.0.0.0:2181)(secure=disabled):o.a.z.s.ResponseCache@45] - getData response cache size is initialized with value 400.
2024-04-05 22:12:30 2024-04-05 19:12:30,181 [myid:] - INFO  [QuorumPeer[myid=3](plain=0.0.0.0:2181)(secure=disabled):o.a.z.s.ResponseCache@45] - getChildren response cache size is initialized with value 400.
2024-04-05 22:12:30 2024-04-05 19:12:30,181 [myid:] - INFO  [QuorumPeer[myid=3](plain=0.0.0.0:2181)(secure=disabled):o.a.z.s.u.RequestPathMetricsCollector@109] - zookeeper.pathStats.slotCapacity = 60
2024-04-05 22:12:30 2024-04-05 19:12:30,182 [myid:] - INFO  [QuorumPeer[myid=3](plain=0.0.0.0:2181)(secure=disabled):o.a.z.s.u.RequestPathMetricsCollector@110] - zookeeper.pathStats.slotDuration = 15
2024-04-05 22:12:30 2024-04-05 19:12:30,182 [myid:] - INFO  [QuorumPeer[myid=3](plain=0.0.0.0:2181)(secure=disabled):o.a.z.s.u.RequestPathMetricsCollector@111] - zookeeper.pathStats.maxDepth = 6
2024-04-05 22:12:30 2024-04-05 19:12:30,182 [myid:] - INFO  [QuorumPeer[myid=3](plain=0.0.0.0:2181)(secure=disabled):o.a.z.s.u.RequestPathMetricsCollector@112] - zookeeper.pathStats.initialDelay = 5
2024-04-05 22:12:30 2024-04-05 19:12:30,182 [myid:] - INFO  [QuorumPeer[myid=3](plain=0.0.0.0:2181)(secure=disabled):o.a.z.s.u.RequestPathMetricsCollector@113] - zookeeper.pathStats.delay = 5
2024-04-05 22:12:30 2024-04-05 19:12:30,182 [myid:] - INFO  [QuorumPeer[myid=3](plain=0.0.0.0:2181)(secure=disabled):o.a.z.s.u.RequestPathMetricsCollector@114] - zookeeper.pathStats.enabled = false
2024-04-05 22:12:30 2024-04-05 19:12:30,183 [myid:] - INFO  [QuorumPeer[myid=3](plain=0.0.0.0:2181)(secure=disabled):o.a.z.s.ZooKeeperServer@1633] - The max bytes for all large requests are set to 104857600
2024-04-05 22:12:30 2024-04-05 19:12:30,184 [myid:] - INFO  [QuorumPeer[myid=3](plain=0.0.0.0:2181)(secure=disabled):o.a.z.s.ZooKeeperServer@1647] - The large request threshold is set to -1
2024-04-05 22:12:30 2024-04-05 19:12:30,185 [myid:] - INFO  [QuorumPeer[myid=3](plain=0.0.0.0:2181)(secure=disabled):o.a.z.s.ZooKeeperServer@385] - Created server with tickTime 2000 ms minSessionTimeout 4000 ms maxSessionTimeout 40000 ms clientPortListenBacklog -1 dataLogdir /datalog/version-2 snapdir /data/version-2
2024-04-05 22:12:30 2024-04-05 19:12:30,185 [myid:] - INFO  [QuorumPeer[myid=3](plain=0.0.0.0:2181)(secure=disabled):o.a.z.s.q.Follower@77] - FOLLOWING - LEADER ELECTION TOOK - 42 MS
2024-04-05 22:12:30 2024-04-05 19:12:30,190 [myid:] - INFO  [QuorumPeer[myid=3](plain=0.0.0.0:2181)(secure=disabled):o.a.z.s.q.QuorumPeer@920] - Peer state changed: following - discovery
2024-04-05 22:12:30 2024-04-05 19:12:30,192 [myid:] - INFO  [LeaderConnector-zoo2/172.19.0.4:2888:o.a.z.s.q.Learner$LeaderConnector@380] - Successfully connected to leader, using address: zoo2/172.19.0.4:2888
2024-04-05 22:12:30 2024-04-05 19:12:30,216 [myid:] - INFO  [QuorumPeer[myid=3](plain=0.0.0.0:2181)(secure=disabled):o.a.z.s.q.QuorumPeer@920] - Peer state changed: following - synchronization
2024-04-05 22:12:30 2024-04-05 19:12:30,232 [myid:] - INFO  [QuorumPeer[myid=3](plain=0.0.0.0:2181)(secure=disabled):o.a.z.s.q.Learner@563] - Getting a diff from the leader 0x1000000de
2024-04-05 22:12:30 2024-04-05 19:12:30,232 [myid:] - INFO  [QuorumPeer[myid=3](plain=0.0.0.0:2181)(secure=disabled):o.a.z.s.q.QuorumPeer@925] - Peer state changed: following - synchronization - diff
2024-04-05 22:12:30 2024-04-05 19:12:30,235 [myid:] - WARN  [QuorumPeer[myid=3](plain=0.0.0.0:2181)(secure=disabled):o.a.z.s.q.Learner@635] - Got zxid 0x1000000dd expected 0x1
2024-04-05 22:12:30 2024-04-05 19:12:30,236 [myid:] - INFO  [QuorumPeer[myid=3](plain=0.0.0.0:2181)(secure=disabled):o.a.z.s.q.Learner@735] - Learner received NEWLEADER message
2024-04-05 22:12:30 2024-04-05 19:12:30,237 [myid:] - INFO  [QuorumPeer[myid=3](plain=0.0.0.0:2181)(secure=disabled):o.a.z.s.q.QuorumPeer@1909] - Dynamic reconfig is disabled, we don't store the last seen config.
2024-04-05 22:12:30 2024-04-05 19:12:30,237 [myid:] - INFO  [QuorumPeer[myid=3](plain=0.0.0.0:2181)(secure=disabled):o.a.z.s.q.QuorumPeer@925] - Peer state changed: following - synchronization
2024-04-05 22:12:30 2024-04-05 19:12:30,238 [myid:] - INFO  [QuorumPeer[myid=3](plain=0.0.0.0:2181)(secure=disabled):o.a.z.s.q.CommitProcessor@490] - Configuring CommitProcessor with readBatchSize -1 commitBatchSize 1
2024-04-05 22:12:30 2024-04-05 19:12:30,238 [myid:] - INFO  [QuorumPeer[myid=3](plain=0.0.0.0:2181)(secure=disabled):o.a.z.s.q.CommitProcessor@451] - Configuring CommitProcessor with 4 worker threads.
2024-04-05 22:12:30 2024-04-05 19:12:30,239 [myid:] - INFO  [QuorumPeer[myid=3](plain=0.0.0.0:2181)(secure=disabled):o.a.z.s.q.FollowerRequestProcessor@59] - Initialized FollowerRequestProcessor with zookeeper.follower.skipLearnerRequestToNextProcessor as false
2024-04-05 22:12:30 2024-04-05 19:12:30,242 [myid:] - WARN  [QuorumPeer[myid=3](plain=0.0.0.0:2181)(secure=disabled):o.a.z.j.MBeanRegistry@110] - Failed to register MBean InMemoryDataTree
2024-04-05 22:12:30 2024-04-05 19:12:30,242 [myid:] - WARN  [QuorumPeer[myid=3](plain=0.0.0.0:2181)(secure=disabled):o.a.z.s.q.LearnerZooKeeperServer@104] - Failed to register with JMX
2024-04-05 22:12:30 javax.management.InstanceAlreadyExistsException: org.apache.ZooKeeperService:name0=ReplicatedServer_id3,name1=replica.3,name2=Follower,name3=InMemoryDataTree
2024-04-05 22:12:30 at java.management/com.sun.jmx.mbeanserver.Repository.addMBean(Unknown Source)
2024-04-05 22:12:30 at java.management/com.sun.jmx.interceptor.DefaultMBeanServerInterceptor.registerWithRepository(Unknown Source)
2024-04-05 22:12:30 at java.management/com.sun.jmx.interceptor.DefaultMBeanServerInterceptor.registerDynamicMBean(Unknown Source)
2024-04-05 22:12:30 at java.management/com.sun.jmx.interceptor.DefaultMBeanServerInterceptor.registerObject(Unknown Source)
2024-04-05 22:12:30 at java.management/com.sun.jmx.interceptor.DefaultMBeanServerInterceptor.registerMBean(Unknown Source)
2024-04-05 22:12:30 at java.management/com.sun.jmx.mbeanserver.JmxMBeanServer.registerMBean(Unknown Source)
2024-04-05 22:12:30 at org.apache.zookeeper.jmx.MBeanRegistry.register(MBeanRegistry.java:106)
2024-04-05 22:12:30 at org.apache.zookeeper.server.quorum.LearnerZooKeeperServer.registerJMX(LearnerZooKeeperServer.java:102)
2024-04-05 22:12:30 at org.apache.zookeeper.server.ZooKeeperServer.startupWithServerState(ZooKeeperServer.java:817)
2024-04-05 22:12:30 at org.apache.zookeeper.server.ZooKeeperServer.startupWithoutServing(ZooKeeperServer.java:800)
2024-04-05 22:12:30 at org.apache.zookeeper.server.quorum.Learner.syncWithLeader(Learner.java:758)
2024-04-05 22:12:30 at org.apache.zookeeper.server.quorum.Follower.followLeader(Follower.java:108)
2024-04-05 22:12:30 at org.apache.zookeeper.server.quorum.QuorumPeer.run(QuorumPeer.java:1556)
2024-04-05 22:12:30 2024-04-05 19:12:30,250 [myid:] - WARN  [QuorumPeer[myid=3](plain=0.0.0.0:2181)(secure=disabled):o.a.z.s.p.FileTxnLog@275] - Current zxid 4294967517 is <= 4294967518 for error
2024-04-05 22:12:30 2024-04-05 19:12:30,251 [myid:] - WARN  [QuorumPeer[myid=3](plain=0.0.0.0:2181)(secure=disabled):o.a.z.s.p.FileTxnLog@275] - Current zxid 4294967518 is <= 4294967518 for error
2024-04-05 22:12:30 2024-04-05 19:12:30,261 [myid:] - INFO  [QuorumPeer[myid=3](plain=0.0.0.0:2181)(secure=disabled):o.a.z.s.q.Learner@769] - 2 txns have been persisted and it took 18ms
2024-04-05 22:12:30 2024-04-05 19:12:30,314 [myid:] - INFO  [QuorumPeer[myid=3](plain=0.0.0.0:2181)(secure=disabled):o.a.z.s.q.Learner@776] - Set the current epoch to 1
2024-04-05 22:12:30 2024-04-05 19:12:30,315 [myid:] - INFO  [QuorumPeer[myid=3](plain=0.0.0.0:2181)(secure=disabled):o.a.z.s.q.Learner@780] - Sent NEWLEADER ack to leader with zxid 100000000
2024-04-05 22:12:30 2024-04-05 19:12:30,316 [myid:] - INFO  [QuorumPeer[myid=3](plain=0.0.0.0:2181)(secure=disabled):o.a.z.s.q.Learner@719] - Learner received UPTODATE message
2024-04-05 22:12:30 2024-04-05 19:12:30,317 [myid:] - INFO  [QuorumPeer[myid=3](plain=0.0.0.0:2181)(secure=disabled):o.a.z.s.q.Learner@812] - 0 txns have been logged asynchronously
2024-04-05 22:12:30 2024-04-05 19:12:30,317 [myid:] - INFO  [QuorumPeer[myid=3](plain=0.0.0.0:2181)(secure=disabled):o.a.z.s.q.Learner@817] - 2 txns have been committed
2024-04-05 22:12:30 2024-04-05 19:12:30,317 [myid:] - INFO  [QuorumPeer[myid=3](plain=0.0.0.0:2181)(secure=disabled):o.a.z.s.q.QuorumPeer@920] - Peer state changed: following - broadcast
2024-04-05 22:12:30 2024-04-05 19:12:30,679 [myid:] - WARN  [QuorumPeer[myid=3](plain=0.0.0.0:2181)(secure=disabled):o.a.z.s.q.Follower@169] - Got zxid 0x1000000df expected 0x1
2024-04-05 22:12:44 2024-04-05 19:12:44,109 [myid:] - WARN  [SyncThread:3:o.a.z.s.p.FileTxnLog@412] - fsync-ing the write ahead log in SyncThread:3 took 1100ms which will adversely effect operation latency.File size is 67108880 bytes. See the ZooKeeper troubleshooting guide


   #docker compose up
Microsoft Windows [Version 10.0.19045.3803]
(c) Microsoft Corporation. All rights reserved.

C:\Users\KELVIN KIMUTAI> cd /path/to/your/project/directory
The system cannot find the path specified.

C:\Users\KELVIN KIMUTAI>
C:\Users\KELVIN KIMUTAI> find . -name docker-compose.yml
FIND: Parameter format not correct

C:\Users\KELVIN KIMUTAI> docker-compose up
yaml: line 2: mapping values are not allowed in this context

C:\Users\KELVIN KIMUTAI>  docker-compose up
[+] Running 4/4
  Network kelvinkimutai_default   Created                                                                         0.2s
  Container kelvinkimutai-zoo2-1  Created                                                                         1.2s
  Container kelvinkimutai-zoo3-1  Created                                                                         1.2s
  Container kelvinkimutai-zoo1-1  Created                                                                         1.2s
Attaching to zoo1-1, zoo2-1, zoo3-1
zoo1-1  | ZooKeeper JMX enabled by default
zoo1-1  | Using config: /conf/zoo.cfg
zoo2-1  | ZooKeeper JMX enabled by default
zoo2-1  | Using config: /conf/zoo.cfg
zoo3-1  | ZooKeeper JMX enabled by default
zoo3-1  | Using config: /conf/zoo.cfg
zoo1-1  | 2024-04-05 19:06:43,424 [myid:] - INFO  [main:o.a.z.s.q.QuorumPeerConfig@177] - Reading configuration from: /conf/zoo.cfg
zoo1-1  | 2024-04-05 19:06:43,444 [myid:] - INFO  [main:o.a.z.s.q.QuorumPeerConfig@431] - clientPort is not set
zoo1-1  | 2024-04-05 19:06:43,445 [myid:] - INFO  [main:o.a.z.s.q.QuorumPeerConfig@444] - secureClientPort is not set
zoo1-1  | 2024-04-05 19:06:43,445 [myid:] - INFO  [main:o.a.z.s.q.QuorumPeerConfig@460] - observerMasterPort is not set
zoo1-1  | 2024-04-05 19:06:43,456 [myid:] - INFO  [main:o.a.z.s.q.QuorumPeerConfig@477] - metricsProvider.className is org.apache.zookeeper.metrics.impl.DefaultMetricsProvider
zoo1-1  | 2024-04-05 19:06:43,521 [myid:1] - INFO  [main:o.a.z.s.DatadirCleanupManager@78] - autopurge.snapRetainCount set to 3
zoo1-1  | 2024-04-05 19:06:43,522 [myid:1] - INFO  [main:o.a.z.s.DatadirCleanupManager@79] - autopurge.purgeInterval set to 0
zoo1-1  | 2024-04-05 19:06:43,523 [myid:1] - INFO  [main:o.a.z.s.DatadirCleanupManager@101] - Purge task is not scheduled.
zoo2-1  | 2024-04-05 19:06:44,731 [myid:] - INFO  [main:o.a.z.s.q.QuorumPeerConfig@177] - Reading configuration from: /conf/zoo.cfg
zoo1-1  | 2024-04-05 19:06:43,537 [myid:1] - INFO  [main:o.a.z.j.ManagedUtil@46] - Log4j 1.2 jmx support not found; jmx disabled.
zoo2-1  | 2024-04-05 19:06:44,779 [myid:] - INFO  [main:o.a.z.s.q.QuorumPeerConfig@431] - clientPort is not set
zoo1-1  | 2024-04-05 19:06:43,538 [myid:1] - INFO  [main:o.a.z.s.q.QuorumPeerMain@152] - Starting quorum peer, myid=1
zoo2-1  | 2024-04-05 19:06:44,794 [myid:] - INFO  [main:o.a.z.s.q.QuorumPeerConfig@444] - secureClientPort is not set
zoo1-1  | 2024-04-05 19:06:43,800 [myid:1] - INFO  [main:o.a.z.s.ServerMetrics@64] - ServerMetrics initialized with provider org.apache.zookeeper.metrics.impl.DefaultMetricsProvider@57a3af25
zoo2-1  | 2024-04-05 19:06:44,794 [myid:] - INFO  [main:o.a.z.s.q.QuorumPeerConfig@460] - observerMasterPort is not set
zoo1-1  | 2024-04-05 19:06:43,865 [myid:1] - INFO  [main:o.a.z.s.a.DigestAuthenticationProvider@51] - ACL digest algorithm is: SHA1
zoo2-1  | 2024-04-05 19:06:44,795 [myid:] - INFO  [main:o.a.z.s.q.QuorumPeerConfig@477] - metricsProvider.className is org.apache.zookeeper.metrics.impl.DefaultMetricsProvider
zoo1-1  | 2024-04-05 19:06:43,868 [myid:1] - INFO  [main:o.a.z.s.a.DigestAuthenticationProvider@65] - zookeeper.DigestAuthenticationProvider.enabled = true
zoo2-1  | 2024-04-05 19:06:44,924 [myid:2] - INFO  [main:o.a.z.s.DatadirCleanupManager@78] - autopurge.snapRetainCount set to 3
zoo1-1  | 2024-04-05 19:06:43,944 [myid:1] - INFO  [main:o.a.z.s.ServerCnxnFactory@169] - Using org.apache.zookeeper.server.NIOServerCnxnFactory as server connection factory
zoo2-1  | 2024-04-05 19:06:44,925 [myid:2] - INFO  [main:o.a.z.s.DatadirCleanupManager@79] - autopurge.purgeInterval set to 0
zoo1-1  | 2024-04-05 19:06:43,978 [myid:1] - WARN  [main:o.a.z.s.ServerCnxnFactory@309] - maxCnxns is not configured, using default value 0.
zoo2-1  | 2024-04-05 19:06:44,926 [myid:2] - INFO  [main:o.a.z.s.DatadirCleanupManager@101] - Purge task is not scheduled.
zoo1-1  | 2024-04-05 19:06:44,009 [myid:1] - INFO  [main:o.a.z.s.NIOServerCnxnFactory@652] - Configuring NIO connection handler with 10s sessionless connection timeout, 1 selector thread(s), 8 worker threads, and 64 kB direct buffers.
zoo2-1  | 2024-04-05 19:06:44,928 [myid:2] - INFO  [main:o.a.z.j.ManagedUtil@46] - Log4j 1.2 jmx support not found; jmx disabled.
zoo1-1  | 2024-04-05 19:06:44,069 [myid:1] - INFO  [main:o.a.z.s.NIOServerCnxnFactory@660] - binding to port /0.0.0.0:2181
zoo2-1  | 2024-04-05 19:06:44,929 [myid:2] - INFO  [main:o.a.z.s.q.QuorumPeerMain@152] - Starting quorum peer, myid=2
zoo1-1  | 2024-04-05 19:06:44,115 [myid:1] - INFO  [main:o.a.z.s.q.QuorumPeer@801] - zookeeper.quorumCnxnTimeoutMs=-1
zoo2-1  | 2024-04-05 19:06:45,154 [myid:2] - INFO  [main:o.a.z.s.ServerMetrics@64] - ServerMetrics initialized with provider org.apache.zookeeper.metrics.impl.DefaultMetricsProvider@57a3af25
zoo1-1  | 2024-04-05 19:06:44,307 [myid:1] - INFO  [main:o.e.j.u.l.Log@170] - Logging initialized @5270ms to org.eclipse.jetty.util.log.Slf4jLog
zoo2-1  | 2024-04-05 19:06:45,203 [myid:2] - INFO  [main:o.a.z.s.a.DigestAuthenticationProvider@51] - ACL digest algorithm is: SHA1
zoo1-1  | 2024-04-05 19:06:45,047 [myid:1] - WARN  [main:o.e.j.s.h.ContextHandler@1662] - o.e.j.s.ServletContextHandler@d5b810e{/,null,STOPPED} contextPath ends with /*
zoo2-1  | 2024-04-05 19:06:45,203 [myid:2] - INFO  [main:o.a.z.s.a.DigestAuthenticationProvider@65] - zookeeper.DigestAuthenticationProvider.enabled = true
zoo1-1  | 2024-04-05 19:06:45,060 [myid:1] - WARN  [main:o.e.j.s.h.ContextHandler@1673] - Empty contextPath
zoo2-1  | 2024-04-05 19:06:45,312 [myid:2] - INFO  [main:o.a.z.s.ServerCnxnFactory@169] - Using org.apache.zookeeper.server.NIOServerCnxnFactory as server connection factory
zoo1-1  | 2024-04-05 19:06:45,317 [myid:1] - INFO  [main:o.a.z.c.X509Util@88] - Setting -D jdk.tls.rejectClientInitiatedRenegotiation=true to disable client-initiated TLS renegotiation
zoo2-1  | 2024-04-05 19:06:45,314 [myid:2] - WARN  [main:o.a.z.s.ServerCnxnFactory@309] - maxCnxns is not configured, using default value 0.
zoo2-1  | 2024-04-05 19:06:45,328 [myid:2] - INFO  [main:o.a.z.s.NIOServerCnxnFactory@652] - Configuring NIO connection handler with 10s sessionless connection timeout, 1 selector thread(s), 8 worker threads, and 64 kB direct buffers.
zoo2-1  | 2024-04-05 19:06:45,361 [myid:2] - INFO  [main:o.a.z.s.NIOServerCnxnFactory@660] - binding to port /0.0.0.0:2181
zoo3-1  | 2024-04-05 19:06:47,415 [myid:] - INFO  [main:o.a.z.s.q.QuorumPeerConfig@177] - Reading configuration from: /conf/zoo.cfg
zoo1-1  | 2024-04-05 19:06:47,772 [myid:1] - INFO  [main:o.a.z.c.X509Util@110] - Default TLS protocol is TLSv1.3, supported TLS protocols are [TLSv1.3, TLSv1.2, TLSv1.1, TLSv1, SSLv3, SSLv2Hello]
zoo2-1  | 2024-04-05 19:06:45,410 [myid:2] - INFO  [main:o.a.z.s.q.QuorumPeer@801] - zookeeper.quorumCnxnTimeoutMs=-1
zoo3-1  | 2024-04-05 19:06:47,458 [myid:] - INFO  [main:o.a.z.s.q.QuorumPeerConfig@431] - clientPort is not set
zoo1-1  | 2024-04-05 19:06:47,805 [myid:1] - INFO  [main:o.a.z.s.p.FileTxnSnapLog@124] - zookeeper.snapshot.trust.empty : false
zoo2-1  | 2024-04-05 19:06:45,633 [myid:2] - INFO  [main:o.e.j.u.l.Log@170] - Logging initialized @5709ms to org.eclipse.jetty.util.log.Slf4jLog
zoo3-1  | 2024-04-05 19:06:47,463 [myid:] - INFO  [main:o.a.z.s.q.QuorumPeerConfig@444] - secureClientPort is not set
zoo1-1  | 2024-04-05 19:06:47,823 [myid:1] - INFO  [main:o.a.z.s.q.QuorumPeer@1781] - Local sessions disabled
zoo2-1  | 2024-04-05 19:06:46,493 [myid:2] - WARN  [main:o.e.j.s.h.ContextHandler@1662] - o.e.j.s.ServletContextHandler@d5b810e{/,null,STOPPED} contextPath ends with /*
zoo3-1  | 2024-04-05 19:06:47,463 [myid:] - INFO  [main:o.a.z.s.q.QuorumPeerConfig@460] - observerMasterPort is not set
zoo1-1  | 2024-04-05 19:06:47,824 [myid:1] - INFO  [main:o.a.z.s.q.QuorumPeer@1792] - Local session upgrading disabled
zoo2-1  | 2024-04-05 19:06:46,555 [myid:2] - WARN  [main:o.e.j.s.h.ContextHandler@1673] - Empty contextPath
zoo3-1  | 2024-04-05 19:06:47,463 [myid:] - INFO  [main:o.a.z.s.q.QuorumPeerConfig@477] - metricsProvider.className is org.apache.zookeeper.metrics.impl.DefaultMetricsProvider
zoo1-1  | 2024-04-05 19:06:47,835 [myid:1] - INFO  [main:o.a.z.s.q.QuorumPeer@1759] - tickTime set to 2000
zoo2-1  | 2024-04-05 19:06:46,819 [myid:2] - INFO  [main:o.a.z.c.X509Util@88] - Setting -D jdk.tls.rejectClientInitiatedRenegotiation=true to disable client-initiated TLS renegotiation
zoo3-1  | 2024-04-05 19:06:47,574 [myid:3] - INFO  [main:o.a.z.s.DatadirCleanupManager@78] - autopurge.snapRetainCount set to 3
zoo1-1  | 2024-04-05 19:06:47,836 [myid:1] - INFO  [main:o.a.z.s.q.QuorumPeer@1803] - minSessionTimeout set to 4000
zoo2-1  | 2024-04-05 19:06:49,450 [myid:2] - INFO  [main:o.a.z.c.X509Util@110] - Default TLS protocol is TLSv1.3, supported TLS protocols are [TLSv1.3, TLSv1.2, TLSv1.1, TLSv1, SSLv3, SSLv2Hello]
zoo3-1  | 2024-04-05 19:06:47,575 [myid:3] - INFO  [main:o.a.z.s.DatadirCleanupManager@79] - autopurge.purgeInterval set to 0
zoo1-1  | 2024-04-05 19:06:47,836 [myid:1] - INFO  [main:o.a.z.s.q.QuorumPeer@1814] - maxSessionTimeout set to 40000
zoo2-1  | 2024-04-05 19:06:49,477 [myid:2] - INFO  [main:o.a.z.s.p.FileTxnSnapLog@124] - zookeeper.snapshot.trust.empty : false
zoo3-1  | 2024-04-05 19:06:47,575 [myid:3] - INFO  [main:o.a.z.s.DatadirCleanupManager@101] - Purge task is not scheduled.
zoo1-1  | 2024-04-05 19:06:47,836 [myid:1] - INFO  [main:o.a.z.s.q.QuorumPeer@1839] - initLimit set to 5
zoo2-1  | 2024-04-05 19:06:49,506 [myid:2] - INFO  [main:o.a.z.s.q.QuorumPeer@1781] - Local sessions disabled
zoo3-1  | 2024-04-05 19:06:47,601 [myid:3] - INFO  [main:o.a.z.j.ManagedUtil@46] - Log4j 1.2 jmx support not found; jmx disabled.
zoo1-1  | 2024-04-05 19:06:47,837 [myid:1] - INFO  [main:o.a.z.s.q.QuorumPeer@2026] - syncLimit set to 2
zoo2-1  | 2024-04-05 19:06:49,506 [myid:2] - INFO  [main:o.a.z.s.q.QuorumPeer@1792] - Local session upgrading disabled
zoo3-1  | 2024-04-05 19:06:47,601 [myid:3] - INFO  [main:o.a.z.s.q.QuorumPeerMain@152] - Starting quorum peer, myid=3
zoo1-1  | 2024-04-05 19:06:47,837 [myid:1] - INFO  [main:o.a.z.s.q.QuorumPeer@2041] - connectToLearnerMasterLimit set to 0
zoo2-1  | 2024-04-05 19:06:49,506 [myid:2] - INFO  [main:o.a.z.s.q.QuorumPeer@1759] - tickTime set to 2000
zoo3-1  | 2024-04-05 19:06:49,402 [myid:3] - INFO  [main:o.a.z.s.ServerMetrics@64] - ServerMetrics initialized with provider org.apache.zookeeper.metrics.impl.DefaultMetricsProvider@57a3af25
zoo1-1  | 2024-04-05 19:06:47,887 [myid:1] - INFO  [main:o.a.z.ZookeeperBanner@42] -
zoo2-1  | 2024-04-05 19:06:49,507 [myid:2] - INFO  [main:o.a.z.s.q.QuorumPeer@1803] - minSessionTimeout set to 4000
zoo3-1  | 2024-04-05 19:06:49,446 [myid:3] - INFO  [main:o.a.z.s.a.DigestAuthenticationProvider@51] - ACL digest algorithm is: SHA1
zoo1-1  | 2024-04-05 19:06:47,899 [myid:1] - INFO  [main:o.a.z.ZookeeperBanner@42] -   ______                  _        
zoo2-1  | 2024-04-05 19:06:49,507 [myid:2] - INFO  [main:o.a.z.s.q.QuorumPeer@1814] - maxSessionTimeout set to 40000
zoo3-1  | 2024-04-05 19:06:49,458 [myid:3] - INFO  [main:o.a.z.s.a.DigestAuthenticationProvider@65] - zookeeper.DigestAuthenticationProvider.enabled = true
zoo1-1  | 2024-04-05 19:06:47,900 [myid:1] - INFO  [main:o.a.z.ZookeeperBanner@42] -  |___  /                 | |       
zoo2-1  | 2024-04-05 19:06:49,507 [myid:2] - INFO  [main:o.a.z.s.q.QuorumPeer@1839] - initLimit set to 5
zoo3-1  | 2024-04-05 19:06:49,647 [myid:3] - INFO  [main:o.a.z.s.ServerCnxnFactory@169] - Using org.apache.zookeeper.server.NIOServerCnxnFactory as server connection factory
zoo1-1  | 2024-04-05 19:06:47,900 [myid:1] - INFO  [main:o.a.z.ZookeeperBanner@42] -     / /    ___     ___   | | __   ___    ___   _ __     ___   _ __
zoo2-1  | 2024-04-05 19:06:49,507 [myid:2] - INFO  [main:o.a.z.s.q.QuorumPeer@2026] - syncLimit set to 2
zoo3-1  | 2024-04-05 19:06:49,648 [myid:3] - WARN  [main:o.a.z.s.ServerCnxnFactory@309] - maxCnxns is not configured, using default value 0.
zoo1-1  | 2024-04-05 19:06:47,900 [myid:1] - INFO  [main:o.a.z.ZookeeperBanner@42] -    / /    / _ \   / _ \  | |/ /  / _ \  / _ \ | '_ \   / _ \ | '__|
zoo2-1  | 2024-04-05 19:06:49,508 [myid:2] - INFO  [main:o.a.z.s.q.QuorumPeer@2041] - connectToLearnerMasterLimit set to 0
zoo3-1  | 2024-04-05 19:06:49,663 [myid:3] - INFO  [main:o.a.z.s.NIOServerCnxnFactory@652] - Configuring NIO connection handler with 10s sessionless connection timeout, 1 selector thread(s), 8 worker threads, and 64 kB direct buffers.
zoo1-1  | 2024-04-05 19:06:47,901 [myid:1] - INFO  [main:o.a.z.ZookeeperBanner@42] -   / /__  | (_) | | (_) | |   <  |  __/ |  __/ | |_) | |  __/ | |
zoo2-1  | 2024-04-05 19:06:49,569 [myid:2] - INFO  [main:o.a.z.ZookeeperBanner@42] -
zoo3-1  | 2024-04-05 19:06:49,711 [myid:3] - INFO  [main:o.a.z.s.NIOServerCnxnFactory@660] - binding to port /0.0.0.0:2181
zoo1-1  | 2024-04-05 19:06:47,904 [myid:1] - INFO  [main:o.a.z.ZookeeperBanner@42] -  /_____|  \___/   \___/  |_|\_\  \___|  \___| | .__/   \___| |_|
zoo2-1  | 2024-04-05 19:06:49,570 [myid:2] - INFO  [main:o.a.z.ZookeeperBanner@42] -   ______                  _        
zoo3-1  | 2024-04-05 19:06:49,795 [myid:3] - INFO  [main:o.a.z.s.q.QuorumPeer@801] - zookeeper.quorumCnxnTimeoutMs=-1
zoo1-1  | 2024-04-05 19:06:47,915 [myid:1] - INFO  [main:o.a.z.ZookeeperBanner@42] -                                               | |
zoo2-1  | 2024-04-05 19:06:49,570 [myid:2] - INFO  [main:o.a.z.ZookeeperBanner@42] -  |___  /                 | |       
zoo3-1  | 2024-04-05 19:06:49,913 [myid:3] - INFO  [main:o.e.j.u.l.Log@170] - Logging initialized @9071ms to org.eclipse.jetty.util.log.Slf4jLog
zoo1-1  | 2024-04-05 19:06:47,916 [myid:1] - INFO  [main:o.a.z.ZookeeperBanner@42] -                                               |_|
zoo2-1  | 2024-04-05 19:06:49,570 [myid:2] - INFO  [main:o.a.z.ZookeeperBanner@42] -     / /    ___     ___   | | __   ___    ___   _ __     ___   _ __
zoo3-1  | 2024-04-05 19:06:50,390 [myid:3] - WARN  [main:o.e.j.s.h.ContextHandler@1662] - o.e.j.s.ServletContextHandler@d5b810e{/,null,STOPPED} contextPath ends with /*
zoo1-1  | 2024-04-05 19:06:47,917 [myid:1] - INFO  [main:o.a.z.ZookeeperBanner@42] -
zoo2-1  | 2024-04-05 19:06:49,571 [myid:2] - INFO  [main:o.a.z.ZookeeperBanner@42] -    / /    / _ \   / _ \  | |/ /  / _ \  / _ \ | '_ \   / _ \ | '__|
zoo3-1  | 2024-04-05 19:06:50,390 [myid:3] - WARN  [main:o.e.j.s.h.ContextHandler@1673] - Empty contextPath
zoo1-1  | 2024-04-05 19:06:47,931 [myid:1] - INFO  [main:o.a.z.Environment@98] - Server environment:zookeeper.version=3.9.2-e454e8c7283100c7caec6dcae2bc82aaecb63023, built on 2024-02-12 20:59 UTC
zoo2-1  | 2024-04-05 19:06:49,572 [myid:2] - INFO  [main:o.a.z.ZookeeperBanner@42] -   / /__  | (_) | | (_) | |   <  |  __/ |  __/ | |_) | |  __/ | |
zoo3-1  | 2024-04-05 19:06:50,694 [myid:3] - INFO  [main:o.a.z.c.X509Util@88] - Setting -D jdk.tls.rejectClientInitiatedRenegotiation=true to disable client-initiated TLS renegotiation
zoo1-1  | 2024-04-05 19:06:47,947 [myid:1] - INFO  [main:o.a.z.Environment@98] - Server environment:host.name=zoo1
zoo2-1  | 2024-04-05 19:06:49,573 [myid:2] - INFO  [main:o.a.z.ZookeeperBanner@42] -  /_____|  \___/   \___/  |_|\_\  \___|  \___| | .__/   \___| |_|
zoo3-1  | 2024-04-05 19:06:52,363 [myid:3] - INFO  [main:o.a.z.c.X509Util@110] - Default TLS protocol is TLSv1.3, supported TLS protocols are [TLSv1.3, TLSv1.2, TLSv1.1, TLSv1, SSLv3, SSLv2Hello]
zoo1-1  | 2024-04-05 19:06:47,948 [myid:1] - INFO  [main:o.a.z.Environment@98] - Server environment:java.version=17.0.10
zoo2-1  | 2024-04-05 19:06:49,573 [myid:2] - INFO  [main:o.a.z.ZookeeperBanner@42] -                                               | |
zoo3-1  | 2024-04-05 19:06:52,395 [myid:3] - INFO  [main:o.a.z.s.p.FileTxnSnapLog@124] - zookeeper.snapshot.trust.empty : false
zoo1-1  | 2024-04-05 19:06:47,948 [myid:1] - INFO  [main:o.a.z.Environment@98] - Server environment:java.vendor=Eclipse Adoptium
zoo2-1  | 2024-04-05 19:06:49,574 [myid:2] - INFO  [main:o.a.z.ZookeeperBanner@42] -                                               |_|
zoo3-1  | 2024-04-05 19:06:52,414 [myid:3] - INFO  [main:o.a.z.s.q.QuorumPeer@1781] - Local sessions disabled
zoo1-1  | 2024-04-05 19:06:47,949 [myid:1] - INFO  [main:o.a.z.Environment@98] - Server environment:java.home=/opt/java/openjdk
zoo2-1  | 2024-04-05 19:06:49,585 [myid:2] - INFO  [main:o.a.z.ZookeeperBanner@42] -
zoo3-1  | 2024-04-05 19:06:52,414 [myid:3] - INFO  [main:o.a.z.s.q.QuorumPeer@1792] - Local session upgrading disabled
